[
   {
      "Name": "rpool",
      "Mountpoint": "/",
      "CanMount": "off",
      "Sources": {
         "Mountpoint": "local",
         "BootFS": "none",
         "LastUsed": "none",
         "SystemDataset": "none"
      }
   },
   {
      "Name": "rpool/ROOT",
      "Mountpoint": "/ROOT",
      "CanMount": "off",
      "Sources": {
         "Mountpoint": "inherited",
         "BootFS": "none",
         "LastUsed": "none",
         "SystemDataset": "none"
      }
   }
]