{
   "All": {
      "rpool/ROOT/ubuntu_9876": {
         "IsZsys": true,
         "ID": "rpool/ROOT/ubuntu_9876",
         "LastUsed": "2033-05-18T05:33:20+02:00",
         "Datasets": {
            "bpool/BOOT/ubuntu_9876": [
               {
                  "Name": "bpool/BOOT/ubuntu_9876",
                  "Mountpoint": "/boot",
                  "CanMount": "on",
                  "LastUsed": 2000000000
               }
            ],
            "rpool/ROOT/ubuntu_9876": [
               {
                  "Name": "rpool/ROOT/ubuntu_9876",
                  "Mountpoint": "/",
                  "CanMount": "on",
                  "BootFS": true,
                  "LastUsed": 2000000000
               },
               {
                  "Name": "rpool/ROOT/ubuntu_9876/var",
                  "Mountpoint": "/var",
                  "CanMount": "on",
                  "BootFS": true,
                  "LastUsed": 2000000000
               },
               {
                  "Name": "rpool/ROOT/ubuntu_9876/var/lib",
                  "Mountpoint": "/var/lib",
                  "CanMount": "off",
                  "LastUsed": 2000000000
               },
               {
                  "Name": "rpool/ROOT/ubuntu_9876/var/lib/AccountsService",
                  "Mountpoint": "/var/lib/AccountsService",
                  "CanMount": "on",
                  "LastUsed": 2000000000
               },
               {
                  "Name": "rpool/ROOT/ubuntu_9876/var/lib/NetworkManager",
                  "Mountpoint": "/var/lib/NetworkManager",
                  "CanMount": "on",
                  "LastUsed": 2000000000
               },
               {
                  "Name": "rpool/ROOT/ubuntu_9876/var/lib/apt",
                  "Mountpoint": "/var/lib/apt",
                  "CanMount": "on",
                  "LastUsed": 2000000000
               },
               {
                  "Name": "rpool/ROOT/ubuntu_9876/var/lib/aptitude",
                  "Mountpoint": "/var/lib/aptitude",
                  "CanMount": "on",
                  "LastUsed": 2000000000
               },
               {
                  "Name": "rpool/ROOT/ubuntu_9876/var/lib/dpkg",
                  "Mountpoint": "/var/lib/dpkg",
                  "CanMount": "on",
                  "LastUsed": 2000000000
               }
            ]
         },
         "Users": {
            "root": {
               "ID": "rpool/USERDATA/root_bcde",
               "LastUsed": "2033-05-18T05:33:20+02:00",
               "Datasets": {
                  "rpool/USERDATA/root_bcde": [
                     {
                        "Name": "rpool/USERDATA/root_bcde",
                        "Mountpoint": "/root",
                        "CanMount": "on",
                        "LastUsed": 2000000000,
                        "BootfsDatasets": "rpool/ROOT/ubuntu_1234,rpool/ROOT/ubuntu_9876"
                     }
                  ]
               }
            },
            "user1": {
               "ID": "rpool/USERDATA/user1_abcd",
               "LastUsed": "2033-05-18T05:33:20+02:00",
               "Datasets": {
                  "rpool/USERDATA/user1_abcd": [
                     {
                        "Name": "rpool/USERDATA/user1_abcd",
                        "Mountpoint": "/home/user1",
                        "CanMount": "on",
                        "LastUsed": 2000000000,
                        "BootfsDatasets": "rpool/ROOT/ubuntu_1234,rpool/ROOT/ubuntu_9876"
                     }
                  ]
               }
            }
         },
         "AllUsersStates": {
            "root": {
               "rpool/USERDATA/root_bcde": {
                  "ID": "rpool/USERDATA/root_bcde",
                  "LastUsed": "2033-05-18T05:33:20+02:00",
                  "Datasets": {
                     "rpool/USERDATA/root_bcde": [
                        {
                           "Name": "rpool/USERDATA/root_bcde",
                           "Mountpoint": "/root",
                           "CanMount": "on",
                           "LastUsed": 2000000000,
                           "BootfsDatasets": "rpool/ROOT/ubuntu_1234,rpool/ROOT/ubuntu_9876"
                        }
                     ]
                  }
               },
               "rpool/USERDATA/root_bcde@snap1": {
                  "ID": "rpool/USERDATA/root_bcde@snap1",
                  "LastUsed": "2020-05-08T00:01:28+02:00",
                  "Datasets": {
                     "rpool/USERDATA/root_bcde@snap1": [
                        {
                           "Name": "rpool/USERDATA/root_bcde@snap1",
                           "IsSnapshot": true,
                           "Mountpoint": "/root",
                           "CanMount": "on",
                           "LastUsed": 1588888888
                        }
                     ]
                  }
               }
            },
            "user1": {
               "rpool/USERDATA/user1_abcd": {
                  "ID": "rpool/USERDATA/user1_abcd",
                  "LastUsed": "2033-05-18T05:33:20+02:00",
                  "Datasets": {
                     "rpool/USERDATA/user1_abcd": [
                        {
                           "Name": "rpool/USERDATA/user1_abcd",
                           "Mountpoint": "/home/user1",
                           "CanMount": "on",
                           "LastUsed": 2000000000,
                           "BootfsDatasets": "rpool/ROOT/ubuntu_1234,rpool/ROOT/ubuntu_9876"
                        }
                     ]
                  }
               },
               "rpool/USERDATA/user1_abcd@snap1": {
                  "ID": "rpool/USERDATA/user1_abcd@snap1",
                  "LastUsed": "2020-05-08T00:01:28+02:00",
                  "Datasets": {
                     "rpool/USERDATA/user1_abcd@snap1": [
                        {
                           "Name": "rpool/USERDATA/user1_abcd@snap1",
                           "IsSnapshot": true,
                           "Mountpoint": "/home/user1",
                           "CanMount": "on",
                           "LastUsed": 1588888888
                        }
                     ]
                  }
               },
               "rpool/USERDATA/user1_efgh": {
                  "ID": "rpool/USERDATA/user1_efgh",
                  "LastUsed": "2018-12-10T13:20:44+01:00",
                  "Datasets": {
                     "rpool/USERDATA/user1_efgh": [
                        {
                           "Name": "rpool/USERDATA/user1_efgh",
                           "Mountpoint": "/home/user1",
                           "CanMount": "noauto",
                           "LastUsed": 1544444444,
                           "BootfsDatasets": "rpool/ROOT/ubuntu_5678",
                           "Origin": "rpool/USERDATA/user1_abcd@snap1"
                        }
                     ]
                  }
               },
               "rpool/USERDATA/user1_efgh@snap2": {
                  "ID": "rpool/USERDATA/user1_efgh@snap2",
                  "LastUsed": "2019-12-31T08:36:17+01:00",
                  "Datasets": {
                     "rpool/USERDATA/user1_efgh@snap2": [
                        {
                           "Name": "rpool/USERDATA/user1_efgh@snap2",
                           "IsSnapshot": true,
                           "Mountpoint": "/home/user1",
                           "CanMount": "on",
                           "LastUsed": 1577777777
                        }
                     ]
                  }
               },
               "rpool/USERDATA/user1_efgh@snap3": {
                  "ID": "rpool/USERDATA/user1_efgh@snap3",
                  "LastUsed": "2018-03-28T09:30:22+02:00",
                  "Datasets": {
                     "rpool/USERDATA/user1_efgh@snap3": [
                        {
                           "Name": "rpool/USERDATA/user1_efgh@snap3",
                           "IsSnapshot": true,
                           "Mountpoint": "/home/user1",
                           "CanMount": "on",
                           "LastUsed": 1522222222
                        }
                     ]
                  }
               }
            }
         },
         "History": {
            "rpool/ROOT/ubuntu_1234": {
               "ID": "rpool/ROOT/ubuntu_1234",
               "LastUsed": "2020-09-13T14:26:39+02:00",
               "Datasets": {
                  "bpool/BOOT/ubuntu_1234": [
                     {
                        "Name": "bpool/BOOT/ubuntu_1234",
                        "Mountpoint": "/boot",
                        "CanMount": "noauto",
                        "Origin": "bpool/BOOT/ubuntu_9876@snap2"
                     }
                  ],
                  "rpool/ROOT/ubuntu_1234": [
                     {
                        "Name": "rpool/ROOT/ubuntu_1234",
                        "Mountpoint": "/",
                        "CanMount": "noauto",
                        "BootFS": true,
                        "LastUsed": 1599999999,
                        "LastBootedKernel": "vmlinuz-5.2.0-0-generic",
                        "Origin": "rpool/ROOT/ubuntu_9876@snap2"
                     },
                     {
                        "Name": "rpool/ROOT/ubuntu_1234/var",
                        "Mountpoint": "/var",
                        "CanMount": "noauto",
                        "BootFS": true,
                        "LastUsed": 1599999999,
                        "LastBootedKernel": "vmlinuz-5.2.0-0-generic",
                        "Origin": "rpool/ROOT/ubuntu_9876/var@snap2"
                     },
                     {
                        "Name": "rpool/ROOT/ubuntu_1234/var/lib",
                        "Mountpoint": "/var/lib",
                        "CanMount": "off",
                        "LastUsed": 1599999999,
                        "LastBootedKernel": "vmlinuz-5.2.0-0-generic",
                        "Origin": "rpool/ROOT/ubuntu_9876/var/lib@snap2"
                     },
                     {
                        "Name": "rpool/ROOT/ubuntu_1234/var/lib/AccountsService",
                        "Mountpoint": "/var/lib/AccountsService",
                        "CanMount": "noauto",
                        "LastUsed": 1599999999,
                        "LastBootedKernel": "vmlinuz-5.2.0-0-generic",
                        "Origin": "rpool/ROOT/ubuntu_9876/var/lib/AccountsService@snap2"
                     },
                     {
                        "Name": "rpool/ROOT/ubuntu_1234/var/lib/NetworkManager",
                        "Mountpoint": "/var/lib/NetworkManager",
                        "CanMount": "noauto",
                        "LastUsed": 1599999999,
                        "LastBootedKernel": "vmlinuz-5.2.0-0-generic",
                        "Origin": "rpool/ROOT/ubuntu_9876/var/lib/NetworkManager@snap2"
                     },
                     {
                        "Name": "rpool/ROOT/ubuntu_1234/var/lib/apt",
                        "Mountpoint": "/var/lib/apt",
                        "CanMount": "noauto",
                        "LastUsed": 1599999999,
                        "LastBootedKernel": "vmlinuz-5.2.0-0-generic",
                        "Origin": "rpool/ROOT/ubuntu_9876/var/lib/apt@snap2"
                     },
                     {
                        "Name": "rpool/ROOT/ubuntu_1234/var/lib/aptitude",
                        "Mountpoint": "/var/lib/aptitude",
                        "CanMount": "noauto",
                        "LastUsed": 1599999999,
                        "LastBootedKernel": "vmlinuz-5.2.0-0-generic",
                        "Origin": "rpool/ROOT/ubuntu_9876/var/lib/aptitude@snap2"
                     },
                     {
                        "Name": "rpool/ROOT/ubuntu_1234/var/lib/dpkg",
                        "Mountpoint": "/var/lib/dpkg",
                        "CanMount": "noauto",
                        "LastUsed": 1599999999,
                        "LastBootedKernel": "vmlinuz-5.2.0-0-generic",
                        "Origin": "rpool/ROOT/ubuntu_9876/var/lib/dpkg@snap2"
                     }
                  ]
               },
               "Users": {
                  "root": {
                     "ID": "rpool/USERDATA/root_bcde",
                     "LastUsed": "2033-05-18T05:33:20+02:00",
                     "Datasets": {
                        "rpool/USERDATA/root_bcde": [
                           {
                              "Name": "rpool/USERDATA/root_bcde",
                              "Mountpoint": "/root",
                              "CanMount": "on",
                              "LastUsed": 2000000000,
                              "BootfsDatasets": "rpool/ROOT/ubuntu_1234,rpool/ROOT/ubuntu_9876"
                           }
                        ]
                     }
                  },
                  "user1": {
                     "ID": "rpool/USERDATA/user1_abcd",
                     "LastUsed": "2033-05-18T05:33:20+02:00",
                     "Datasets": {
                        "rpool/USERDATA/user1_abcd": [
                           {
                              "Name": "rpool/USERDATA/user1_abcd",
                              "Mountpoint": "/home/user1",
                              "CanMount": "on",
                              "LastUsed": 2000000000,
                              "BootfsDatasets": "rpool/ROOT/ubuntu_1234,rpool/ROOT/ubuntu_9876"
                           }
                        ]
                     }
                  }
               }
            },
            "rpool/ROOT/ubuntu_1234@snap1": {
               "ID": "rpool/ROOT/ubuntu_1234@snap1",
               "LastUsed": "2020-05-08T00:01:28+02:00",
               "Datasets": {
                  "bpool/BOOT/ubuntu_1234@snap1": [
                     {
                        "Name": "bpool/BOOT/ubuntu_1234@snap1",
                        "IsSnapshot": true,
                        "Mountpoint": "/boot",
                        "CanMount": "on",
                        "LastUsed": 1588888888
                     }
                  ],
                  "rpool/ROOT/ubuntu_1234@snap1": [
                     {
                        "Name": "rpool/ROOT/ubuntu_1234@snap1",
                        "IsSnapshot": true,
                        "Mountpoint": "/",
                        "CanMount": "on",
                        "BootFS": true,
                        "LastUsed": 1588888888,
                        "LastBootedKernel": "vmlinuz-5.1.0-1-generic"
                     },
                     {
                        "Name": "rpool/ROOT/ubuntu_1234/var@snap1",
                        "IsSnapshot": true,
                        "Mountpoint": "/var",
                        "CanMount": "on",
                        "BootFS": true,
                        "LastUsed": 1588888888,
                        "LastBootedKernel": "vmlinuz-5.1.0-1-generic"
                     },
                     {
                        "Name": "rpool/ROOT/ubuntu_1234/var/lib@snap1",
                        "IsSnapshot": true,
                        "Mountpoint": "/var/lib",
                        "CanMount": "on",
                        "LastUsed": 1588888888,
                        "LastBootedKernel": "vmlinuz-5.1.0-1-generic"
                     },
                     {
                        "Name": "rpool/ROOT/ubuntu_1234/var/lib/AccountsService@snap1",
                        "IsSnapshot": true,
                        "Mountpoint": "/var/lib/AccountsService",
                        "CanMount": "on",
                        "LastUsed": 1588888888,
                        "LastBootedKernel": "vmlinuz-5.1.0-1-generic"
                     },
                     {
                        "Name": "rpool/ROOT/ubuntu_1234/var/lib/NetworkManager@snap1",
                        "IsSnapshot": true,
                        "Mountpoint": "/var/lib/NetworkManager",
                        "CanMount": "on",
                        "LastUsed": 1588888888,
                        "LastBootedKernel": "vmlinuz-5.1.0-1-generic"
                     },
                     {
                        "Name": "rpool/ROOT/ubuntu_1234/var/lib/apt@snap1",
                        "IsSnapshot": true,
                        "Mountpoint": "/var/lib/apt",
                        "CanMount": "on",
                        "LastUsed": 1588888888,
                        "LastBootedKernel": "vmlinuz-5.1.0-1-generic"
                     },
                     {
                        "Name": "rpool/ROOT/ubuntu_1234/var/lib/aptitude@snap1",
                        "IsSnapshot": true,
                        "Mountpoint": "/var/lib/aptitude",
                        "CanMount": "on",
                        "LastUsed": 1588888888,
                        "LastBootedKernel": "vmlinuz-5.1.0-1-generic"
                     },
                     {
                        "Name": "rpool/ROOT/ubuntu_1234/var/lib/dpkg@snap1",
                        "IsSnapshot": true,
                        "Mountpoint": "/var/lib/dpkg",
                        "CanMount": "on",
                        "LastUsed": 1588888888,
                        "LastBootedKernel": "vmlinuz-5.1.0-1-generic"
                     }
                  ]
               },
               "Users": {
                  "root": {
                     "ID": "rpool/USERDATA/root_bcde@snap1",
                     "LastUsed": "2020-05-08T00:01:28+02:00",
                     "Datasets": {
                        "rpool/USERDATA/root_bcde@snap1": [
                           {
                              "Name": "rpool/USERDATA/root_bcde@snap1",
                              "IsSnapshot": true,
                              "Mountpoint": "/root",
                              "CanMount": "on",
                              "LastUsed": 1588888888
                           }
                        ]
                     }
                  },
                  "user1": {
                     "ID": "rpool/USERDATA/user1_abcd@snap1",
                     "LastUsed": "2020-05-08T00:01:28+02:00",
                     "Datasets": {
                        "rpool/USERDATA/user1_abcd@snap1": [
                           {
                              "Name": "rpool/USERDATA/user1_abcd@snap1",
                              "IsSnapshot": true,
                              "Mountpoint": "/home/user1",
                              "CanMount": "on",
                              "LastUsed": 1588888888
                           }
                        ]
                     }
                  }
               }
            },
            "rpool/ROOT/ubuntu_5678": {
               "ID": "rpool/ROOT/ubuntu_5678",
               "LastUsed": "2018-08-03T23:55:33+02:00",
               "Datasets": {
                  "bpool/BOOT/ubuntu_5678": [
                     {
                        "Name": "bpool/BOOT/ubuntu_5678",
                        "Mountpoint": "/boot",
                        "CanMount": "noauto",
                        "Origin": "bpool/BOOT/ubuntu_9876@snap3"
                     }
                  ],
                  "rpool/ROOT/ubuntu_5678": [
                     {
                        "Name": "rpool/ROOT/ubuntu_5678",
                        "Mountpoint": "/",
                        "CanMount": "noauto",
                        "BootFS": true,
                        "LastUsed": 1533333333,
                        "LastBootedKernel": "vmlinuz-5.0.0-0-generic",
                        "Origin": "rpool/ROOT/ubuntu_9876@snap3"
                     },
                     {
                        "Name": "rpool/ROOT/ubuntu_5678/var",
                        "Mountpoint": "/var",
                        "CanMount": "noauto",
                        "BootFS": true,
                        "LastUsed": 1533333333,
                        "LastBootedKernel": "vmlinuz-5.0.0-0-generic",
                        "Origin": "rpool/ROOT/ubuntu_9876/var@snap3"
                     },
                     {
                        "Name": "rpool/ROOT/ubuntu_5678/var/lib",
                        "Mountpoint": "/var/lib",
                        "CanMount": "off",
                        "LastUsed": 1533333333,
                        "LastBootedKernel": "vmlinuz-5.0.0-0-generic",
                        "Origin": "rpool/ROOT/ubuntu_9876/var/lib@snap3"
                     },
                     {
                        "Name": "rpool/ROOT/ubuntu_5678/var/lib/AccountsService",
                        "Mountpoint": "/var/lib/AccountsService",
                        "CanMount": "noauto",
                        "LastUsed": 1533333333,
                        "LastBootedKernel": "vmlinuz-5.0.0-0-generic",
                        "Origin": "rpool/ROOT/ubuntu_9876/var/lib/AccountsService@snap3"
                     },
                     {
                        "Name": "rpool/ROOT/ubuntu_5678/var/lib/NetworkManager",
                        "Mountpoint": "/var/lib/NetworkManager",
                        "CanMount": "noauto",
                        "LastUsed": 1533333333,
                        "LastBootedKernel": "vmlinuz-5.0.0-0-generic",
                        "Origin": "rpool/ROOT/ubuntu_9876/var/lib/NetworkManager@snap3"
                     },
                     {
                        "Name": "rpool/ROOT/ubuntu_5678/var/lib/apt",
                        "Mountpoint": "/var/lib/apt",
                        "CanMount": "noauto",
                        "LastUsed": 1533333333,
                        "LastBootedKernel": "vmlinuz-5.0.0-0-generic",
                        "Origin": "rpool/ROOT/ubuntu_9876/var/lib/apt@snap3"
                     },
                     {
                        "Name": "rpool/ROOT/ubuntu_5678/var/lib/aptitude",
                        "Mountpoint": "/var/lib/aptitude",
                        "CanMount": "noauto",
                        "LastUsed": 1533333333,
                        "LastBootedKernel": "vmlinuz-5.0.0-0-generic",
                        "Origin": "rpool/ROOT/ubuntu_9876/var/lib/aptitude@snap3"
                     },
                     {
                        "Name": "rpool/ROOT/ubuntu_5678/var/lib/dpkg",
                        "Mountpoint": "/var/lib/dpkg",
                        "CanMount": "noauto",
                        "LastUsed": 1533333333,
                        "LastBootedKernel": "vmlinuz-5.0.0-0-generic",
                        "Origin": "rpool/ROOT/ubuntu_9876/var/lib/dpkg@snap3"
                     }
                  ]
               },
               "Users": {
                  "user1": {
                     "ID": "rpool/USERDATA/user1_efgh",
                     "LastUsed": "2018-12-10T13:20:44+01:00",
                     "Datasets": {
                        "rpool/USERDATA/user1_efgh": [
                           {
                              "Name": "rpool/USERDATA/user1_efgh",
                              "Mountpoint": "/home/user1",
                              "CanMount": "noauto",
                              "LastUsed": 1544444444,
                              "BootfsDatasets": "rpool/ROOT/ubuntu_5678",
                              "Origin": "rpool/USERDATA/user1_abcd@snap1"
                           }
                        ]
                     }
                  }
               }
            },
            "rpool/ROOT/ubuntu_9876@snap2": {
               "ID": "rpool/ROOT/ubuntu_9876@snap2",
               "LastUsed": "2019-12-31T08:36:17+01:00",
               "Datasets": {
                  "bpool/BOOT/ubuntu_9876@snap2": [
                     {
                        "Name": "bpool/BOOT/ubuntu_9876@snap2",
                        "IsSnapshot": true,
                        "Mountpoint": "/boot",
                        "CanMount": "on",
                        "LastUsed": 1577777777
                     }
                  ],
                  "rpool/ROOT/ubuntu_9876@snap2": [
                     {
                        "Name": "rpool/ROOT/ubuntu_9876@snap2",
                        "IsSnapshot": true,
                        "Mountpoint": "/",
                        "CanMount": "on",
                        "BootFS": true,
                        "LastUsed": 1577777777,
                        "LastBootedKernel": "vmlinuz-5.1.0-2-generic"
                     },
                     {
                        "Name": "rpool/ROOT/ubuntu_9876/var@snap2",
                        "IsSnapshot": true,
                        "Mountpoint": "/var",
                        "CanMount": "on",
                        "BootFS": true,
                        "LastUsed": 1577777777,
                        "LastBootedKernel": "vmlinuz-5.2.0-0-generic"
                     },
                     {
                        "Name": "rpool/ROOT/ubuntu_9876/var/lib@snap2",
                        "IsSnapshot": true,
                        "Mountpoint": "/var/lib",
                        "CanMount": "on",
                        "LastUsed": 1577777777,
                        "LastBootedKernel": "vmlinuz-5.2.0-0-generic"
                     },
                     {
                        "Name": "rpool/ROOT/ubuntu_9876/var/lib/AccountsService@snap2",
                        "IsSnapshot": true,
                        "Mountpoint": "/var/lib/AccountsService",
                        "CanMount": "on",
                        "LastUsed": 1577777777,
                        "LastBootedKernel": "vmlinuz-5.2.0-0-generic"
                     },
                     {
                        "Name": "rpool/ROOT/ubuntu_9876/var/lib/NetworkManager@snap2",
                        "IsSnapshot": true,
                        "Mountpoint": "/var/lib/NetworkManager",
                        "CanMount": "on",
                        "LastUsed": 1577777777,
                        "LastBootedKernel": "vmlinuz-5.2.0-0-generic"
                     },
                     {
                        "Name": "rpool/ROOT/ubuntu_9876/var/lib/apt@snap2",
                        "IsSnapshot": true,
                        "Mountpoint": "/var/lib/apt",
                        "CanMount": "on",
                        "LastUsed": 1577777777,
                        "LastBootedKernel": "vmlinuz-5.2.0-0-generic"
                     },
                     {
                        "Name": "rpool/ROOT/ubuntu_9876/var/lib/aptitude@snap2",
                        "IsSnapshot": true,
                        "Mountpoint": "/var/lib/aptitude",
                        "CanMount": "on",
                        "LastUsed": 1577777777,
                        "LastBootedKernel": "vmlinuz-5.2.0-0-generic"
                     },
                     {
                        "Name": "rpool/ROOT/ubuntu_9876/var/lib/dpkg@snap2",
                        "IsSnapshot": true,
                        "Mountpoint": "/var/lib/dpkg",
                        "CanMount": "on",
                        "LastUsed": 1577777777,
                        "LastBootedKernel": "vmlinuz-5.2.0-0-generic"
                     }
                  ]
               },
               "Users": {
                  "user1": {
                     "ID": "rpool/USERDATA/user1_efgh@snap2",
                     "LastUsed": "2019-12-31T08:36:17+01:00",
                     "Datasets": {
                        "rpool/USERDATA/user1_efgh@snap2": [
                           {
                              "Name": "rpool/USERDATA/user1_efgh@snap2",
                              "IsSnapshot": true,
                              "Mountpoint": "/home/user1",
                              "CanMount": "on",
                              "LastUsed": 1577777777
                           }
                        ]
                     }
                  }
               }
            },
            "rpool/ROOT/ubuntu_9876@snap3": {
               "ID": "rpool/ROOT/ubuntu_9876@snap3",
               "LastUsed": "2018-03-28T09:30:22+02:00",
               "Datasets": {
                  "bpool/BOOT/ubuntu_9876@snap3": [
                     {
                        "Name": "bpool/BOOT/ubuntu_9876@snap3",
                        "IsSnapshot": true,
                        "Mountpoint": "/boot",
                        "CanMount": "on",
                        "LastUsed": 1522222222
                     }
                  ],
                  "rpool/ROOT/ubuntu_9876@snap3": [
                     {
                        "Name": "rpool/ROOT/ubuntu_9876@snap3",
                        "IsSnapshot": true,
                        "Mountpoint": "/",
                        "CanMount": "on",
                        "BootFS": true,
                        "LastUsed": 1522222222,
                        "LastBootedKernel": "vmlinuz-5.0.0-3-generic"
                     },
                     {
                        "Name": "rpool/ROOT/ubuntu_9876/var@snap3",
                        "IsSnapshot": true,
                        "Mountpoint": "/var",
                        "CanMount": "on",
                        "BootFS": true,
                        "LastUsed": 1522222222,
                        "LastBootedKernel": "vmlinuz-5.0.0-3-generic"
                     },
                     {
                        "Name": "rpool/ROOT/ubuntu_9876/var/lib@snap3",
                        "IsSnapshot": true,
                        "Mountpoint": "/var/lib",
                        "CanMount": "on",
                        "LastUsed": 1522222222,
                        "LastBootedKernel": "vmlinuz-5.0.0-3-generic"
                     },
                     {
                        "Name": "rpool/ROOT/ubuntu_9876/var/lib/AccountsService@snap3",
                        "IsSnapshot": true,
                        "Mountpoint": "/var/lib/AccountsService",
                        "CanMount": "on",
                        "LastUsed": 1522222222,
                        "LastBootedKernel": "vmlinuz-5.0.0-3-generic"
                     },
                     {
                        "Name": "rpool/ROOT/ubuntu_9876/var/lib/NetworkManager@snap3",
                        "IsSnapshot": true,
                        "Mountpoint": "/var/lib/NetworkManager",
                        "CanMount": "on",
                        "LastUsed": 1522222222,
                        "LastBootedKernel": "vmlinuz-5.0.0-3-generic"
                     },
                     {
                        "Name": "rpool/ROOT/ubuntu_9876/var/lib/apt@snap3",
                        "IsSnapshot": true,
                        "Mountpoint": "/var/lib/apt",
                        "CanMount": "on",
                        "LastUsed": 1522222222,
                        "LastBootedKernel": "vmlinuz-5.0.0-3-generic"
                     },
                     {
                        "Name": "rpool/ROOT/ubuntu_9876/var/lib/aptitude@snap3",
                        "IsSnapshot": true,
                        "Mountpoint": "/var/lib/aptitude",
                        "CanMount": "on",
                        "LastUsed": 1522222222,
                        "LastBootedKernel": "vmlinuz-5.0.0-3-generic"
                     },
                     {
                        "Name": "rpool/ROOT/ubuntu_9876/var/lib/dpkg@snap3",
                        "IsSnapshot": true,
                        "Mountpoint": "/var/lib/dpkg",
                        "CanMount": "on",
                        "LastUsed": 1522222222,
                        "LastBootedKernel": "vmlinuz-5.0.0-3-generic"
                     }
                  ]
               },
               "Users": {
                  "user1": {
                     "ID": "rpool/USERDATA/user1_efgh@snap3",
                     "LastUsed": "2018-03-28T09:30:22+02:00",
                     "Datasets": {
                        "rpool/USERDATA/user1_efgh@snap3": [
                           {
                              "Name": "rpool/USERDATA/user1_efgh@snap3",
                              "IsSnapshot": true,
                              "Mountpoint": "/home/user1",
                              "CanMount": "on",
                              "LastUsed": 1522222222
                           }
                        ]
                     }
                  }
               }
            }
         },
         "PersistentDatasets": [
            {
               "Name": "rpool/srv",
               "Mountpoint": "/srv",
               "CanMount": "on"
            },
            {
               "Name": "rpool/var/games",
               "Mountpoint": "/var/games",
               "CanMount": "on"
            },
            {
               "Name": "rpool/var/lib",
               "Mountpoint": "/var/lib",
               "CanMount": "on"
            },
            {
               "Name": "rpool/var/log",
               "Mountpoint": "/var/log",
               "CanMount": "on"
            },
            {
               "Name": "rpool/var/mail",
               "Mountpoint": "/var/mail",
               "CanMount": "on"
            },
            {
               "Name": "rpool/var/snap",
               "Mountpoint": "/var/snap",
               "CanMount": "on"
            },
            {
               "Name": "rpool/var/spool",
               "Mountpoint": "/var/spool",
               "CanMount": "on"
            },
            {
               "Name": "rpool/var/www",
               "Mountpoint": "/var/www",
               "CanMount": "on"
            }
         ]
      },
      "rpool/ROOT/ubuntu_9999": {
         "IsZsys": true,
         "ID": "rpool/ROOT/ubuntu_9999",
         "LastUsed": "2019-04-18T04:45:55+02:00",
         "Datasets": {
            "bpool/BOOT/ubuntu_9999": [
               {
                  "Name": "bpool/BOOT/ubuntu_9999",
                  "Mountpoint": "/boot",
                  "CanMount": "noauto"
               }
            ],
            "rpool/ROOT/ubuntu_9999": [
               {
                  "Name": "rpool/ROOT/ubuntu_9999",
                  "Mountpoint": "/",
                  "CanMount": "noauto",
                  "BootFS": true,
                  "LastUsed": 1555555555,
                  "LastBootedKernel": "vmlinuz-5.0.9-0-generic"
               },
               {
                  "Name": "rpool/ROOT/ubuntu_9999/var",
                  "Mountpoint": "/var",
                  "CanMount": "noauto",
                  "BootFS": true,
                  "LastUsed": 1555555555,
                  "LastBootedKernel": "vmlinuz-5.0.9-0-generic"
               },
               {
                  "Name": "rpool/ROOT/ubuntu_9999/var/lib",
                  "Mountpoint": "/var/lib",
                  "CanMount": "off",
                  "LastUsed": 1555555555,
                  "LastBootedKernel": "vmlinuz-5.0.9-0-generic"
               },
               {
                  "Name": "rpool/ROOT/ubuntu_9999/var/lib/AccountsService",
                  "Mountpoint": "/var/lib/AccountsService",
                  "CanMount": "noauto",
                  "LastUsed": 1555555555,
                  "LastBootedKernel": "vmlinuz-5.0.9-0-generic"
               },
               {
                  "Name": "rpool/ROOT/ubuntu_9999/var/lib/NetworkManager",
                  "Mountpoint": "/var/lib/NetworkManager",
                  "CanMount": "noauto",
                  "LastUsed": 1555555555,
                  "LastBootedKernel": "vmlinuz-5.0.9-0-generic"
               },
               {
                  "Name": "rpool/ROOT/ubuntu_9999/var/lib/apt",
                  "Mountpoint": "/var/lib/apt",
                  "CanMount": "noauto",
                  "LastUsed": 1555555555,
                  "LastBootedKernel": "vmlinuz-5.0.9-0-generic"
               },
               {
                  "Name": "rpool/ROOT/ubuntu_9999/var/lib/aptitude",
                  "Mountpoint": "/var/lib/aptitude",
                  "CanMount": "noauto",
                  "LastUsed": 1555555555,
                  "LastBootedKernel": "vmlinuz-5.0.9-0-generic"
               },
               {
                  "Name": "rpool/ROOT/ubuntu_9999/var/lib/dpkg",
                  "Mountpoint": "/var/lib/dpkg",
                  "CanMount": "noauto",
                  "LastUsed": 1555555555,
                  "LastBootedKernel": "vmlinuz-5.0.9-0-generic"
               }
            ]
         },
         "Users": {
            "user2": {
               "ID": "rpool/USERDATA/user2_aaaa",
               "LastUsed": "2018-12-10T13:20:44+01:00",
               "Datasets": {
                  "rpool/USERDATA/user2_aaaa": [
                     {
                        "Name": "rpool/USERDATA/user2_aaaa",
                        "Mountpoint": "/home/user2",
                        "CanMount": "noauto",
                        "LastUsed": 1544444444,
                        "BootfsDatasets": "rpool/ROOT/ubuntu_9999"
                     }
                  ]
               }
            }
         },
         "AllUsersStates": {
            "user2": {
               "rpool/USERDATA/user2_aaaa": {
                  "ID": "rpool/USERDATA/user2_aaaa",
                  "LastUsed": "2018-12-10T13:20:44+01:00",
                  "Datasets": {
                     "rpool/USERDATA/user2_aaaa": [
                        {
                           "Name": "rpool/USERDATA/user2_aaaa",
                           "Mountpoint": "/home/user2",
                           "CanMount": "noauto",
                           "LastUsed": 1544444444,
                           "BootfsDatasets": "rpool/ROOT/ubuntu_9999"
                        }
                     ]
                  }
               }
            }
         },
         "PersistentDatasets": [
            {
               "Name": "rpool/srv",
               "Mountpoint": "/srv",
               "CanMount": "on"
            },
            {
               "Name": "rpool/var/games",
               "Mountpoint": "/var/games",
               "CanMount": "on"
            },
            {
               "Name": "rpool/var/lib",
               "Mountpoint": "/var/lib",
               "CanMount": "on"
            },
            {
               "Name": "rpool/var/log",
               "Mountpoint": "/var/log",
               "CanMount": "on"
            },
            {
               "Name": "rpool/var/mail",
               "Mountpoint": "/var/mail",
               "CanMount": "on"
            },
            {
               "Name": "rpool/var/snap",
               "Mountpoint": "/var/snap",
               "CanMount": "on"
            },
            {
               "Name": "rpool/var/spool",
               "Mountpoint": "/var/spool",
               "CanMount": "on"
            },
            {
               "Name": "rpool/var/www",
               "Mountpoint": "/var/www",
               "CanMount": "on"
            }
         ]
      }
   },
   "Cmdline": "aaaaa bbbbb root=ZFS=rpool/ROOT/ubuntu_9876 ccccc",
   "Current": {
      "IsZsys": true,
      "ID": "rpool/ROOT/ubuntu_9876",
      "LastUsed": "2033-05-18T05:33:20+02:00",
      "Datasets": {
         "bpool/BOOT/ubuntu_9876": [
            {
               "Name": "bpool/BOOT/ubuntu_9876",
               "Mountpoint": "/boot",
               "CanMount": "on",
               "LastUsed": 2000000000
            }
         ],
         "rpool/ROOT/ubuntu_9876": [
            {
               "Name": "rpool/ROOT/ubuntu_9876",
               "Mountpoint": "/",
               "CanMount": "on",
               "BootFS": true,
               "LastUsed": 2000000000
            },
            {
               "Name": "rpool/ROOT/ubuntu_9876/var",
               "Mountpoint": "/var",
               "CanMount": "on",
               "BootFS": true,
               "LastUsed": 2000000000
            },
            {
               "Name": "rpool/ROOT/ubuntu_9876/var/lib",
               "Mountpoint": "/var/lib",
               "CanMount": "off",
               "LastUsed": 2000000000
            },
            {
               "Name": "rpool/ROOT/ubuntu_9876/var/lib/AccountsService",
               "Mountpoint": "/var/lib/AccountsService",
               "CanMount": "on",
               "LastUsed": 2000000000
            },
            {
               "Name": "rpool/ROOT/ubuntu_9876/var/lib/NetworkManager",
               "Mountpoint": "/var/lib/NetworkManager",
               "CanMount": "on",
               "LastUsed": 2000000000
            },
            {
               "Name": "rpool/ROOT/ubuntu_9876/var/lib/apt",
               "Mountpoint": "/var/lib/apt",
               "CanMount": "on",
               "LastUsed": 2000000000
            },
            {
               "Name": "rpool/ROOT/ubuntu_9876/var/lib/aptitude",
               "Mountpoint": "/var/lib/aptitude",
               "CanMount": "on",
               "LastUsed": 2000000000
            },
            {
               "Name": "rpool/ROOT/ubuntu_9876/var/lib/dpkg",
               "Mountpoint": "/var/lib/dpkg",
               "CanMount": "on",
               "LastUsed": 2000000000
            }
         ]
      },
      "Users": {
         "root": {
            "ID": "rpool/USERDATA/root_bcde",
            "LastUsed": "2033-05-18T05:33:20+02:00",
            "Datasets": {
               "rpool/USERDATA/root_bcde": [
                  {
                     "Name": "rpool/USERDATA/root_bcde",
                     "Mountpoint": "/root",
                     "CanMount": "on",
                     "LastUsed": 2000000000,
                     "BootfsDatasets": "rpool/ROOT/ubuntu_1234,rpool/ROOT/ubuntu_9876"
                  }
               ]
            }
         },
         "user1": {
            "ID": "rpool/USERDATA/user1_abcd",
            "LastUsed": "2033-05-18T05:33:20+02:00",
            "Datasets": {
               "rpool/USERDATA/user1_abcd": [
                  {
                     "Name": "rpool/USERDATA/user1_abcd",
                     "Mountpoint": "/home/user1",
                     "CanMount": "on",
                     "LastUsed": 2000000000,
                     "BootfsDatasets": "rpool/ROOT/ubuntu_1234,rpool/ROOT/ubuntu_9876"
                  }
               ]
            }
         }
      },
      "AllUsersStates": {
         "root": {
            "rpool/USERDATA/root_bcde": {
               "ID": "rpool/USERDATA/root_bcde",
               "LastUsed": "2033-05-18T05:33:20+02:00",
               "Datasets": {
                  "rpool/USERDATA/root_bcde": [
                     {
                        "Name": "rpool/USERDATA/root_bcde",
                        "Mountpoint": "/root",
                        "CanMount": "on",
                        "LastUsed": 2000000000,
                        "BootfsDatasets": "rpool/ROOT/ubuntu_1234,rpool/ROOT/ubuntu_9876"
                     }
                  ]
               }
            },
            "rpool/USERDATA/root_bcde@snap1": {
               "ID": "rpool/USERDATA/root_bcde@snap1",
               "LastUsed": "2020-05-08T00:01:28+02:00",
               "Datasets": {
                  "rpool/USERDATA/root_bcde@snap1": [
                     {
                        "Name": "rpool/USERDATA/root_bcde@snap1",
                        "IsSnapshot": true,
                        "Mountpoint": "/root",
                        "CanMount": "on",
                        "LastUsed": 1588888888
                     }
                  ]
               }
            }
         },
         "user1": {
            "rpool/USERDATA/user1_abcd": {
               "ID": "rpool/USERDATA/user1_abcd",
               "LastUsed": "2033-05-18T05:33:20+02:00",
               "Datasets": {
                  "rpool/USERDATA/user1_abcd": [
                     {
                        "Name": "rpool/USERDATA/user1_abcd",
                        "Mountpoint": "/home/user1",
                        "CanMount": "on",
                        "LastUsed": 2000000000,
                        "BootfsDatasets": "rpool/ROOT/ubuntu_1234,rpool/ROOT/ubuntu_9876"
                     }
                  ]
               }
            },
            "rpool/USERDATA/user1_abcd@snap1": {
               "ID": "rpool/USERDATA/user1_abcd@snap1",
               "LastUsed": "2020-05-08T00:01:28+02:00",
               "Datasets": {
                  "rpool/USERDATA/user1_abcd@snap1": [
                     {
                        "Name": "rpool/USERDATA/user1_abcd@snap1",
                        "IsSnapshot": true,
                        "Mountpoint": "/home/user1",
                        "CanMount": "on",
                        "LastUsed": 1588888888
                     }
                  ]
               }
            },
            "rpool/USERDATA/user1_efgh": {
               "ID": "rpool/USERDATA/user1_efgh",
               "LastUsed": "2018-12-10T13:20:44+01:00",
               "Datasets": {
                  "rpool/USERDATA/user1_efgh": [
                     {
                        "Name": "rpool/USERDATA/user1_efgh",
                        "Mountpoint": "/home/user1",
                        "CanMount": "noauto",
                        "LastUsed": 1544444444,
                        "BootfsDatasets": "rpool/ROOT/ubuntu_5678",
                        "Origin": "rpool/USERDATA/user1_abcd@snap1"
                     }
                  ]
               }
            },
            "rpool/USERDATA/user1_efgh@snap2": {
               "ID": "rpool/USERDATA/user1_efgh@snap2",
               "LastUsed": "2019-12-31T08:36:17+01:00",
               "Datasets": {
                  "rpool/USERDATA/user1_efgh@snap2": [
                     {
                        "Name": "rpool/USERDATA/user1_efgh@snap2",
                        "IsSnapshot": true,
                        "Mountpoint": "/home/user1",
                        "CanMount": "on",
                        "LastUsed": 1577777777
                     }
                  ]
               }
            },
            "rpool/USERDATA/user1_efgh@snap3": {
               "ID": "rpool/USERDATA/user1_efgh@snap3",
               "LastUsed": "2018-03-28T09:30:22+02:00",
               "Datasets": {
                  "rpool/USERDATA/user1_efgh@snap3": [
                     {
                        "Name": "rpool/USERDATA/user1_efgh@snap3",
                        "IsSnapshot": true,
                        "Mountpoint": "/home/user1",
                        "CanMount": "on",
                        "LastUsed": 1522222222
                     }
                  ]
               }
            }
         }
      },
      "History": {
         "rpool/ROOT/ubuntu_1234": {
            "ID": "rpool/ROOT/ubuntu_1234",
            "LastUsed": "2020-09-13T14:26:39+02:00",
            "Datasets": {
               "bpool/BOOT/ubuntu_1234": [
                  {
                     "Name": "bpool/BOOT/ubuntu_1234",
                     "Mountpoint": "/boot",
                     "CanMount": "noauto",
                     "Origin": "bpool/BOOT/ubuntu_9876@snap2"
                  }
               ],
               "rpool/ROOT/ubuntu_1234": [
                  {
                     "Name": "rpool/ROOT/ubuntu_1234",
                     "Mountpoint": "/",
                     "CanMount": "noauto",
                     "BootFS": true,
                     "LastUsed": 1599999999,
                     "LastBootedKernel": "vmlinuz-5.2.0-0-generic",
                     "Origin": "rpool/ROOT/ubuntu_9876@snap2"
                  },
                  {
                     "Name": "rpool/ROOT/ubuntu_1234/var",
                     "Mountpoint": "/var",
                     "CanMount": "noauto",
                     "BootFS": true,
                     "LastUsed": 1599999999,
                     "LastBootedKernel": "vmlinuz-5.2.0-0-generic",
                     "Origin": "rpool/ROOT/ubuntu_9876/var@snap2"
                  },
                  {
                     "Name": "rpool/ROOT/ubuntu_1234/var/lib",
                     "Mountpoint": "/var/lib",
                     "CanMount": "off",
                     "LastUsed": 1599999999,
                     "LastBootedKernel": "vmlinuz-5.2.0-0-generic",
                     "Origin": "rpool/ROOT/ubuntu_9876/var/lib@snap2"
                  },
                  {
                     "Name": "rpool/ROOT/ubuntu_1234/var/lib/AccountsService",
                     "Mountpoint": "/var/lib/AccountsService",
                     "CanMount": "noauto",
                     "LastUsed": 1599999999,
                     "LastBootedKernel": "vmlinuz-5.2.0-0-generic",
                     "Origin": "rpool/ROOT/ubuntu_9876/var/lib/AccountsService@snap2"
                  },
                  {
                     "Name": "rpool/ROOT/ubuntu_1234/var/lib/NetworkManager",
                     "Mountpoint": "/var/lib/NetworkManager",
                     "CanMount": "noauto",
                     "LastUsed": 1599999999,
                     "LastBootedKernel": "vmlinuz-5.2.0-0-generic",
                     "Origin": "rpool/ROOT/ubuntu_9876/var/lib/NetworkManager@snap2"
                  },
                  {
                     "Name": "rpool/ROOT/ubuntu_1234/var/lib/apt",
                     "Mountpoint": "/var/lib/apt",
                     "CanMount": "noauto",
                     "LastUsed": 1599999999,
                     "LastBootedKernel": "vmlinuz-5.2.0-0-generic",
                     "Origin": "rpool/ROOT/ubuntu_9876/var/lib/apt@snap2"
                  },
                  {
                     "Name": "rpool/ROOT/ubuntu_1234/var/lib/aptitude",
                     "Mountpoint": "/var/lib/aptitude",
                     "CanMount": "noauto",
                     "LastUsed": 1599999999,
                     "LastBootedKernel": "vmlinuz-5.2.0-0-generic",
                     "Origin": "rpool/ROOT/ubuntu_9876/var/lib/aptitude@snap2"
                  },
                  {
                     "Name": "rpool/ROOT/ubuntu_1234/var/lib/dpkg",
                     "Mountpoint": "/var/lib/dpkg",
                     "CanMount": "noauto",
                     "LastUsed": 1599999999,
                     "LastBootedKernel": "vmlinuz-5.2.0-0-generic",
                     "Origin": "rpool/ROOT/ubuntu_9876/var/lib/dpkg@snap2"
                  }
               ]
            },
            "Users": {
               "root": {
                  "ID": "rpool/USERDATA/root_bcde",
                  "LastUsed": "2033-05-18T05:33:20+02:00",
                  "Datasets": {
                     "rpool/USERDATA/root_bcde": [
                        {
                           "Name": "rpool/USERDATA/root_bcde",
                           "Mountpoint": "/root",
                           "CanMount": "on",
                           "LastUsed": 2000000000,
                           "BootfsDatasets": "rpool/ROOT/ubuntu_1234,rpool/ROOT/ubuntu_9876"
                        }
                     ]
                  }
               },
               "user1": {
                  "ID": "rpool/USERDATA/user1_abcd",
                  "LastUsed": "2033-05-18T05:33:20+02:00",
                  "Datasets": {
                     "rpool/USERDATA/user1_abcd": [
                        {
                           "Name": "rpool/USERDATA/user1_abcd",
                           "Mountpoint": "/home/user1",
                           "CanMount": "on",
                           "LastUsed": 2000000000,
                           "BootfsDatasets": "rpool/ROOT/ubuntu_1234,rpool/ROOT/ubuntu_9876"
                        }
                     ]
                  }
               }
            }
         },
         "rpool/ROOT/ubuntu_1234@snap1": {
            "ID": "rpool/ROOT/ubuntu_1234@snap1",
            "LastUsed": "2020-05-08T00:01:28+02:00",
            "Datasets": {
               "bpool/BOOT/ubuntu_1234@snap1": [
                  {
                     "Name": "bpool/BOOT/ubuntu_1234@snap1",
                     "IsSnapshot": true,
                     "Mountpoint": "/boot",
                     "CanMount": "on",
                     "LastUsed": 1588888888
                  }
               ],
               "rpool/ROOT/ubuntu_1234@snap1": [
                  {
                     "Name": "rpool/ROOT/ubuntu_1234@snap1",
                     "IsSnapshot": true,
                     "Mountpoint": "/",
                     "CanMount": "on",
                     "BootFS": true,
                     "LastUsed": 1588888888,
                     "LastBootedKernel": "vmlinuz-5.1.0-1-generic"
                  },
                  {
                     "Name": "rpool/ROOT/ubuntu_1234/var@snap1",
                     "IsSnapshot": true,
                     "Mountpoint": "/var",
                     "CanMount": "on",
                     "BootFS": true,
                     "LastUsed": 1588888888,
                     "LastBootedKernel": "vmlinuz-5.1.0-1-generic"
                  },
                  {
                     "Name": "rpool/ROOT/ubuntu_1234/var/lib@snap1",
                     "IsSnapshot": true,
                     "Mountpoint": "/var/lib",
                     "CanMount": "on",
                     "LastUsed": 1588888888,
                     "LastBootedKernel": "vmlinuz-5.1.0-1-generic"
                  },
                  {
                     "Name": "rpool/ROOT/ubuntu_1234/var/lib/AccountsService@snap1",
                     "IsSnapshot": true,
                     "Mountpoint": "/var/lib/AccountsService",
                     "CanMount": "on",
                     "LastUsed": 1588888888,
                     "LastBootedKernel": "vmlinuz-5.1.0-1-generic"
                  },
                  {
                     "Name": "rpool/ROOT/ubuntu_1234/var/lib/NetworkManager@snap1",
                     "IsSnapshot": true,
                     "Mountpoint": "/var/lib/NetworkManager",
                     "CanMount": "on",
                     "LastUsed": 1588888888,
                     "LastBootedKernel": "vmlinuz-5.1.0-1-generic"
                  },
                  {
                     "Name": "rpool/ROOT/ubuntu_1234/var/lib/apt@snap1",
                     "IsSnapshot": true,
                     "Mountpoint": "/var/lib/apt",
                     "CanMount": "on",
                     "LastUsed": 1588888888,
                     "LastBootedKernel": "vmlinuz-5.1.0-1-generic"
                  },
                  {
                     "Name": "rpool/ROOT/ubuntu_1234/var/lib/aptitude@snap1",
                     "IsSnapshot": true,
                     "Mountpoint": "/var/lib/aptitude",
                     "CanMount": "on",
                     "LastUsed": 1588888888,
                     "LastBootedKernel": "vmlinuz-5.1.0-1-generic"
                  },
                  {
                     "Name": "rpool/ROOT/ubuntu_1234/var/lib/dpkg@snap1",
                     "IsSnapshot": true,
                     "Mountpoint": "/var/lib/dpkg",
                     "CanMount": "on",
                     "LastUsed": 1588888888,
                     "LastBootedKernel": "vmlinuz-5.1.0-1-generic"
                  }
               ]
            },
            "Users": {
               "root": {
                  "ID": "rpool/USERDATA/root_bcde@snap1",
                  "LastUsed": "2020-05-08T00:01:28+02:00",
                  "Datasets": {
                     "rpool/USERDATA/root_bcde@snap1": [
                        {
                           "Name": "rpool/USERDATA/root_bcde@snap1",
                           "IsSnapshot": true,
                           "Mountpoint": "/root",
                           "CanMount": "on",
                           "LastUsed": 1588888888
                        }
                     ]
                  }
               },
               "user1": {
                  "ID": "rpool/USERDATA/user1_abcd@snap1",
                  "LastUsed": "2020-05-08T00:01:28+02:00",
                  "Datasets": {
                     "rpool/USERDATA/user1_abcd@snap1": [
                        {
                           "Name": "rpool/USERDATA/user1_abcd@snap1",
                           "IsSnapshot": true,
                           "Mountpoint": "/home/user1",
                           "CanMount": "on",
                           "LastUsed": 1588888888
                        }
                     ]
                  }
               }
            }
         },
         "rpool/ROOT/ubuntu_5678": {
            "ID": "rpool/ROOT/ubuntu_5678",
            "LastUsed": "2018-08-03T23:55:33+02:00",
            "Datasets": {
               "bpool/BOOT/ubuntu_5678": [
                  {
                     "Name": "bpool/BOOT/ubuntu_5678",
                     "Mountpoint": "/boot",
                     "CanMount": "noauto",
                     "Origin": "bpool/BOOT/ubuntu_9876@snap3"
                  }
               ],
               "rpool/ROOT/ubuntu_5678": [
                  {
                     "Name": "rpool/ROOT/ubuntu_5678",
                     "Mountpoint": "/",
                     "CanMount": "noauto",
                     "BootFS": true,
                     "LastUsed": 1533333333,
                     "LastBootedKernel": "vmlinuz-5.0.0-0-generic",
                     "Origin": "rpool/ROOT/ubuntu_9876@snap3"
                  },
                  {
                     "Name": "rpool/ROOT/ubuntu_5678/var",
                     "Mountpoint": "/var",
                     "CanMount": "noauto",
                     "BootFS": true,
                     "LastUsed": 1533333333,
                     "LastBootedKernel": "vmlinuz-5.0.0-0-generic",
                     "Origin": "rpool/ROOT/ubuntu_9876/var@snap3"
                  },
                  {
                     "Name": "rpool/ROOT/ubuntu_5678/var/lib",
                     "Mountpoint": "/var/lib",
                     "CanMount": "off",
                     "LastUsed": 1533333333,
                     "LastBootedKernel": "vmlinuz-5.0.0-0-generic",
                     "Origin": "rpool/ROOT/ubuntu_9876/var/lib@snap3"
                  },
                  {
                     "Name": "rpool/ROOT/ubuntu_5678/var/lib/AccountsService",
                     "Mountpoint": "/var/lib/AccountsService",
                     "CanMount": "noauto",
                     "LastUsed": 1533333333,
                     "LastBootedKernel": "vmlinuz-5.0.0-0-generic",
                     "Origin": "rpool/ROOT/ubuntu_9876/var/lib/AccountsService@snap3"
                  },
                  {
                     "Name": "rpool/ROOT/ubuntu_5678/var/lib/NetworkManager",
                     "Mountpoint": "/var/lib/NetworkManager",
                     "CanMount": "noauto",
                     "LastUsed": 1533333333,
                     "LastBootedKernel": "vmlinuz-5.0.0-0-generic",
                     "Origin": "rpool/ROOT/ubuntu_9876/var/lib/NetworkManager@snap3"
                  },
                  {
                     "Name": "rpool/ROOT/ubuntu_5678/var/lib/apt",
                     "Mountpoint": "/var/lib/apt",
                     "CanMount": "noauto",
                     "LastUsed": 1533333333,
                     "LastBootedKernel": "vmlinuz-5.0.0-0-generic",
                     "Origin": "rpool/ROOT/ubuntu_9876/var/lib/apt@snap3"
                  },
                  {
                     "Name": "rpool/ROOT/ubuntu_5678/var/lib/aptitude",
                     "Mountpoint": "/var/lib/aptitude",
                     "CanMount": "noauto",
                     "LastUsed": 1533333333,
                     "LastBootedKernel": "vmlinuz-5.0.0-0-generic",
                     "Origin": "rpool/ROOT/ubuntu_9876/var/lib/aptitude@snap3"
                  },
                  {
                     "Name": "rpool/ROOT/ubuntu_5678/var/lib/dpkg",
                     "Mountpoint": "/var/lib/dpkg",
                     "CanMount": "noauto",
                     "LastUsed": 1533333333,
                     "LastBootedKernel": "vmlinuz-5.0.0-0-generic",
                     "Origin": "rpool/ROOT/ubuntu_9876/var/lib/dpkg@snap3"
                  }
               ]
            },
            "Users": {
               "user1": {
                  "ID": "rpool/USERDATA/user1_efgh",
                  "LastUsed": "2018-12-10T13:20:44+01:00",
                  "Datasets": {
                     "rpool/USERDATA/user1_efgh": [
                        {
                           "Name": "rpool/USERDATA/user1_efgh",
                           "Mountpoint": "/home/user1",
                           "CanMount": "noauto",
                           "LastUsed": 1544444444,
                           "BootfsDatasets": "rpool/ROOT/ubuntu_5678",
                           "Origin": "rpool/USERDATA/user1_abcd@snap1"
                        }
                     ]
                  }
               }
            }
         },
         "rpool/ROOT/ubuntu_9876@snap2": {
            "ID": "rpool/ROOT/ubuntu_9876@snap2",
            "LastUsed": "2019-12-31T08:36:17+01:00",
            "Datasets": {
               "bpool/BOOT/ubuntu_9876@snap2": [
                  {
                     "Name": "bpool/BOOT/ubuntu_9876@snap2",
                     "IsSnapshot": true,
                     "Mountpoint": "/boot",
                     "CanMount": "on",
                     "LastUsed": 1577777777
                  }
               ],
               "rpool/ROOT/ubuntu_9876@snap2": [
                  {
                     "Name": "rpool/ROOT/ubuntu_9876@snap2",
                     "IsSnapshot": true,
                     "Mountpoint": "/",
                     "CanMount": "on",
                     "BootFS": true,
                     "LastUsed": 1577777777,
                     "LastBootedKernel": "vmlinuz-5.1.0-2-generic"
                  },
                  {
                     "Name": "rpool/ROOT/ubuntu_9876/var@snap2",
                     "IsSnapshot": true,
                     "Mountpoint": "/var",
                     "CanMount": "on",
                     "BootFS": true,
                     "LastUsed": 1577777777,
                     "LastBootedKernel": "vmlinuz-5.2.0-0-generic"
                  },
                  {
                     "Name": "rpool/ROOT/ubuntu_9876/var/lib@snap2",
                     "IsSnapshot": true,
                     "Mountpoint": "/var/lib",
                     "CanMount": "on",
                     "LastUsed": 1577777777,
                     "LastBootedKernel": "vmlinuz-5.2.0-0-generic"
                  },
                  {
                     "Name": "rpool/ROOT/ubuntu_9876/var/lib/AccountsService@snap2",
                     "IsSnapshot": true,
                     "Mountpoint": "/var/lib/AccountsService",
                     "CanMount": "on",
                     "LastUsed": 1577777777,
                     "LastBootedKernel": "vmlinuz-5.2.0-0-generic"
                  },
                  {
                     "Name": "rpool/ROOT/ubuntu_9876/var/lib/NetworkManager@snap2",
                     "IsSnapshot": true,
                     "Mountpoint": "/var/lib/NetworkManager",
                     "CanMount": "on",
                     "LastUsed": 1577777777,
                     "LastBootedKernel": "vmlinuz-5.2.0-0-generic"
                  },
                  {
                     "Name": "rpool/ROOT/ubuntu_9876/var/lib/apt@snap2",
                     "IsSnapshot": true,
                     "Mountpoint": "/var/lib/apt",
                     "CanMount": "on",
                     "LastUsed": 1577777777,
                     "LastBootedKernel": "vmlinuz-5.2.0-0-generic"
                  },
                  {
                     "Name": "rpool/ROOT/ubuntu_9876/var/lib/aptitude@snap2",
                     "IsSnapshot": true,
                     "Mountpoint": "/var/lib/aptitude",
                     "CanMount": "on",
                     "LastUsed": 1577777777,
                     "LastBootedKernel": "vmlinuz-5.2.0-0-generic"
                  },
                  {
                     "Name": "rpool/ROOT/ubuntu_9876/var/lib/dpkg@snap2",
                     "IsSnapshot": true,
                     "Mountpoint": "/var/lib/dpkg",
                     "CanMount": "on",
                     "LastUsed": 1577777777,
                     "LastBootedKernel": "vmlinuz-5.2.0-0-generic"
                  }
               ]
            },
            "Users": {
               "user1": {
                  "ID": "rpool/USERDATA/user1_efgh@snap2",
                  "LastUsed": "2019-12-31T08:36:17+01:00",
                  "Datasets": {
                     "rpool/USERDATA/user1_efgh@snap2": [
                        {
                           "Name": "rpool/USERDATA/user1_efgh@snap2",
                           "IsSnapshot": true,
                           "Mountpoint": "/home/user1",
                           "CanMount": "on",
                           "LastUsed": 1577777777
                        }
                     ]
                  }
               }
            }
         },
         "rpool/ROOT/ubuntu_9876@snap3": {
            "ID": "rpool/ROOT/ubuntu_9876@snap3",
            "LastUsed": "2018-03-28T09:30:22+02:00",
            "Datasets": {
               "bpool/BOOT/ubuntu_9876@snap3": [
                  {
                     "Name": "bpool/BOOT/ubuntu_9876@snap3",
                     "IsSnapshot": true,
                     "Mountpoint": "/boot",
                     "CanMount": "on",
                     "LastUsed": 1522222222
                  }
               ],
               "rpool/ROOT/ubuntu_9876@snap3": [
                  {
                     "Name": "rpool/ROOT/ubuntu_9876@snap3",
                     "IsSnapshot": true,
                     "Mountpoint": "/",
                     "CanMount": "on",
                     "BootFS": true,
                     "LastUsed": 1522222222,
                     "LastBootedKernel": "vmlinuz-5.0.0-3-generic"
                  },
                  {
                     "Name": "rpool/ROOT/ubuntu_9876/var@snap3",
                     "IsSnapshot": true,
                     "Mountpoint": "/var",
                     "CanMount": "on",
                     "BootFS": true,
                     "LastUsed": 1522222222,
                     "LastBootedKernel": "vmlinuz-5.0.0-3-generic"
                  },
                  {
                     "Name": "rpool/ROOT/ubuntu_9876/var/lib@snap3",
                     "IsSnapshot": true,
                     "Mountpoint": "/var/lib",
                     "CanMount": "on",
                     "LastUsed": 1522222222,
                     "LastBootedKernel": "vmlinuz-5.0.0-3-generic"
                  },
                  {
                     "Name": "rpool/ROOT/ubuntu_9876/var/lib/AccountsService@snap3",
                     "IsSnapshot": true,
                     "Mountpoint": "/var/lib/AccountsService",
                     "CanMount": "on",
                     "LastUsed": 1522222222,
                     "LastBootedKernel": "vmlinuz-5.0.0-3-generic"
                  },
                  {
                     "Name": "rpool/ROOT/ubuntu_9876/var/lib/NetworkManager@snap3",
                     "IsSnapshot": true,
                     "Mountpoint": "/var/lib/NetworkManager",
                     "CanMount": "on",
                     "LastUsed": 1522222222,
                     "LastBootedKernel": "vmlinuz-5.0.0-3-generic"
                  },
                  {
                     "Name": "rpool/ROOT/ubuntu_9876/var/lib/apt@snap3",
                     "IsSnapshot": true,
                     "Mountpoint": "/var/lib/apt",
                     "CanMount": "on",
                     "LastUsed": 1522222222,
                     "LastBootedKernel": "vmlinuz-5.0.0-3-generic"
                  },
                  {
                     "Name": "rpool/ROOT/ubuntu_9876/var/lib/aptitude@snap3",
                     "IsSnapshot": true,
                     "Mountpoint": "/var/lib/aptitude",
                     "CanMount": "on",
                     "LastUsed": 1522222222,
                     "LastBootedKernel": "vmlinuz-5.0.0-3-generic"
                  },
                  {
                     "Name": "rpool/ROOT/ubuntu_9876/var/lib/dpkg@snap3",
                     "IsSnapshot": true,
                     "Mountpoint": "/var/lib/dpkg",
                     "CanMount": "on",
                     "LastUsed": 1522222222,
                     "LastBootedKernel": "vmlinuz-5.0.0-3-generic"
                  }
               ]
            },
            "Users": {
               "user1": {
                  "ID": "rpool/USERDATA/user1_efgh@snap3",
                  "LastUsed": "2018-03-28T09:30:22+02:00",
                  "Datasets": {
                     "rpool/USERDATA/user1_efgh@snap3": [
                        {
                           "Name": "rpool/USERDATA/user1_efgh@snap3",
                           "IsSnapshot": true,
                           "Mountpoint": "/home/user1",
                           "CanMount": "on",
                           "LastUsed": 1522222222
                        }
                     ]
                  }
               }
            }
         }
      },
      "PersistentDatasets": [
         {
            "Name": "rpool/srv",
            "Mountpoint": "/srv",
            "CanMount": "on"
         },
         {
            "Name": "rpool/var/games",
            "Mountpoint": "/var/games",
            "CanMount": "on"
         },
         {
            "Name": "rpool/var/lib",
            "Mountpoint": "/var/lib",
            "CanMount": "on"
         },
         {
            "Name": "rpool/var/log",
            "Mountpoint": "/var/log",
            "CanMount": "on"
         },
         {
            "Name": "rpool/var/mail",
            "Mountpoint": "/var/mail",
            "CanMount": "on"
         },
         {
            "Name": "rpool/var/snap",
            "Mountpoint": "/var/snap",
            "CanMount": "on"
         },
         {
            "Name": "rpool/var/spool",
            "Mountpoint": "/var/spool",
            "CanMount": "on"
         },
         {
            "Name": "rpool/var/www",
            "Mountpoint": "/var/www",
            "CanMount": "on"
         }
      ]
   },
   "AllSystemDatasets": [
      {
         "Name": "bpool/BOOT/ubuntu_1234",
         "Mountpoint": "/boot",
         "CanMount": "noauto",
         "Origin": "bpool/BOOT/ubuntu_9876@snap2"
      },
      {
         "Name": "bpool/BOOT/ubuntu_1234@snap1",
         "IsSnapshot": true,
         "Mountpoint": "/boot",
         "CanMount": "on",
         "LastUsed": 1588888888
      },
      {
         "Name": "bpool/BOOT/ubuntu_5678",
         "Mountpoint": "/boot",
         "CanMount": "noauto",
         "Origin": "bpool/BOOT/ubuntu_9876@snap3"
      },
      {
         "Name": "bpool/BOOT/ubuntu_9876",
         "Mountpoint": "/boot",
         "CanMount": "on",
         "LastUsed": 2000000000
      },
      {
         "Name": "bpool/BOOT/ubuntu_9876@snap2",
         "IsSnapshot": true,
         "Mountpoint": "/boot",
         "CanMount": "on",
         "LastUsed": 1577777777
      },
      {
         "Name": "bpool/BOOT/ubuntu_9876@snap3",
         "IsSnapshot": true,
         "Mountpoint": "/boot",
         "CanMount": "on",
         "LastUsed": 1522222222
      },
      {
         "Name": "bpool/BOOT/ubuntu_9999",
         "Mountpoint": "/boot",
         "CanMount": "noauto"
      },
      {
         "Name": "rpool/ROOT/ubuntu_1234",
         "Mountpoint": "/",
         "CanMount": "noauto",
         "BootFS": true,
         "LastUsed": 1599999999,
         "LastBootedKernel": "vmlinuz-5.2.0-0-generic",
         "Origin": "rpool/ROOT/ubuntu_9876@snap2"
      },
      {
         "Name": "rpool/ROOT/ubuntu_1234@snap1",
         "IsSnapshot": true,
         "Mountpoint": "/",
         "CanMount": "on",
         "BootFS": true,
         "LastUsed": 1588888888,
         "LastBootedKernel": "vmlinuz-5.1.0-1-generic"
      },
      {
         "Name": "rpool/ROOT/ubuntu_1234/var",
         "Mountpoint": "/var",
         "CanMount": "noauto",
         "BootFS": true,
         "LastUsed": 1599999999,
         "LastBootedKernel": "vmlinuz-5.2.0-0-generic",
         "Origin": "rpool/ROOT/ubuntu_9876/var@snap2"
      },
      {
         "Name": "rpool/ROOT/ubuntu_1234/var@snap1",
         "IsSnapshot": true,
         "Mountpoint": "/var",
         "CanMount": "on",
         "BootFS": true,
         "LastUsed": 1588888888,
         "LastBootedKernel": "vmlinuz-5.1.0-1-generic"
      },
      {
         "Name": "rpool/ROOT/ubuntu_1234/var/lib",
         "Mountpoint": "/var/lib",
         "CanMount": "off",
         "LastUsed": 1599999999,
         "LastBootedKernel": "vmlinuz-5.2.0-0-generic",
         "Origin": "rpool/ROOT/ubuntu_9876/var/lib@snap2"
      },
      {
         "Name": "rpool/ROOT/ubuntu_1234/var/lib@snap1",
         "IsSnapshot": true,
         "Mountpoint": "/var/lib",
         "CanMount": "on",
         "LastUsed": 1588888888,
         "LastBootedKernel": "vmlinuz-5.1.0-1-generic"
      },
      {
         "Name": "rpool/ROOT/ubuntu_1234/var/lib/AccountsService",
         "Mountpoint": "/var/lib/AccountsService",
         "CanMount": "noauto",
         "LastUsed": 1599999999,
         "LastBootedKernel": "vmlinuz-5.2.0-0-generic",
         "Origin": "rpool/ROOT/ubuntu_9876/var/lib/AccountsService@snap2"
      },
      {
         "Name": "rpool/ROOT/ubuntu_1234/var/lib/AccountsService@snap1",
         "IsSnapshot": true,
         "Mountpoint": "/var/lib/AccountsService",
         "CanMount": "on",
         "LastUsed": 1588888888,
         "LastBootedKernel": "vmlinuz-5.1.0-1-generic"
      },
      {
         "Name": "rpool/ROOT/ubuntu_1234/var/lib/NetworkManager",
         "Mountpoint": "/var/lib/NetworkManager",
         "CanMount": "noauto",
         "LastUsed": 1599999999,
         "LastBootedKernel": "vmlinuz-5.2.0-0-generic",
         "Origin": "rpool/ROOT/ubuntu_9876/var/lib/NetworkManager@snap2"
      },
      {
         "Name": "rpool/ROOT/ubuntu_1234/var/lib/NetworkManager@snap1",
         "IsSnapshot": true,
         "Mountpoint": "/var/lib/NetworkManager",
         "CanMount": "on",
         "LastUsed": 1588888888,
         "LastBootedKernel": "vmlinuz-5.1.0-1-generic"
      },
      {
         "Name": "rpool/ROOT/ubuntu_1234/var/lib/apt",
         "Mountpoint": "/var/lib/apt",
         "CanMount": "noauto",
         "LastUsed": 1599999999,
         "LastBootedKernel": "vmlinuz-5.2.0-0-generic",
         "Origin": "rpool/ROOT/ubuntu_9876/var/lib/apt@snap2"
      },
      {
         "Name": "rpool/ROOT/ubuntu_1234/var/lib/apt@snap1",
         "IsSnapshot": true,
         "Mountpoint": "/var/lib/apt",
         "CanMount": "on",
         "LastUsed": 1588888888,
         "LastBootedKernel": "vmlinuz-5.1.0-1-generic"
      },
      {
         "Name": "rpool/ROOT/ubuntu_1234/var/lib/aptitude",
         "Mountpoint": "/var/lib/aptitude",
         "CanMount": "noauto",
         "LastUsed": 1599999999,
         "LastBootedKernel": "vmlinuz-5.2.0-0-generic",
         "Origin": "rpool/ROOT/ubuntu_9876/var/lib/aptitude@snap2"
      },
      {
         "Name": "rpool/ROOT/ubuntu_1234/var/lib/aptitude@snap1",
         "IsSnapshot": true,
         "Mountpoint": "/var/lib/aptitude",
         "CanMount": "on",
         "LastUsed": 1588888888,
         "LastBootedKernel": "vmlinuz-5.1.0-1-generic"
      },
      {
         "Name": "rpool/ROOT/ubuntu_1234/var/lib/dpkg",
         "Mountpoint": "/var/lib/dpkg",
         "CanMount": "noauto",
         "LastUsed": 1599999999,
         "LastBootedKernel": "vmlinuz-5.2.0-0-generic",
         "Origin": "rpool/ROOT/ubuntu_9876/var/lib/dpkg@snap2"
      },
      {
         "Name": "rpool/ROOT/ubuntu_1234/var/lib/dpkg@snap1",
         "IsSnapshot": true,
         "Mountpoint": "/var/lib/dpkg",
         "CanMount": "on",
         "LastUsed": 1588888888,
         "LastBootedKernel": "vmlinuz-5.1.0-1-generic"
      },
      {
         "Name": "rpool/ROOT/ubuntu_5678",
         "Mountpoint": "/",
         "CanMount": "noauto",
         "BootFS": true,
         "LastUsed": 1533333333,
         "LastBootedKernel": "vmlinuz-5.0.0-0-generic",
         "Origin": "rpool/ROOT/ubuntu_9876@snap3"
      },
      {
         "Name": "rpool/ROOT/ubuntu_5678/var",
         "Mountpoint": "/var",
         "CanMount": "noauto",
         "BootFS": true,
         "LastUsed": 1533333333,
         "LastBootedKernel": "vmlinuz-5.0.0-0-generic",
         "Origin": "rpool/ROOT/ubuntu_9876/var@snap3"
      },
      {
         "Name": "rpool/ROOT/ubuntu_5678/var/lib",
         "Mountpoint": "/var/lib",
         "CanMount": "off",
         "LastUsed": 1533333333,
         "LastBootedKernel": "vmlinuz-5.0.0-0-generic",
         "Origin": "rpool/ROOT/ubuntu_9876/var/lib@snap3"
      },
      {
         "Name": "rpool/ROOT/ubuntu_5678/var/lib/AccountsService",
         "Mountpoint": "/var/lib/AccountsService",
         "CanMount": "noauto",
         "LastUsed": 1533333333,
         "LastBootedKernel": "vmlinuz-5.0.0-0-generic",
         "Origin": "rpool/ROOT/ubuntu_9876/var/lib/AccountsService@snap3"
      },
      {
         "Name": "rpool/ROOT/ubuntu_5678/var/lib/NetworkManager",
         "Mountpoint": "/var/lib/NetworkManager",
         "CanMount": "noauto",
         "LastUsed": 1533333333,
         "LastBootedKernel": "vmlinuz-5.0.0-0-generic",
         "Origin": "rpool/ROOT/ubuntu_9876/var/lib/NetworkManager@snap3"
      },
      {
         "Name": "rpool/ROOT/ubuntu_5678/var/lib/apt",
         "Mountpoint": "/var/lib/apt",
         "CanMount": "noauto",
         "LastUsed": 1533333333,
         "LastBootedKernel": "vmlinuz-5.0.0-0-generic",
         "Origin": "rpool/ROOT/ubuntu_9876/var/lib/apt@snap3"
      },
      {
         "Name": "rpool/ROOT/ubuntu_5678/var/lib/aptitude",
         "Mountpoint": "/var/lib/aptitude",
         "CanMount": "noauto",
         "LastUsed": 1533333333,
         "LastBootedKernel": "vmlinuz-5.0.0-0-generic",
         "Origin": "rpool/ROOT/ubuntu_9876/var/lib/aptitude@snap3"
      },
      {
         "Name": "rpool/ROOT/ubuntu_5678/var/lib/dpkg",
         "Mountpoint": "/var/lib/dpkg",
         "CanMount": "noauto",
         "LastUsed": 1533333333,
         "LastBootedKernel": "vmlinuz-5.0.0-0-generic",
         "Origin": "rpool/ROOT/ubuntu_9876/var/lib/dpkg@snap3"
      },
      {
         "Name": "rpool/ROOT/ubuntu_9876",
         "Mountpoint": "/",
         "CanMount": "on",
         "BootFS": true,
         "LastUsed": 2000000000
      },
      {
         "Name": "rpool/ROOT/ubuntu_9876@snap2",
         "IsSnapshot": true,
         "Mountpoint": "/",
         "CanMount": "on",
         "BootFS": true,
         "LastUsed": 1577777777,
         "LastBootedKernel": "vmlinuz-5.1.0-2-generic"
      },
      {
         "Name": "rpool/ROOT/ubuntu_9876@snap3",
         "IsSnapshot": true,
         "Mountpoint": "/",
         "CanMount": "on",
         "BootFS": true,
         "LastUsed": 1522222222,
         "LastBootedKernel": "vmlinuz-5.0.0-3-generic"
      },
      {
         "Name": "rpool/ROOT/ubuntu_9876/var",
         "Mountpoint": "/var",
         "CanMount": "on",
         "BootFS": true,
         "LastUsed": 2000000000
      },
      {
         "Name": "rpool/ROOT/ubuntu_9876/var@snap2",
         "IsSnapshot": true,
         "Mountpoint": "/var",
         "CanMount": "on",
         "BootFS": true,
         "LastUsed": 1577777777,
         "LastBootedKernel": "vmlinuz-5.2.0-0-generic"
      },
      {
         "Name": "rpool/ROOT/ubuntu_9876/var@snap3",
         "IsSnapshot": true,
         "Mountpoint": "/var",
         "CanMount": "on",
         "BootFS": true,
         "LastUsed": 1522222222,
         "LastBootedKernel": "vmlinuz-5.0.0-3-generic"
      },
      {
         "Name": "rpool/ROOT/ubuntu_9876/var/lib",
         "Mountpoint": "/var/lib",
         "CanMount": "off",
         "LastUsed": 2000000000
      },
      {
         "Name": "rpool/ROOT/ubuntu_9876/var/lib@snap2",
         "IsSnapshot": true,
         "Mountpoint": "/var/lib",
         "CanMount": "on",
         "LastUsed": 1577777777,
         "LastBootedKernel": "vmlinuz-5.2.0-0-generic"
      },
      {
         "Name": "rpool/ROOT/ubuntu_9876/var/lib@snap3",
         "IsSnapshot": true,
         "Mountpoint": "/var/lib",
         "CanMount": "on",
         "LastUsed": 1522222222,
         "LastBootedKernel": "vmlinuz-5.0.0-3-generic"
      },
      {
         "Name": "rpool/ROOT/ubuntu_9876/var/lib/AccountsService",
         "Mountpoint": "/var/lib/AccountsService",
         "CanMount": "on",
         "LastUsed": 2000000000
      },
      {
         "Name": "rpool/ROOT/ubuntu_9876/var/lib/AccountsService@snap2",
         "IsSnapshot": true,
         "Mountpoint": "/var/lib/AccountsService",
         "CanMount": "on",
         "LastUsed": 1577777777,
         "LastBootedKernel": "vmlinuz-5.2.0-0-generic"
      },
      {
         "Name": "rpool/ROOT/ubuntu_9876/var/lib/AccountsService@snap3",
         "IsSnapshot": true,
         "Mountpoint": "/var/lib/AccountsService",
         "CanMount": "on",
         "LastUsed": 1522222222,
         "LastBootedKernel": "vmlinuz-5.0.0-3-generic"
      },
      {
         "Name": "rpool/ROOT/ubuntu_9876/var/lib/NetworkManager",
         "Mountpoint": "/var/lib/NetworkManager",
         "CanMount": "on",
         "LastUsed": 2000000000
      },
      {
         "Name": "rpool/ROOT/ubuntu_9876/var/lib/NetworkManager@snap2",
         "IsSnapshot": true,
         "Mountpoint": "/var/lib/NetworkManager",
         "CanMount": "on",
         "LastUsed": 1577777777,
         "LastBootedKernel": "vmlinuz-5.2.0-0-generic"
      },
      {
         "Name": "rpool/ROOT/ubuntu_9876/var/lib/NetworkManager@snap3",
         "IsSnapshot": true,
         "Mountpoint": "/var/lib/NetworkManager",
         "CanMount": "on",
         "LastUsed": 1522222222,
         "LastBootedKernel": "vmlinuz-5.0.0-3-generic"
      },
      {
         "Name": "rpool/ROOT/ubuntu_9876/var/lib/apt",
         "Mountpoint": "/var/lib/apt",
         "CanMount": "on",
         "LastUsed": 2000000000
      },
      {
         "Name": "rpool/ROOT/ubuntu_9876/var/lib/apt@snap2",
         "IsSnapshot": true,
         "Mountpoint": "/var/lib/apt",
         "CanMount": "on",
         "LastUsed": 1577777777,
         "LastBootedKernel": "vmlinuz-5.2.0-0-generic"
      },
      {
         "Name": "rpool/ROOT/ubuntu_9876/var/lib/apt@snap3",
         "IsSnapshot": true,
         "Mountpoint": "/var/lib/apt",
         "CanMount": "on",
         "LastUsed": 1522222222,
         "LastBootedKernel": "vmlinuz-5.0.0-3-generic"
      },
      {
         "Name": "rpool/ROOT/ubuntu_9876/var/lib/aptitude",
         "Mountpoint": "/var/lib/aptitude",
         "CanMount": "on",
         "LastUsed": 2000000000
      },
      {
         "Name": "rpool/ROOT/ubuntu_9876/var/lib/aptitude@snap2",
         "IsSnapshot": true,
         "Mountpoint": "/var/lib/aptitude",
         "CanMount": "on",
         "LastUsed": 1577777777,
         "LastBootedKernel": "vmlinuz-5.2.0-0-generic"
      },
      {
         "Name": "rpool/ROOT/ubuntu_9876/var/lib/aptitude@snap3",
         "IsSnapshot": true,
         "Mountpoint": "/var/lib/aptitude",
         "CanMount": "on",
         "LastUsed": 1522222222,
         "LastBootedKernel": "vmlinuz-5.0.0-3-generic"
      },
      {
         "Name": "rpool/ROOT/ubuntu_9876/var/lib/dpkg",
         "Mountpoint": "/var/lib/dpkg",
         "CanMount": "on",
         "LastUsed": 2000000000
      },
      {
         "Name": "rpool/ROOT/ubuntu_9876/var/lib/dpkg@snap2",
         "IsSnapshot": true,
         "Mountpoint": "/var/lib/dpkg",
         "CanMount": "on",
         "LastUsed": 1577777777,
         "LastBootedKernel": "vmlinuz-5.2.0-0-generic"
      },
      {
         "Name": "rpool/ROOT/ubuntu_9876/var/lib/dpkg@snap3",
         "IsSnapshot": true,
         "Mountpoint": "/var/lib/dpkg",
         "CanMount": "on",
         "LastUsed": 1522222222,
         "LastBootedKernel": "vmlinuz-5.0.0-3-generic"
      },
      {
         "Name": "rpool/ROOT/ubuntu_9999",
         "Mountpoint": "/",
         "CanMount": "noauto",
         "BootFS": true,
         "LastUsed": 1555555555,
         "LastBootedKernel": "vmlinuz-5.0.9-0-generic"
      },
      {
         "Name": "rpool/ROOT/ubuntu_9999/var",
         "Mountpoint": "/var",
         "CanMount": "noauto",
         "BootFS": true,
         "LastUsed": 1555555555,
         "LastBootedKernel": "vmlinuz-5.0.9-0-generic"
      },
      {
         "Name": "rpool/ROOT/ubuntu_9999/var/lib",
         "Mountpoint": "/var/lib",
         "CanMount": "off",
         "LastUsed": 1555555555,
         "LastBootedKernel": "vmlinuz-5.0.9-0-generic"
      },
      {
         "Name": "rpool/ROOT/ubuntu_9999/var/lib/AccountsService",
         "Mountpoint": "/var/lib/AccountsService",
         "CanMount": "noauto",
         "LastUsed": 1555555555,
         "LastBootedKernel": "vmlinuz-5.0.9-0-generic"
      },
      {
         "Name": "rpool/ROOT/ubuntu_9999/var/lib/NetworkManager",
         "Mountpoint": "/var/lib/NetworkManager",
         "CanMount": "noauto",
         "LastUsed": 1555555555,
         "LastBootedKernel": "vmlinuz-5.0.9-0-generic"
      },
      {
         "Name": "rpool/ROOT/ubuntu_9999/var/lib/apt",
         "Mountpoint": "/var/lib/apt",
         "CanMount": "noauto",
         "LastUsed": 1555555555,
         "LastBootedKernel": "vmlinuz-5.0.9-0-generic"
      },
      {
         "Name": "rpool/ROOT/ubuntu_9999/var/lib/aptitude",
         "Mountpoint": "/var/lib/aptitude",
         "CanMount": "noauto",
         "LastUsed": 1555555555,
         "LastBootedKernel": "vmlinuz-5.0.9-0-generic"
      },
      {
         "Name": "rpool/ROOT/ubuntu_9999/var/lib/dpkg",
         "Mountpoint": "/var/lib/dpkg",
         "CanMount": "noauto",
         "LastUsed": 1555555555,
         "LastBootedKernel": "vmlinuz-5.0.9-0-generic"
      }
   ],
   "AllUsersDatasets": [
      {
         "Name": "rpool/USERDATA/root_bcde",
         "Mountpoint": "/root",
         "CanMount": "on",
         "LastUsed": 2000000000,
         "BootfsDatasets": "rpool/ROOT/ubuntu_1234,rpool/ROOT/ubuntu_9876"
      },
      {
         "Name": "rpool/USERDATA/root_bcde@snap1",
         "IsSnapshot": true,
         "Mountpoint": "/root",
         "CanMount": "on",
         "LastUsed": 1588888888
      },
      {
         "Name": "rpool/USERDATA/user1_abcd",
         "Mountpoint": "/home/user1",
         "CanMount": "on",
         "LastUsed": 2000000000,
         "BootfsDatasets": "rpool/ROOT/ubuntu_1234,rpool/ROOT/ubuntu_9876"
      },
      {
         "Name": "rpool/USERDATA/user1_abcd@snap1",
         "IsSnapshot": true,
         "Mountpoint": "/home/user1",
         "CanMount": "on",
         "LastUsed": 1588888888
      },
      {
         "Name": "rpool/USERDATA/user1_efgh",
         "Mountpoint": "/home/user1",
         "CanMount": "noauto",
         "LastUsed": 1544444444,
         "BootfsDatasets": "rpool/ROOT/ubuntu_5678",
         "Origin": "rpool/USERDATA/user1_abcd@snap1"
      },
      {
         "Name": "rpool/USERDATA/user1_efgh@snap2",
         "IsSnapshot": true,
         "Mountpoint": "/home/user1",
         "CanMount": "on",
         "LastUsed": 1577777777
      },
      {
         "Name": "rpool/USERDATA/user1_efgh@snap3",
         "IsSnapshot": true,
         "Mountpoint": "/home/user1",
         "CanMount": "on",
         "LastUsed": 1522222222
      },
      {
         "Name": "rpool/USERDATA/user2_aaaa",
         "Mountpoint": "/home/user2",
         "CanMount": "noauto",
         "LastUsed": 1544444444,
         "BootfsDatasets": "rpool/ROOT/ubuntu_9999"
      }
   ],
   "AllPersistentDatasets": [
      {
         "Name": "rpool/srv",
         "Mountpoint": "/srv",
         "CanMount": "on"
      },
      {
         "Name": "rpool/var/games",
         "Mountpoint": "/var/games",
         "CanMount": "on"
      },
      {
         "Name": "rpool/var/lib",
         "Mountpoint": "/var/lib",
         "CanMount": "on"
      },
      {
         "Name": "rpool/var/log",
         "Mountpoint": "/var/log",
         "CanMount": "on"
      },
      {
         "Name": "rpool/var/mail",
         "Mountpoint": "/var/mail",
         "CanMount": "on"
      },
      {
         "Name": "rpool/var/snap",
         "Mountpoint": "/var/snap",
         "CanMount": "on"
      },
      {
         "Name": "rpool/var/spool",
         "Mountpoint": "/var/spool",
         "CanMount": "on"
      },
      {
         "Name": "rpool/var/www",
         "Mountpoint": "/var/www",
         "CanMount": "on"
      }
   ],
   "UnmanagedDatasets": [
      {
         "Name": "rpool",
         "Mountpoint": "/",
         "CanMount": "off"
      },
      {
         "Name": "rpool/ROOT",
         "Mountpoint": "/ROOT",
         "CanMount": "off"
      },
      {
         "Name": "rpool/USERDATA",
         "Mountpoint": "/USERDATA",
         "CanMount": "off"
      },
      {
         "Name": "rpool/var",
         "Mountpoint": "/var",
         "CanMount": "off"
      }
   ]
}