{
   "All": {
      "rpool/ROOT/ubuntu": {
         "IsZsys": true,
         "ID": "rpool/ROOT/ubuntu",
         "LastUsed": "2033-05-18T05:33:20+02:00",
         "Datasets": {
            "rpool/ROOT/ubuntu": [
               {
                  "Name": "rpool/ROOT/ubuntu",
                  "Mountpoint": "/",
                  "CanMount": "on",
                  "BootFS": true,
                  "LastUsed": 2000000000
               },
               {
                  "Name": "rpool/ROOT/ubuntu/opt",
                  "Mountpoint": "/opt",
                  "CanMount": "on",
                  "BootFS": true,
                  "LastUsed": 2000000000
               }
            ]
         },
         "History": {
            "rpool/ROOT/ubuntu@snap1": {
               "ID": "rpool/ROOT/ubuntu@snap1",
               "LastUsed": "2018-12-10T13:20:44+01:00",
               "Datasets": {
                  "rpool/ROOT/ubuntu@snap1": [
                     {
                        "Name": "rpool/ROOT/ubuntu@snap1",
                        "IsSnapshot": true,
                        "Mountpoint": "/",
                        "CanMount": "on",
                        "BootFS": true,
                        "LastUsed": 1544444444
                     },
                     {
                        "Name": "rpool/ROOT/ubuntu/opt@snap1",
                        "IsSnapshot": true,
                        "Mountpoint": "/opt",
                        "CanMount": "on",
                        "LastUsed": 1544444444
                     }
                  ]
               }
            },
            "rpool/ROOT/ubuntu_5678": {
               "ID": "rpool/ROOT/ubuntu_5678",
               "LastUsed": "2019-12-31T08:36:17+01:00",
               "Datasets": {
                  "rpool/ROOT/ubuntu_5678": [
                     {
                        "Name": "rpool/ROOT/ubuntu_5678",
                        "Mountpoint": "/",
                        "CanMount": "noauto",
                        "BootFS": true,
                        "LastUsed": 1577777777,
                        "Origin": "rpool/ROOT/ubuntu@snap1"
                     },
                     {
                        "Name": "rpool/ROOT/ubuntu_5678/opt",
                        "Mountpoint": "/opt",
                        "CanMount": "noauto",
                        "BootFS": true,
                        "LastUsed": 1577777777,
                        "Origin": "rpool/ROOT/ubuntu/opt@snap1"
                     }
                  ]
               }
            }
         }
      }
   },
   "Cmdline": "aaaaa bbbbb root=ZFS=rpool/ROOT/ubuntu ccccc",
   "Current": {
      "IsZsys": true,
      "ID": "rpool/ROOT/ubuntu",
      "LastUsed": "2033-05-18T05:33:20+02:00",
      "Datasets": {
         "rpool/ROOT/ubuntu": [
            {
               "Name": "rpool/ROOT/ubuntu",
               "Mountpoint": "/",
               "CanMount": "on",
               "BootFS": true,
               "LastUsed": 2000000000
            },
            {
               "Name": "rpool/ROOT/ubuntu/opt",
               "Mountpoint": "/opt",
               "CanMount": "on",
               "BootFS": true,
               "LastUsed": 2000000000
            }
         ]
      },
      "History": {
         "rpool/ROOT/ubuntu@snap1": {
            "ID": "rpool/ROOT/ubuntu@snap1",
            "LastUsed": "2018-12-10T13:20:44+01:00",
            "Datasets": {
               "rpool/ROOT/ubuntu@snap1": [
                  {
                     "Name": "rpool/ROOT/ubuntu@snap1",
                     "IsSnapshot": true,
                     "Mountpoint": "/",
                     "CanMount": "on",
                     "BootFS": true,
                     "LastUsed": 1544444444
                  },
                  {
                     "Name": "rpool/ROOT/ubuntu/opt@snap1",
                     "IsSnapshot": true,
                     "Mountpoint": "/opt",
                     "CanMount": "on",
                     "LastUsed": 1544444444
                  }
               ]
            }
         },
         "rpool/ROOT/ubuntu_5678": {
            "ID": "rpool/ROOT/ubuntu_5678",
            "LastUsed": "2019-12-31T08:36:17+01:00",
            "Datasets": {
               "rpool/ROOT/ubuntu_5678": [
                  {
                     "Name": "rpool/ROOT/ubuntu_5678",
                     "Mountpoint": "/",
                     "CanMount": "noauto",
                     "BootFS": true,
                     "LastUsed": 1577777777,
                     "Origin": "rpool/ROOT/ubuntu@snap1"
                  },
                  {
                     "Name": "rpool/ROOT/ubuntu_5678/opt",
                     "Mountpoint": "/opt",
                     "CanMount": "noauto",
                     "BootFS": true,
                     "LastUsed": 1577777777,
                     "Origin": "rpool/ROOT/ubuntu/opt@snap1"
                  }
               ]
            }
         }
      }
   },
   "AllSystemDatasets": [
      {
         "Name": "rpool/ROOT/ubuntu",
         "Mountpoint": "/",
         "CanMount": "on",
         "BootFS": true,
         "LastUsed": 2000000000
      },
      {
         "Name": "rpool/ROOT/ubuntu@snap1",
         "IsSnapshot": true,
         "Mountpoint": "/",
         "CanMount": "on",
         "BootFS": true,
         "LastUsed": 1544444444
      },
      {
         "Name": "rpool/ROOT/ubuntu/opt",
         "Mountpoint": "/opt",
         "CanMount": "on",
         "BootFS": true,
         "LastUsed": 2000000000
      },
      {
         "Name": "rpool/ROOT/ubuntu/opt@snap1",
         "IsSnapshot": true,
         "Mountpoint": "/opt",
         "CanMount": "on",
         "LastUsed": 1544444444
      },
      {
         "Name": "rpool/ROOT/ubuntu_5678",
         "Mountpoint": "/",
         "CanMount": "noauto",
         "BootFS": true,
         "LastUsed": 1577777777,
         "Origin": "rpool/ROOT/ubuntu@snap1"
      },
      {
         "Name": "rpool/ROOT/ubuntu_5678/opt",
         "Mountpoint": "/opt",
         "CanMount": "noauto",
         "BootFS": true,
         "LastUsed": 1577777777,
         "Origin": "rpool/ROOT/ubuntu/opt@snap1"
      }
   ],
   "UnmanagedDatasets": [
      {
         "Name": "rpool",
         "Mountpoint": "/",
         "CanMount": "off"
      },
      {
         "Name": "rpool/ROOT",
         "Mountpoint": "/ROOT",
         "CanMount": "off"
      }
   ]
}