[
   {
      "Name": "rpool",
      "Mountpoint": "/",
      "CanMount": "off",
      "Sources": {
         "Mountpoint": "local",
         "CanMount": "local"
      }
   },
   {
      "Name": "rpool/ROOT",
      "Mountpoint": "/ROOT",
      "CanMount": "off",
      "Sources": {
         "Mountpoint": "inherited",
         "CanMount": "local"
      }
   },
   {
      "Name": "rpool/ROOT/ubuntu",
      "Mountpoint": "/",
      "CanMount": "on",
      "BootFS": true,
      "LastUsed": 1555555555,
      "Sources": {
         "Mountpoint": "local",
         "CanMount": "local",
         "BootFS": "local",
         "LastUsed": "local"
      }
   },
   {
      "Name": "rpool/ROOT/ubuntu/inherited",
      "Mountpoint": "/inherited",
      "CanMount": "off",
      "BootFS": true,
      "LastUsed": 1555555555,
      "Sources": {
         "Mountpoint": "inherited",
         "CanMount": "local",
         "BootFS": "inherited",
         "LastUsed": "inherited"
      }
   },
   {
      "Name": "rpool/ROOT/ubuntu/inherited@snap_local_inherited",
      "IsSnapshot": true,
      "LastUsed": 2000000000,
      "BootfsDatasets": "bootfsDatasetValue",
      "Sources": {
         "Mountpoint": "inherited",
         "BootfsDatasets": "inherited"
      }
   },
   {
      "Name": "rpool/ROOT/ubuntu2",
      "Mountpoint": "/ROOT/ubuntu2",
      "CanMount": "off",
      "Sources": {
         "Mountpoint": "inherited",
         "CanMount": "local"
      }
   },
   {
      "Name": "rpool/ROOT/ubuntu2@snap_default",
      "IsSnapshot": true,
      "LastUsed": 2000000000,
      "BootfsDatasets": "bootfsDatasetValue",
      "Sources": {
         "Mountpoint": "inherited",
         "BootfsDatasets": "default"
      }
   },
   {
      "Name": "rpool/ROOT/ubuntu2_5678",
      "Mountpoint": "/ROOT/ubuntu2_5678",
      "CanMount": "on",
      "Origin": "rpool/ROOT/ubuntu2@snap_default",
      "Sources": {
         "Mountpoint": "inherited"
      }
   },
   {
      "Name": "rpool/ROOT/ubuntu@snap_local_inherited",
      "IsSnapshot": true,
      "LastUsed": 2000000000,
      "BootfsDatasets": "bootfsDatasetValue",
      "Sources": {
         "Mountpoint": "inherited",
         "BootfsDatasets": "local"
      }
   }
]