{
   "All": {
      "rpool/ROOT/ubuntu_1234": {
         "IsZsys": true,
         "ID": "rpool/ROOT/ubuntu_1234",
         "LastUsed": "2020-05-08T00:01:28+02:00",
         "Datasets": {
            "bpool/BOOT/ubuntu_1234": [
               {
                  "Name": "bpool/BOOT/ubuntu_1234",
                  "Mountpoint": "/boot",
                  "CanMount": "on",
                  "BootFS": true,
                  "LastUsed": 1588888888
               },
               {
                  "Name": "bpool/BOOT/ubuntu_1234/grub",
                  "Mountpoint": "/boot/grub",
                  "CanMount": "on",
                  "BootFS": true,
                  "LastUsed": 1588888888
               }
            ],
            "rpool/ROOT/ubuntu_1234": [
               {
                  "Name": "rpool/ROOT/ubuntu_1234",
                  "Mountpoint": "/",
                  "CanMount": "on",
                  "BootFS": true,
                  "LastUsed": 1588888888
               },
               {
                  "Name": "rpool/ROOT/ubuntu_1234/opt",
                  "Mountpoint": "/opt",
                  "CanMount": "on",
                  "BootFS": true,
                  "LastUsed": 1588888888
               }
            ]
         },
         "Users": {
            "root": {
               "ID": "rpool/USERDATA/root_bcde",
               "LastUsed": "2018-08-03T23:55:33+02:00",
               "Datasets": {
                  "rpool/USERDATA/root_bcde": [
                     {
                        "Name": "rpool/USERDATA/root_bcde",
                        "Mountpoint": "/root",
                        "CanMount": "on",
                        "LastUsed": 1533333333,
                        "BootfsDatasets": "rpool/ROOT/ubuntu_1234"
                     }
                  ]
               }
            },
            "user1": {
               "ID": "rpool/USERDATA/user1_abcd",
               "LastUsed": "2018-12-10T13:20:44+01:00",
               "Datasets": {
                  "rpool/USERDATA/user1_abcd": [
                     {
                        "Name": "rpool/USERDATA/user1_abcd",
                        "Mountpoint": "/home/user1",
                        "CanMount": "on",
                        "LastUsed": 1544444444,
                        "BootfsDatasets": "rpool/ROOT/ubuntu_1234"
                     }
                  ]
               }
            }
         },
         "AllUsersStates": {
            "root": {
               "rpool/USERDATA/root_bcde": {
                  "ID": "rpool/USERDATA/root_bcde",
                  "LastUsed": "2018-08-03T23:55:33+02:00",
                  "Datasets": {
                     "rpool/USERDATA/root_bcde": [
                        {
                           "Name": "rpool/USERDATA/root_bcde",
                           "Mountpoint": "/root",
                           "CanMount": "on",
                           "LastUsed": 1533333333,
                           "BootfsDatasets": "rpool/ROOT/ubuntu_1234"
                        }
                     ]
                  }
               },
               "rpool/USERDATA/root_bcde@snap1": {
                  "ID": "rpool/USERDATA/root_bcde@snap1",
                  "LastUsed": "2018-03-28T09:30:22+02:00",
                  "Datasets": {
                     "rpool/USERDATA/root_bcde@snap1": [
                        {
                           "Name": "rpool/USERDATA/root_bcde@snap1",
                           "IsSnapshot": true,
                           "Mountpoint": "/root",
                           "CanMount": "on",
                           "LastUsed": 1522222222
                        }
                     ]
                  }
               },
               "rpool/USERDATA/root_bcde@snap2": {
                  "ID": "rpool/USERDATA/root_bcde@snap2",
                  "LastUsed": "2019-04-18T04:45:55+02:00",
                  "Datasets": {
                     "rpool/USERDATA/root_bcde@snap2": [
                        {
                           "Name": "rpool/USERDATA/root_bcde@snap2",
                           "IsSnapshot": true,
                           "Mountpoint": "/root",
                           "CanMount": "on",
                           "BootFS": true,
                           "LastUsed": 1555555555
                        }
                     ]
                  }
               },
               "rpool/USERDATA/root_bcde@snap3": {
                  "ID": "rpool/USERDATA/root_bcde@snap3",
                  "LastUsed": "2019-08-24T19:11:06+02:00",
                  "Datasets": {
                     "rpool/USERDATA/root_bcde@snap3": [
                        {
                           "Name": "rpool/USERDATA/root_bcde@snap3",
                           "IsSnapshot": true,
                           "Mountpoint": "/root",
                           "CanMount": "on",
                           "BootFS": true,
                           "LastUsed": 1566666666
                        }
                     ]
                  }
               },
               "rpool/USERDATA/root_cdef": {
                  "ID": "rpool/USERDATA/root_cdef",
                  "LastUsed": "2018-08-03T23:55:33+02:00",
                  "Datasets": {
                     "rpool/USERDATA/root_cdef": [
                        {
                           "Name": "rpool/USERDATA/root_cdef",
                           "Mountpoint": "/root",
                           "CanMount": "on",
                           "LastUsed": 1533333333,
                           "BootfsDatasets": "rpool/ROOT/ubuntu_5678",
                           "Origin": "rpool/USERDATA/root_bcde@snap2"
                        }
                     ]
                  }
               },
               "rpool/USERDATA/root_cdef@snap4": {
                  "ID": "rpool/USERDATA/root_cdef@snap4",
                  "LastUsed": "2019-08-24T19:11:06+02:00",
                  "Datasets": {
                     "rpool/USERDATA/root_cdef@snap4": [
                        {
                           "Name": "rpool/USERDATA/root_cdef@snap4",
                           "IsSnapshot": true,
                           "Mountpoint": "/root",
                           "CanMount": "on",
                           "LastUsed": 1566666666
                        }
                     ]
                  }
               },
               "rpool/USERDATA/root_cdef@snaproot1": {
                  "ID": "rpool/USERDATA/root_cdef@snaproot1",
                  "LastUsed": "2018-03-28T09:30:22+02:00",
                  "Datasets": {
                     "rpool/USERDATA/root_cdef@snaproot1": [
                        {
                           "Name": "rpool/USERDATA/root_cdef@snaproot1",
                           "IsSnapshot": true,
                           "Mountpoint": "/root",
                           "CanMount": "on",
                           "LastUsed": 1522222222
                        }
                     ]
                  }
               },
               "rpool/USERDATA/root_defg": {
                  "ID": "rpool/USERDATA/root_defg",
                  "LastUsed": "2018-08-03T23:55:33+02:00",
                  "Datasets": {
                     "rpool/USERDATA/root_defg": [
                        {
                           "Name": "rpool/USERDATA/root_defg",
                           "Mountpoint": "/root",
                           "CanMount": "on",
                           "LastUsed": 1533333333,
                           "BootfsDatasets": "rpool/ROOT/ubuntu_9999",
                           "Origin": "rpool/USERDATA/root_bcde@snap3"
                        }
                     ]
                  }
               },
               "rpool/USERDATA/root_defg@snaproot2": {
                  "ID": "rpool/USERDATA/root_defg@snaproot2",
                  "LastUsed": "2018-03-28T09:30:22+02:00",
                  "Datasets": {
                     "rpool/USERDATA/root_defg@snaproot2": [
                        {
                           "Name": "rpool/USERDATA/root_defg@snaproot2",
                           "IsSnapshot": true,
                           "Mountpoint": "/root",
                           "CanMount": "on",
                           "LastUsed": 1522222222
                        }
                     ]
                  }
               },
               "rpool/USERDATA/root_ghij": {
                  "ID": "rpool/USERDATA/root_ghij",
                  "LastUsed": "0001-01-01T00:00:00Z",
                  "Datasets": {
                     "rpool/USERDATA/root_ghij": [
                        {
                           "Name": "rpool/USERDATA/root_ghij",
                           "Mountpoint": "/root",
                           "CanMount": "on",
                           "Origin": "rpool/USERDATA/root_defg@snaproot2"
                        }
                     ]
                  }
               }
            },
            "user1": {
               "rpool/USERDATA/user1_abcd": {
                  "ID": "rpool/USERDATA/user1_abcd",
                  "LastUsed": "2018-12-10T13:20:44+01:00",
                  "Datasets": {
                     "rpool/USERDATA/user1_abcd": [
                        {
                           "Name": "rpool/USERDATA/user1_abcd",
                           "Mountpoint": "/home/user1",
                           "CanMount": "on",
                           "LastUsed": 1544444444,
                           "BootfsDatasets": "rpool/ROOT/ubuntu_1234"
                        }
                     ]
                  }
               }
            }
         },
         "History": {
            "rpool/ROOT/ubuntu_1234@snap1": {
               "ID": "rpool/ROOT/ubuntu_1234@snap1",
               "LastUsed": "2018-12-10T13:20:44+01:00",
               "Datasets": {
                  "bpool/BOOT/ubuntu_1234@snap1": [
                     {
                        "Name": "bpool/BOOT/ubuntu_1234@snap1",
                        "IsSnapshot": true,
                        "Mountpoint": "/boot",
                        "CanMount": "on",
                        "BootFS": true,
                        "LastUsed": 1544444444
                     },
                     {
                        "Name": "bpool/BOOT/ubuntu_1234/grub@snap1",
                        "IsSnapshot": true,
                        "Mountpoint": "/boot/grub",
                        "CanMount": "on",
                        "BootFS": true,
                        "LastUsed": 1544444444
                     }
                  ],
                  "rpool/ROOT/ubuntu_1234@snap1": [
                     {
                        "Name": "rpool/ROOT/ubuntu_1234@snap1",
                        "IsSnapshot": true,
                        "Mountpoint": "/",
                        "CanMount": "on",
                        "BootFS": true,
                        "LastUsed": 1544444444
                     },
                     {
                        "Name": "rpool/ROOT/ubuntu_1234/opt@snap1",
                        "IsSnapshot": true,
                        "Mountpoint": "/opt",
                        "CanMount": "on",
                        "BootFS": true,
                        "LastUsed": 1544444444
                     }
                  ]
               },
               "Users": {
                  "root": {
                     "ID": "rpool/USERDATA/root_bcde@snap1",
                     "LastUsed": "2018-03-28T09:30:22+02:00",
                     "Datasets": {
                        "rpool/USERDATA/root_bcde@snap1": [
                           {
                              "Name": "rpool/USERDATA/root_bcde@snap1",
                              "IsSnapshot": true,
                              "Mountpoint": "/root",
                              "CanMount": "on",
                              "LastUsed": 1522222222
                           }
                        ]
                     }
                  }
               }
            },
            "rpool/ROOT/ubuntu_1234@snap2": {
               "ID": "rpool/ROOT/ubuntu_1234@snap2",
               "LastUsed": "2019-04-18T04:45:55+02:00",
               "Datasets": {
                  "bpool/BOOT/ubuntu_1234@snap2": [
                     {
                        "Name": "bpool/BOOT/ubuntu_1234@snap2",
                        "IsSnapshot": true,
                        "Mountpoint": "/boot",
                        "CanMount": "on",
                        "BootFS": true,
                        "LastUsed": 1555555555
                     },
                     {
                        "Name": "bpool/BOOT/ubuntu_1234/grub@snap2",
                        "IsSnapshot": true,
                        "Mountpoint": "/boot/grub",
                        "CanMount": "on",
                        "BootFS": true,
                        "LastUsed": 1555555555
                     }
                  ],
                  "rpool/ROOT/ubuntu_1234@snap2": [
                     {
                        "Name": "rpool/ROOT/ubuntu_1234@snap2",
                        "IsSnapshot": true,
                        "Mountpoint": "/",
                        "CanMount": "on",
                        "BootFS": true,
                        "LastUsed": 1555555555
                     },
                     {
                        "Name": "rpool/ROOT/ubuntu_1234/opt@snap2",
                        "IsSnapshot": true,
                        "Mountpoint": "/",
                        "CanMount": "on",
                        "BootFS": true,
                        "LastUsed": 1555555555
                     }
                  ]
               },
               "Users": {
                  "root": {
                     "ID": "rpool/USERDATA/root_bcde@snap2",
                     "LastUsed": "2019-04-18T04:45:55+02:00",
                     "Datasets": {
                        "rpool/USERDATA/root_bcde@snap2": [
                           {
                              "Name": "rpool/USERDATA/root_bcde@snap2",
                              "IsSnapshot": true,
                              "Mountpoint": "/root",
                              "CanMount": "on",
                              "BootFS": true,
                              "LastUsed": 1555555555
                           }
                        ]
                     }
                  }
               }
            },
            "rpool/ROOT/ubuntu_1234@snap3": {
               "ID": "rpool/ROOT/ubuntu_1234@snap3",
               "LastUsed": "2019-08-24T19:11:06+02:00",
               "Datasets": {
                  "bpool/BOOT/ubuntu_1234@snap3": [
                     {
                        "Name": "bpool/BOOT/ubuntu_1234@snap3",
                        "IsSnapshot": true,
                        "Mountpoint": "/boot",
                        "CanMount": "on",
                        "BootFS": true,
                        "LastUsed": 1566666666
                     },
                     {
                        "Name": "bpool/BOOT/ubuntu_1234/grub@snap3",
                        "IsSnapshot": true,
                        "Mountpoint": "/boot/grub",
                        "CanMount": "on",
                        "BootFS": true,
                        "LastUsed": 1566666666
                     }
                  ],
                  "rpool/ROOT/ubuntu_1234@snap3": [
                     {
                        "Name": "rpool/ROOT/ubuntu_1234@snap3",
                        "IsSnapshot": true,
                        "Mountpoint": "/",
                        "CanMount": "on",
                        "BootFS": true,
                        "LastUsed": 1566666666
                     },
                     {
                        "Name": "rpool/ROOT/ubuntu_1234/opt@snap3",
                        "IsSnapshot": true,
                        "Mountpoint": "/",
                        "CanMount": "on",
                        "BootFS": true,
                        "LastUsed": 1566666666
                     }
                  ]
               },
               "Users": {
                  "root": {
                     "ID": "rpool/USERDATA/root_bcde@snap3",
                     "LastUsed": "2019-08-24T19:11:06+02:00",
                     "Datasets": {
                        "rpool/USERDATA/root_bcde@snap3": [
                           {
                              "Name": "rpool/USERDATA/root_bcde@snap3",
                              "IsSnapshot": true,
                              "Mountpoint": "/root",
                              "CanMount": "on",
                              "BootFS": true,
                              "LastUsed": 1566666666
                           }
                        ]
                     }
                  }
               }
            },
            "rpool/ROOT/ubuntu_5678": {
               "ID": "rpool/ROOT/ubuntu_5678",
               "LastUsed": "2020-05-08T00:01:28+02:00",
               "Datasets": {
                  "bpool/BOOT/ubuntu_5678": [
                     {
                        "Name": "bpool/BOOT/ubuntu_5678",
                        "Mountpoint": "/boot",
                        "CanMount": "on",
                        "Origin": "bpool/BOOT/ubuntu_1234@snap3"
                     },
                     {
                        "Name": "bpool/BOOT/ubuntu_5678/grub",
                        "Mountpoint": "/boot/grub",
                        "CanMount": "on",
                        "Origin": "bpool/BOOT/ubuntu_1234/grub@snap3"
                     }
                  ],
                  "rpool/ROOT/ubuntu_5678": [
                     {
                        "Name": "rpool/ROOT/ubuntu_5678",
                        "Mountpoint": "/",
                        "CanMount": "on",
                        "BootFS": true,
                        "LastUsed": 1588888888,
                        "Origin": "rpool/ROOT/ubuntu_1234@snap3"
                     },
                     {
                        "Name": "rpool/ROOT/ubuntu_5678/opt",
                        "Mountpoint": "/opt",
                        "CanMount": "on",
                        "BootFS": true,
                        "LastUsed": 1588888888,
                        "Origin": "rpool/ROOT/ubuntu_1234/opt@snap3"
                     }
                  ]
               },
               "Users": {
                  "root": {
                     "ID": "rpool/USERDATA/root_cdef",
                     "LastUsed": "2018-08-03T23:55:33+02:00",
                     "Datasets": {
                        "rpool/USERDATA/root_cdef": [
                           {
                              "Name": "rpool/USERDATA/root_cdef",
                              "Mountpoint": "/root",
                              "CanMount": "on",
                              "LastUsed": 1533333333,
                              "BootfsDatasets": "rpool/ROOT/ubuntu_5678",
                              "Origin": "rpool/USERDATA/root_bcde@snap2"
                           }
                        ]
                     }
                  }
               }
            },
            "rpool/ROOT/ubuntu_5678@snap4": {
               "ID": "rpool/ROOT/ubuntu_5678@snap4",
               "LastUsed": "2019-08-24T19:11:06+02:00",
               "Datasets": {
                  "bpool/BOOT/ubuntu_5678@snap4": [
                     {
                        "Name": "bpool/BOOT/ubuntu_5678@snap4",
                        "IsSnapshot": true,
                        "Mountpoint": "/boot",
                        "CanMount": "on",
                        "LastUsed": 1566666666
                     },
                     {
                        "Name": "bpool/BOOT/ubuntu_5678/grub@snap4",
                        "IsSnapshot": true,
                        "Mountpoint": "/boot/grub",
                        "CanMount": "on",
                        "LastUsed": 1566666666
                     }
                  ],
                  "rpool/ROOT/ubuntu_5678@snap4": [
                     {
                        "Name": "rpool/ROOT/ubuntu_5678@snap4",
                        "IsSnapshot": true,
                        "Mountpoint": "/",
                        "CanMount": "on",
                        "BootFS": true,
                        "LastUsed": 1566666666
                     },
                     {
                        "Name": "rpool/ROOT/ubuntu_5678/opt@snap4",
                        "IsSnapshot": true,
                        "Mountpoint": "/opt",
                        "CanMount": "on",
                        "LastUsed": 1566666666
                     }
                  ]
               },
               "Users": {
                  "root": {
                     "ID": "rpool/USERDATA/root_cdef@snap4",
                     "LastUsed": "2019-08-24T19:11:06+02:00",
                     "Datasets": {
                        "rpool/USERDATA/root_cdef@snap4": [
                           {
                              "Name": "rpool/USERDATA/root_cdef@snap4",
                              "IsSnapshot": true,
                              "Mountpoint": "/root",
                              "CanMount": "on",
                              "LastUsed": 1566666666
                           }
                        ]
                     }
                  }
               }
            },
            "rpool/ROOT/ubuntu_9999": {
               "ID": "rpool/ROOT/ubuntu_9999",
               "LastUsed": "2020-05-08T00:01:28+02:00",
               "Datasets": {
                  "bpool/BOOT/ubuntu_9999": [
                     {
                        "Name": "bpool/BOOT/ubuntu_9999",
                        "Mountpoint": "/boot",
                        "CanMount": "on",
                        "Origin": "bpool/BOOT/ubuntu_5678@snap4"
                     },
                     {
                        "Name": "bpool/BOOT/ubuntu_9999/grub",
                        "Mountpoint": "/boot/grub",
                        "CanMount": "on",
                        "Origin": "bpool/BOOT/ubuntu_5678/grub@snap4"
                     }
                  ],
                  "rpool/ROOT/ubuntu_9999": [
                     {
                        "Name": "rpool/ROOT/ubuntu_9999",
                        "Mountpoint": "/",
                        "CanMount": "on",
                        "BootFS": true,
                        "LastUsed": 1588888888,
                        "Origin": "rpool/ROOT/ubuntu_5678@snap4"
                     },
                     {
                        "Name": "rpool/ROOT/ubuntu_9999/opt",
                        "Mountpoint": "/opt",
                        "CanMount": "on",
                        "BootFS": true,
                        "LastUsed": 1588888888,
                        "Origin": "rpool/ROOT/ubuntu_5678/opt@snap4"
                     }
                  ]
               },
               "Users": {
                  "root": {
                     "ID": "rpool/USERDATA/root_defg",
                     "LastUsed": "2018-08-03T23:55:33+02:00",
                     "Datasets": {
                        "rpool/USERDATA/root_defg": [
                           {
                              "Name": "rpool/USERDATA/root_defg",
                              "Mountpoint": "/root",
                              "CanMount": "on",
                              "LastUsed": 1533333333,
                              "BootfsDatasets": "rpool/ROOT/ubuntu_9999",
                              "Origin": "rpool/USERDATA/root_bcde@snap3"
                           }
                        ]
                     }
                  }
               }
            }
         }
      }
   },
   "AllSystemDatasets": [
      {
         "Name": "bpool/BOOT/ubuntu_1234",
         "Mountpoint": "/boot",
         "CanMount": "on",
         "BootFS": true,
         "LastUsed": 1588888888
      },
      {
         "Name": "bpool/BOOT/ubuntu_1234@snap1",
         "IsSnapshot": true,
         "Mountpoint": "/boot",
         "CanMount": "on",
         "BootFS": true,
         "LastUsed": 1544444444
      },
      {
         "Name": "bpool/BOOT/ubuntu_1234@snap2",
         "IsSnapshot": true,
         "Mountpoint": "/boot",
         "CanMount": "on",
         "BootFS": true,
         "LastUsed": 1555555555
      },
      {
         "Name": "bpool/BOOT/ubuntu_1234@snap3",
         "IsSnapshot": true,
         "Mountpoint": "/boot",
         "CanMount": "on",
         "BootFS": true,
         "LastUsed": 1566666666
      },
      {
         "Name": "bpool/BOOT/ubuntu_1234/grub",
         "Mountpoint": "/boot/grub",
         "CanMount": "on",
         "BootFS": true,
         "LastUsed": 1588888888
      },
      {
         "Name": "bpool/BOOT/ubuntu_1234/grub@snap1",
         "IsSnapshot": true,
         "Mountpoint": "/boot/grub",
         "CanMount": "on",
         "BootFS": true,
         "LastUsed": 1544444444
      },
      {
         "Name": "bpool/BOOT/ubuntu_1234/grub@snap2",
         "IsSnapshot": true,
         "Mountpoint": "/boot/grub",
         "CanMount": "on",
         "BootFS": true,
         "LastUsed": 1555555555
      },
      {
         "Name": "bpool/BOOT/ubuntu_1234/grub@snap3",
         "IsSnapshot": true,
         "Mountpoint": "/boot/grub",
         "CanMount": "on",
         "BootFS": true,
         "LastUsed": 1566666666
      },
      {
         "Name": "bpool/BOOT/ubuntu_5678",
         "Mountpoint": "/boot",
         "CanMount": "on",
         "Origin": "bpool/BOOT/ubuntu_1234@snap3"
      },
      {
         "Name": "bpool/BOOT/ubuntu_5678@snap4",
         "IsSnapshot": true,
         "Mountpoint": "/boot",
         "CanMount": "on",
         "LastUsed": 1566666666
      },
      {
         "Name": "bpool/BOOT/ubuntu_5678/grub",
         "Mountpoint": "/boot/grub",
         "CanMount": "on",
         "Origin": "bpool/BOOT/ubuntu_1234/grub@snap3"
      },
      {
         "Name": "bpool/BOOT/ubuntu_5678/grub@snap4",
         "IsSnapshot": true,
         "Mountpoint": "/boot/grub",
         "CanMount": "on",
         "LastUsed": 1566666666
      },
      {
         "Name": "bpool/BOOT/ubuntu_9999",
         "Mountpoint": "/boot",
         "CanMount": "on",
         "Origin": "bpool/BOOT/ubuntu_5678@snap4"
      },
      {
         "Name": "bpool/BOOT/ubuntu_9999/grub",
         "Mountpoint": "/boot/grub",
         "CanMount": "on",
         "Origin": "bpool/BOOT/ubuntu_5678/grub@snap4"
      },
      {
         "Name": "rpool/ROOT/ubuntu_1234",
         "Mountpoint": "/",
         "CanMount": "on",
         "BootFS": true,
         "LastUsed": 1588888888
      },
      {
         "Name": "rpool/ROOT/ubuntu_1234@snap1",
         "IsSnapshot": true,
         "Mountpoint": "/",
         "CanMount": "on",
         "BootFS": true,
         "LastUsed": 1544444444
      },
      {
         "Name": "rpool/ROOT/ubuntu_1234@snap2",
         "IsSnapshot": true,
         "Mountpoint": "/",
         "CanMount": "on",
         "BootFS": true,
         "LastUsed": 1555555555
      },
      {
         "Name": "rpool/ROOT/ubuntu_1234@snap3",
         "IsSnapshot": true,
         "Mountpoint": "/",
         "CanMount": "on",
         "BootFS": true,
         "LastUsed": 1566666666
      },
      {
         "Name": "rpool/ROOT/ubuntu_1234/opt",
         "Mountpoint": "/opt",
         "CanMount": "on",
         "BootFS": true,
         "LastUsed": 1588888888
      },
      {
         "Name": "rpool/ROOT/ubuntu_1234/opt@snap1",
         "IsSnapshot": true,
         "Mountpoint": "/opt",
         "CanMount": "on",
         "BootFS": true,
         "LastUsed": 1544444444
      },
      {
         "Name": "rpool/ROOT/ubuntu_1234/opt@snap2",
         "IsSnapshot": true,
         "Mountpoint": "/",
         "CanMount": "on",
         "BootFS": true,
         "LastUsed": 1555555555
      },
      {
         "Name": "rpool/ROOT/ubuntu_1234/opt@snap3",
         "IsSnapshot": true,
         "Mountpoint": "/",
         "CanMount": "on",
         "BootFS": true,
         "LastUsed": 1566666666
      },
      {
         "Name": "rpool/ROOT/ubuntu_5678",
         "Mountpoint": "/",
         "CanMount": "on",
         "BootFS": true,
         "LastUsed": 1588888888,
         "Origin": "rpool/ROOT/ubuntu_1234@snap3"
      },
      {
         "Name": "rpool/ROOT/ubuntu_5678@snap4",
         "IsSnapshot": true,
         "Mountpoint": "/",
         "CanMount": "on",
         "BootFS": true,
         "LastUsed": 1566666666
      },
      {
         "Name": "rpool/ROOT/ubuntu_5678/opt",
         "Mountpoint": "/opt",
         "CanMount": "on",
         "BootFS": true,
         "LastUsed": 1588888888,
         "Origin": "rpool/ROOT/ubuntu_1234/opt@snap3"
      },
      {
         "Name": "rpool/ROOT/ubuntu_5678/opt@snap4",
         "IsSnapshot": true,
         "Mountpoint": "/opt",
         "CanMount": "on",
         "LastUsed": 1566666666
      },
      {
         "Name": "rpool/ROOT/ubuntu_9999",
         "Mountpoint": "/",
         "CanMount": "on",
         "BootFS": true,
         "LastUsed": 1588888888,
         "Origin": "rpool/ROOT/ubuntu_5678@snap4"
      },
      {
         "Name": "rpool/ROOT/ubuntu_9999/opt",
         "Mountpoint": "/opt",
         "CanMount": "on",
         "BootFS": true,
         "LastUsed": 1588888888,
         "Origin": "rpool/ROOT/ubuntu_5678/opt@snap4"
      }
   ],
   "AllUsersDatasets": [
      {
         "Name": "rpool/USERDATA/root_bcde",
         "Mountpoint": "/root",
         "CanMount": "on",
         "LastUsed": 1533333333,
         "BootfsDatasets": "rpool/ROOT/ubuntu_1234"
      },
      {
         "Name": "rpool/USERDATA/root_bcde@snap1",
         "IsSnapshot": true,
         "Mountpoint": "/root",
         "CanMount": "on",
         "LastUsed": 1522222222
      },
      {
         "Name": "rpool/USERDATA/root_bcde@snap2",
         "IsSnapshot": true,
         "Mountpoint": "/root",
         "CanMount": "on",
         "BootFS": true,
         "LastUsed": 1555555555
      },
      {
         "Name": "rpool/USERDATA/root_bcde@snap3",
         "IsSnapshot": true,
         "Mountpoint": "/root",
         "CanMount": "on",
         "BootFS": true,
         "LastUsed": 1566666666
      },
      {
         "Name": "rpool/USERDATA/root_cdef",
         "Mountpoint": "/root",
         "CanMount": "on",
         "LastUsed": 1533333333,
         "BootfsDatasets": "rpool/ROOT/ubuntu_5678",
         "Origin": "rpool/USERDATA/root_bcde@snap2"
      },
      {
         "Name": "rpool/USERDATA/root_cdef@snap4",
         "IsSnapshot": true,
         "Mountpoint": "/root",
         "CanMount": "on",
         "LastUsed": 1566666666
      },
      {
         "Name": "rpool/USERDATA/root_cdef@snaproot1",
         "IsSnapshot": true,
         "Mountpoint": "/root",
         "CanMount": "on",
         "LastUsed": 1522222222
      },
      {
         "Name": "rpool/USERDATA/root_defg",
         "Mountpoint": "/root",
         "CanMount": "on",
         "LastUsed": 1533333333,
         "BootfsDatasets": "rpool/ROOT/ubuntu_9999",
         "Origin": "rpool/USERDATA/root_bcde@snap3"
      },
      {
         "Name": "rpool/USERDATA/root_defg@snaproot2",
         "IsSnapshot": true,
         "Mountpoint": "/root",
         "CanMount": "on",
         "LastUsed": 1522222222
      },
      {
         "Name": "rpool/USERDATA/root_ghij",
         "Mountpoint": "/root",
         "CanMount": "on",
         "Origin": "rpool/USERDATA/root_defg@snaproot2"
      },
      {
         "Name": "rpool/USERDATA/user1_abcd",
         "Mountpoint": "/home/user1",
         "CanMount": "on",
         "LastUsed": 1544444444,
         "BootfsDatasets": "rpool/ROOT/ubuntu_1234"
      }
   ],
   "UnmanagedDatasets": [
      {
         "Name": "bpool",
         "Mountpoint": "/",
         "CanMount": "off"
      },
      {
         "Name": "bpool/BOOT",
         "Mountpoint": "/BOOT",
         "CanMount": "off"
      },
      {
         "Name": "rpool",
         "Mountpoint": "/",
         "CanMount": "off"
      },
      {
         "Name": "rpool/ROOT",
         "Mountpoint": "/ROOT",
         "CanMount": "off"
      },
      {
         "Name": "rpool/USERDATA",
         "Mountpoint": "/USERDATA",
         "CanMount": "off"
      }
   ]
}