{
   "All": {
      "rpool": {
         "ID": "rpool",
         "IsZsys": true,
         "SystemDatasets": {
            "rpool": [
               {
                  "Name": "rpool",
                  "Mountpoint": "/",
                  "CanMount": "on",
                  "BootFS": true
               }
            ]
         }
      }
   },
   "AllSystemDatasets": [
      {
         "Name": "rpool",
         "Mountpoint": "/",
         "CanMount": "on",
         "BootFS": true
      }
   ]
}