{
   "All": {
      "rpool/main": {
         "ID": "rpool/main",
         "IsZsys": true,
         "LastUsed": "2020-09-13T14:26:39+02:00",
         "SystemDatasets": {
            "rpool/main": [
               {
                  "Name": "rpool/main",
                  "Mountpoint": "/",
                  "CanMount": "on",
                  "BootFS": true,
                  "LastUsed": 1599999999,
                  "LastBootedKernel": "vmlinuz-5.2.0-8-generic"
               }
            ]
         },
         "History": {
            "rpool/clone": {
               "ID": "rpool/clone",
               "IsZsys": true,
               "LastUsed": "2020-05-08T00:01:28+02:00",
               "SystemDatasets": {
                  "rpool/clone": [
                     {
                        "Name": "rpool/clone",
                        "Mountpoint": "/",
                        "CanMount": "noauto",
                        "BootFS": true,
                        "LastUsed": 1588888888,
                        "Origin": "rpool/main@snap1"
                     }
                  ]
               }
            },
            "rpool/main@snap1": {
               "ID": "rpool/main@snap1",
               "LastUsed": "2019-12-31T08:36:17+01:00",
               "SystemDatasets": {
                  "rpool/main@snap1": [
                     {
                        "Name": "rpool/main@snap1",
                        "IsSnapshot": true,
                        "Mountpoint": "/",
                        "CanMount": "on",
                        "LastUsed": 1577777777
                     }
                  ]
               }
            }
         }
      }
   },
   "AllSystemDatasets": [
      {
         "Name": "rpool/clone",
         "Mountpoint": "/",
         "CanMount": "noauto",
         "BootFS": true,
         "LastUsed": 1588888888,
         "Origin": "rpool/main@snap1"
      },
      {
         "Name": "rpool/main",
         "Mountpoint": "/",
         "CanMount": "on",
         "BootFS": true,
         "LastUsed": 1599999999,
         "LastBootedKernel": "vmlinuz-5.2.0-8-generic"
      },
      {
         "Name": "rpool/main@snap1",
         "IsSnapshot": true,
         "Mountpoint": "/",
         "CanMount": "on",
         "LastUsed": 1577777777
      }
   ]
}