{
   "All": {
      "rpool_b": {
         "ID": "rpool_b",
         "IsZsys": true,
         "LastUsed": "2019-12-31T08:36:17+01:00",
         "SystemDatasets": [
            {
               "Name": "rpool_b",
               "Mountpoint": "/",
               "CanMount": "on",
               "BootFS": true,
               "LastUsed": 1577777777
            }
         ],
         "History": {
            "rpool_a": {
               "ID": "rpool_a",
               "IsZsys": true,
               "LastUsed": "2020-09-13T14:26:39+02:00",
               "SystemDatasets": [
                  {
                     "Name": "rpool_a",
                     "Mountpoint": "/",
                     "CanMount": "noauto",
                     "BootFS": true,
                     "LastUsed": 1599999999,
                     "Origin": "rpool_b@snap1"
                  }
               ]
            },
            "rpool_b@snap1": {
               "ID": "rpool_b@snap1",
               "LastUsed": "2020-05-08T00:01:28+02:00",
               "SystemDatasets": [
                  {
                     "Name": "rpool_b@snap1",
                     "IsSnapshot": true,
                     "Mountpoint": "/",
                     "LastUsed": 1588888888
                  }
               ]
            }
         }
      }
   },
   "AllSystemDatasets": [
      {
         "Name": "rpool_b",
         "Mountpoint": "/",
         "CanMount": "on",
         "BootFS": true,
         "LastUsed": 1577777777
      },
      {
         "Name": "rpool_a",
         "Mountpoint": "/",
         "CanMount": "noauto",
         "BootFS": true,
         "LastUsed": 1599999999,
         "Origin": "rpool_b@snap1"
      },
      {
         "Name": "rpool_b@snap1",
         "IsSnapshot": true,
         "Mountpoint": "/",
         "LastUsed": 1588888888
      }
   ]
}