{
   "All": {
      "rpool": {
         "ID": "rpool",
         "IsZsys": true,
         "SystemDatasets": [
            {
               "Name": "rpool",
               "Mountpoint": "/",
               "CanMount": "on",
               "BootFS": true
            }
         ]
      }
   },
   "AllSystemDatasets": [
      {
         "Name": "rpool",
         "Mountpoint": "/",
         "CanMount": "on",
         "BootFS": true
      }
   ]
}