{
   "All": {
      "rpool/ROOT/ubuntu_1234": {
         "ID": "rpool/ROOT/ubuntu_1234",
         "IsZsys": true,
         "LastUsed": "2019-04-18T04:45:55+02:00",
         "SystemDatasets": [
            {
               "Name": "rpool/ROOT/ubuntu_1234",
               "Mountpoint": "/",
               "CanMount": "on",
               "BootFS": true,
               "LastUsed": 1555555555
            }
         ],
         "UserDatasets": [
            {
               "Name": "rpool/USERDATA/user1_abcd",
               "Mountpoint": "/home/user1",
               "CanMount": "on",
               "LastUsed": 1544444444,
               "BootfsDatasets": "rpool/ROOT/ubuntu_1234"
            },
            {
               "Name": "rpool/USERDATA/root_bcde",
               "Mountpoint": "/root",
               "CanMount": "on",
               "LastUsed": 1533333333,
               "BootfsDatasets": "rpool/ROOT/ubuntu_1234"
            }
         ]
      }
   },
   "AllSystemDatasets": [
      {
         "Name": "rpool/ROOT/ubuntu_1234",
         "Mountpoint": "/",
         "CanMount": "on",
         "BootFS": true,
         "LastUsed": 1555555555
      }
   ],
   "AllUsersDatasets": [
      {
         "Name": "rpool/USERDATA/root_bcde",
         "Mountpoint": "/root",
         "CanMount": "on",
         "LastUsed": 1533333333,
         "BootfsDatasets": "rpool/ROOT/ubuntu_1234"
      },
      {
         "Name": "rpool/USERDATA/user1_abcd",
         "Mountpoint": "/home/user1",
         "CanMount": "on",
         "LastUsed": 1544444444,
         "BootfsDatasets": "rpool/ROOT/ubuntu_1234"
      },
      {
         "Name": "rpool/USERDATA/user1_abcd@automated_user_snapshot",
         "IsSnapshot": true,
         "LastUsed": 1577777777
      }
   ]
}