{
   "All": {
      "rpool/ROOT/ubuntu_1234": {
         "IsZsys": true,
         "ID": "rpool/ROOT/ubuntu_1234",
         "LastUsed": "2020-09-13T14:26:39+02:00",
         "Datasets": {
            "bpool/BOOT/ubuntu_1234": [
               {
                  "Name": "bpool/BOOT/ubuntu_1234",
                  "Mountpoint": "/boot",
                  "CanMount": "on"
               }
            ],
            "rpool/ROOT/ubuntu_1234": [
               {
                  "Name": "rpool/ROOT/ubuntu_1234",
                  "Mountpoint": "/",
                  "CanMount": "on",
                  "BootFS": true,
                  "LastUsed": 1599999999,
                  "LastBootedKernel": "vmlinuz-5.2.0-0-generic"
               },
               {
                  "Name": "rpool/ROOT/ubuntu_1234/srv",
                  "Mountpoint": "/srv",
                  "CanMount": "on",
                  "BootFS": true,
                  "LastUsed": 1599999999,
                  "LastBootedKernel": "vmlinuz-5.2.0-0-generic"
               },
               {
                  "Name": "rpool/ROOT/ubuntu_1234/var",
                  "Mountpoint": "/var",
                  "CanMount": "on",
                  "BootFS": true,
                  "LastUsed": 1599999999,
                  "LastBootedKernel": "vmlinuz-5.2.0-0-generic"
               },
               {
                  "Name": "rpool/ROOT/ubuntu_1234/var/games",
                  "Mountpoint": "/var/games",
                  "CanMount": "on",
                  "BootFS": true,
                  "LastUsed": 1599999999,
                  "LastBootedKernel": "vmlinuz-5.2.0-0-generic"
               },
               {
                  "Name": "rpool/ROOT/ubuntu_1234/var/lib",
                  "Mountpoint": "/var/lib",
                  "CanMount": "on",
                  "LastUsed": 1599999999,
                  "LastBootedKernel": "vmlinuz-5.2.0-0-generic"
               },
               {
                  "Name": "rpool/ROOT/ubuntu_1234/var/log",
                  "Mountpoint": "/var/log",
                  "CanMount": "on",
                  "BootFS": true,
                  "LastUsed": 1599999999,
                  "LastBootedKernel": "vmlinuz-5.2.0-0-generic"
               },
               {
                  "Name": "rpool/ROOT/ubuntu_1234/var/mail",
                  "Mountpoint": "/var/mail",
                  "CanMount": "on",
                  "BootFS": true,
                  "LastUsed": 1599999999,
                  "LastBootedKernel": "vmlinuz-5.2.0-0-generic"
               },
               {
                  "Name": "rpool/ROOT/ubuntu_1234/var/snap",
                  "Mountpoint": "/var/snap",
                  "CanMount": "on",
                  "BootFS": true,
                  "LastUsed": 1599999999,
                  "LastBootedKernel": "vmlinuz-5.2.0-0-generic"
               },
               {
                  "Name": "rpool/ROOT/ubuntu_1234/var/spool",
                  "Mountpoint": "/var/spool",
                  "CanMount": "on",
                  "BootFS": true,
                  "LastUsed": 1599999999,
                  "LastBootedKernel": "vmlinuz-5.2.0-0-generic"
               },
               {
                  "Name": "rpool/ROOT/ubuntu_1234/var/www",
                  "Mountpoint": "/var/www",
                  "CanMount": "on",
                  "BootFS": true,
                  "LastUsed": 1599999999,
                  "LastBootedKernel": "vmlinuz-5.2.0-0-generic"
               },
               {
                  "Name": "rpool/ROOT/ubuntu_1234/var/lib/AccountsService",
                  "Mountpoint": "/var/lib/AccountsService",
                  "CanMount": "on",
                  "LastUsed": 1599999999,
                  "LastBootedKernel": "vmlinuz-5.2.0-0-generic"
               },
               {
                  "Name": "rpool/ROOT/ubuntu_1234/var/lib/NetworkManager",
                  "Mountpoint": "/var/lib/NetworkManager",
                  "CanMount": "on",
                  "LastUsed": 1599999999,
                  "LastBootedKernel": "vmlinuz-5.2.0-0-generic"
               },
               {
                  "Name": "rpool/ROOT/ubuntu_1234/var/lib/apt",
                  "Mountpoint": "/var/lib/apt",
                  "CanMount": "on",
                  "LastUsed": 1599999999,
                  "LastBootedKernel": "vmlinuz-5.2.0-0-generic"
               },
               {
                  "Name": "rpool/ROOT/ubuntu_1234/var/lib/aptitude",
                  "Mountpoint": "/var/lib/aptitude",
                  "CanMount": "on",
                  "LastUsed": 1599999999,
                  "LastBootedKernel": "vmlinuz-5.2.0-0-generic"
               },
               {
                  "Name": "rpool/ROOT/ubuntu_1234/var/lib/dpkg",
                  "Mountpoint": "/var/lib/dpkg",
                  "CanMount": "on",
                  "LastUsed": 1599999999,
                  "LastBootedKernel": "vmlinuz-5.2.0-0-generic"
               }
            ]
         },
         "UserDatasets": {
            "rpool/USERDATA/root_bcde": [
               {
                  "Name": "rpool/USERDATA/root_bcde",
                  "Mountpoint": "/root",
                  "CanMount": "on",
                  "LastUsed": 1533333333,
                  "BootfsDatasets": "rpool/ROOT/ubuntu_1234"
               }
            ],
            "rpool/USERDATA/user1_abcd": [
               {
                  "Name": "rpool/USERDATA/user1_abcd",
                  "Mountpoint": "/home/user1",
                  "CanMount": "on",
                  "LastUsed": 1544444444,
                  "BootfsDatasets": "rpool/ROOT/ubuntu_1234"
               }
            ]
         },
         "Users": {
            "root": {
               "rpool/USERDATA/root_bcde": {
                  "ID": "rpool/USERDATA/root_bcde",
                  "LastUsed": "2018-08-03T23:55:33+02:00",
                  "Datasets": {
                     "rpool/USERDATA/root_bcde": [
                        {
                           "Name": "rpool/USERDATA/root_bcde",
                           "Mountpoint": "/root",
                           "CanMount": "on",
                           "LastUsed": 1533333333,
                           "BootfsDatasets": "rpool/ROOT/ubuntu_1234"
                        }
                     ]
                  }
               }
            },
            "user1": {
               "rpool/USERDATA/user1_abcd": {
                  "ID": "rpool/USERDATA/user1_abcd",
                  "LastUsed": "2018-12-10T13:20:44+01:00",
                  "Datasets": {
                     "rpool/USERDATA/user1_abcd": [
                        {
                           "Name": "rpool/USERDATA/user1_abcd",
                           "Mountpoint": "/home/user1",
                           "CanMount": "on",
                           "LastUsed": 1544444444,
                           "BootfsDatasets": "rpool/ROOT/ubuntu_1234"
                        }
                     ]
                  }
               }
            }
         }
      }
   },
   "AllSystemDatasets": [
      {
         "Name": "bpool/BOOT/ubuntu_1234",
         "Mountpoint": "/boot",
         "CanMount": "on"
      },
      {
         "Name": "rpool/ROOT/ubuntu_1234",
         "Mountpoint": "/",
         "CanMount": "on",
         "BootFS": true,
         "LastUsed": 1599999999,
         "LastBootedKernel": "vmlinuz-5.2.0-0-generic"
      },
      {
         "Name": "rpool/ROOT/ubuntu_1234/srv",
         "Mountpoint": "/srv",
         "CanMount": "on",
         "BootFS": true,
         "LastUsed": 1599999999,
         "LastBootedKernel": "vmlinuz-5.2.0-0-generic"
      },
      {
         "Name": "rpool/ROOT/ubuntu_1234/var",
         "Mountpoint": "/var",
         "CanMount": "on",
         "BootFS": true,
         "LastUsed": 1599999999,
         "LastBootedKernel": "vmlinuz-5.2.0-0-generic"
      },
      {
         "Name": "rpool/ROOT/ubuntu_1234/var/games",
         "Mountpoint": "/var/games",
         "CanMount": "on",
         "BootFS": true,
         "LastUsed": 1599999999,
         "LastBootedKernel": "vmlinuz-5.2.0-0-generic"
      },
      {
         "Name": "rpool/ROOT/ubuntu_1234/var/lib",
         "Mountpoint": "/var/lib",
         "CanMount": "on",
         "LastUsed": 1599999999,
         "LastBootedKernel": "vmlinuz-5.2.0-0-generic"
      },
      {
         "Name": "rpool/ROOT/ubuntu_1234/var/lib/AccountsService",
         "Mountpoint": "/var/lib/AccountsService",
         "CanMount": "on",
         "LastUsed": 1599999999,
         "LastBootedKernel": "vmlinuz-5.2.0-0-generic"
      },
      {
         "Name": "rpool/ROOT/ubuntu_1234/var/lib/NetworkManager",
         "Mountpoint": "/var/lib/NetworkManager",
         "CanMount": "on",
         "LastUsed": 1599999999,
         "LastBootedKernel": "vmlinuz-5.2.0-0-generic"
      },
      {
         "Name": "rpool/ROOT/ubuntu_1234/var/lib/apt",
         "Mountpoint": "/var/lib/apt",
         "CanMount": "on",
         "LastUsed": 1599999999,
         "LastBootedKernel": "vmlinuz-5.2.0-0-generic"
      },
      {
         "Name": "rpool/ROOT/ubuntu_1234/var/lib/aptitude",
         "Mountpoint": "/var/lib/aptitude",
         "CanMount": "on",
         "LastUsed": 1599999999,
         "LastBootedKernel": "vmlinuz-5.2.0-0-generic"
      },
      {
         "Name": "rpool/ROOT/ubuntu_1234/var/lib/dpkg",
         "Mountpoint": "/var/lib/dpkg",
         "CanMount": "on",
         "LastUsed": 1599999999,
         "LastBootedKernel": "vmlinuz-5.2.0-0-generic"
      },
      {
         "Name": "rpool/ROOT/ubuntu_1234/var/log",
         "Mountpoint": "/var/log",
         "CanMount": "on",
         "BootFS": true,
         "LastUsed": 1599999999,
         "LastBootedKernel": "vmlinuz-5.2.0-0-generic"
      },
      {
         "Name": "rpool/ROOT/ubuntu_1234/var/mail",
         "Mountpoint": "/var/mail",
         "CanMount": "on",
         "BootFS": true,
         "LastUsed": 1599999999,
         "LastBootedKernel": "vmlinuz-5.2.0-0-generic"
      },
      {
         "Name": "rpool/ROOT/ubuntu_1234/var/snap",
         "Mountpoint": "/var/snap",
         "CanMount": "on",
         "BootFS": true,
         "LastUsed": 1599999999,
         "LastBootedKernel": "vmlinuz-5.2.0-0-generic"
      },
      {
         "Name": "rpool/ROOT/ubuntu_1234/var/spool",
         "Mountpoint": "/var/spool",
         "CanMount": "on",
         "BootFS": true,
         "LastUsed": 1599999999,
         "LastBootedKernel": "vmlinuz-5.2.0-0-generic"
      },
      {
         "Name": "rpool/ROOT/ubuntu_1234/var/www",
         "Mountpoint": "/var/www",
         "CanMount": "on",
         "BootFS": true,
         "LastUsed": 1599999999,
         "LastBootedKernel": "vmlinuz-5.2.0-0-generic"
      }
   ],
   "AllUsersDatasets": [
      {
         "Name": "rpool/USERDATA/root_bcde",
         "Mountpoint": "/root",
         "CanMount": "on",
         "LastUsed": 1533333333,
         "BootfsDatasets": "rpool/ROOT/ubuntu_1234"
      },
      {
         "Name": "rpool/USERDATA/user1_abcd",
         "Mountpoint": "/home/user1",
         "CanMount": "on",
         "LastUsed": 1544444444,
         "BootfsDatasets": "rpool/ROOT/ubuntu_1234"
      }
   ],
   "UnmanagedDatasets": [
      {
         "Name": "rpool",
         "Mountpoint": "/",
         "CanMount": "off"
      },
      {
         "Name": "rpool/ROOT",
         "Mountpoint": "/ROOT",
         "CanMount": "off"
      },
      {
         "Name": "rpool/USERDATA",
         "Mountpoint": "/USERDATA",
         "CanMount": "off"
      }
   ]
}