[
   {
      "Name": "TestScan_basic-rpool",
      "Mountpoint": "/",
      "CanMount": "off",
      "BootFS": "",
      "LastUsed": 0,
      "SystemDataset": ""
   },
   {
      "Name": "TestScan_basic-rpool/ROOT",
      "Mountpoint": "/ROOT",
      "CanMount": "off",
      "BootFS": "",
      "LastUsed": 0,
      "SystemDataset": ""
   },
   {
      "Name": "TestScan_basic-rpool/ROOT/ubuntu",
      "Mountpoint": "/",
      "CanMount": "on",
      "BootFS": "yes",
      "LastUsed": 1599999999,
      "SystemDataset": ""
   }
]