{
   "All": {
      "rpool/ROOT/ubuntu_1234": {
         "IsZsys": true,
         "ID": "rpool/ROOT/ubuntu_1234",
         "LastUsed": "2019-04-18T04:45:55+02:00",
         "Datasets": {
            "rpool/ROOT/ubuntu_1234": [
               {
                  "Name": "rpool/ROOT/ubuntu_1234",
                  "Mountpoint": "/",
                  "CanMount": "on",
                  "BootFS": true,
                  "LastUsed": 1555555555
               }
            ]
         },
         "Users": {
            "user1": {
               "ID": "rpool/USERDATA/user1_abcd",
               "LastUsed": "2018-12-10T13:20:44+01:00",
               "Datasets": {
                  "rpool/USERDATA/user1_abcd": [
                     {
                        "Name": "rpool/USERDATA/user1_abcd",
                        "Mountpoint": "/home/user1",
                        "CanMount": "on",
                        "LastUsed": 1544444444,
                        "BootfsDatasets": "rpool/ROOT/ubuntu_1234"
                     }
                  ]
               }
            }
         },
         "AllUsersStates": {
            "user1": {
               "rpool/USERDATA/user1_abcd": {
                  "ID": "rpool/USERDATA/user1_abcd",
                  "LastUsed": "2018-12-10T13:20:44+01:00",
                  "Datasets": {
                     "rpool/USERDATA/user1_abcd": [
                        {
                           "Name": "rpool/USERDATA/user1_abcd",
                           "Mountpoint": "/home/user1",
                           "CanMount": "on",
                           "LastUsed": 1544444444,
                           "BootfsDatasets": "rpool/ROOT/ubuntu_1234"
                        }
                     ]
                  }
               },
               "rpool/USERDATA/user1_abcd@autozsys_20191230-0100": {
                  "ID": "rpool/USERDATA/user1_abcd@autozsys_20191230-0100",
                  "LastUsed": "2019-12-30T02:00:00+01:00",
                  "Datasets": {
                     "rpool/USERDATA/user1_abcd@autozsys_20191230-0100": [
                        {
                           "Name": "rpool/USERDATA/user1_abcd@autozsys_20191230-0100",
                           "IsSnapshot": true,
                           "Mountpoint": "/home/user1",
                           "CanMount": "on",
                           "LastUsed": 1577667600
                        }
                     ]
                  }
               },
               "rpool/USERDATA/user1_abcd@autozsys_20191231-0700": {
                  "ID": "rpool/USERDATA/user1_abcd@autozsys_20191231-0700",
                  "LastUsed": "2019-12-31T08:00:00+01:00",
                  "Datasets": {
                     "rpool/USERDATA/user1_abcd@autozsys_20191231-0700": [
                        {
                           "Name": "rpool/USERDATA/user1_abcd@autozsys_20191231-0700",
                           "IsSnapshot": true,
                           "Mountpoint": "/home/user1",
                           "CanMount": "on",
                           "LastUsed": 1577775600
                        }
                     ]
                  }
               },
               "rpool/USERDATA/user1_abcd@autozsys_20191231-0900": {
                  "ID": "rpool/USERDATA/user1_abcd@autozsys_20191231-0900",
                  "LastUsed": "2019-12-31T10:00:00+01:00",
                  "Datasets": {
                     "rpool/USERDATA/user1_abcd@autozsys_20191231-0900": [
                        {
                           "Name": "rpool/USERDATA/user1_abcd@autozsys_20191231-0900",
                           "IsSnapshot": true,
                           "Mountpoint": "/home/user1",
                           "CanMount": "on",
                           "LastUsed": 1577782800
                        }
                     ]
                  }
               },
               "rpool/USERDATA/user1_abcd@autozsys_20191231-1000": {
                  "ID": "rpool/USERDATA/user1_abcd@autozsys_20191231-1000",
                  "LastUsed": "2019-12-31T11:00:00+01:00",
                  "Datasets": {
                     "rpool/USERDATA/user1_abcd@autozsys_20191231-1000": [
                        {
                           "Name": "rpool/USERDATA/user1_abcd@autozsys_20191231-1000",
                           "IsSnapshot": true,
                           "Mountpoint": "/home/user1",
                           "CanMount": "on",
                           "LastUsed": 1577786400
                        }
                     ]
                  }
               },
               "rpool/USERDATA/user1_abcd@autozsys_20191231-1300": {
                  "ID": "rpool/USERDATA/user1_abcd@autozsys_20191231-1300",
                  "LastUsed": "2019-12-31T14:00:00+01:00",
                  "Datasets": {
                     "rpool/USERDATA/user1_abcd@autozsys_20191231-1300": [
                        {
                           "Name": "rpool/USERDATA/user1_abcd@autozsys_20191231-1300",
                           "IsSnapshot": true,
                           "Mountpoint": "/home/user1",
                           "CanMount": "on",
                           "LastUsed": 1577797200
                        }
                     ]
                  }
               },
               "rpool/USERDATA/user1_abcd@autozsys_20191231-1500": {
                  "ID": "rpool/USERDATA/user1_abcd@autozsys_20191231-1500",
                  "LastUsed": "2019-12-31T16:00:00+01:00",
                  "Datasets": {
                     "rpool/USERDATA/user1_abcd@autozsys_20191231-1500": [
                        {
                           "Name": "rpool/USERDATA/user1_abcd@autozsys_20191231-1500",
                           "IsSnapshot": true,
                           "Mountpoint": "/home/user1",
                           "CanMount": "on",
                           "LastUsed": 1577804400
                        }
                     ]
                  }
               },
               "rpool/USERDATA/user1_abcd@autozsys_20191231-2000": {
                  "ID": "rpool/USERDATA/user1_abcd@autozsys_20191231-2000",
                  "LastUsed": "2019-12-31T21:00:00+01:00",
                  "Datasets": {
                     "rpool/USERDATA/user1_abcd@autozsys_20191231-2000": [
                        {
                           "Name": "rpool/USERDATA/user1_abcd@autozsys_20191231-2000",
                           "IsSnapshot": true,
                           "Mountpoint": "/home/user1",
                           "CanMount": "on",
                           "LastUsed": 1577822400
                        }
                     ]
                  }
               },
               "rpool/USERDATA/user1_abcd@autozsys_20200101-0800": {
                  "ID": "rpool/USERDATA/user1_abcd@autozsys_20200101-0800",
                  "LastUsed": "2020-01-01T09:00:00+01:00",
                  "Datasets": {
                     "rpool/USERDATA/user1_abcd@autozsys_20200101-0800": [
                        {
                           "Name": "rpool/USERDATA/user1_abcd@autozsys_20200101-0800",
                           "IsSnapshot": true,
                           "Mountpoint": "/home/user1",
                           "CanMount": "on",
                           "LastUsed": 1577865600
                        }
                     ]
                  }
               },
               "rpool/USERDATA/user1_abcd@autozsys_20200101-0900": {
                  "ID": "rpool/USERDATA/user1_abcd@autozsys_20200101-0900",
                  "LastUsed": "2020-01-01T10:00:00+01:00",
                  "Datasets": {
                     "rpool/USERDATA/user1_abcd@autozsys_20200101-0900": [
                        {
                           "Name": "rpool/USERDATA/user1_abcd@autozsys_20200101-0900",
                           "IsSnapshot": true,
                           "Mountpoint": "/home/user1",
                           "CanMount": "on",
                           "LastUsed": 1577869200
                        }
                     ]
                  }
               },
               "rpool/USERDATA/user1_abcd@autozsys_20200101-1000": {
                  "ID": "rpool/USERDATA/user1_abcd@autozsys_20200101-1000",
                  "LastUsed": "2020-01-01T11:00:00+01:00",
                  "Datasets": {
                     "rpool/USERDATA/user1_abcd@autozsys_20200101-1000": [
                        {
                           "Name": "rpool/USERDATA/user1_abcd@autozsys_20200101-1000",
                           "IsSnapshot": true,
                           "Mountpoint": "/home/user1",
                           "CanMount": "on",
                           "LastUsed": 1577872800
                        }
                     ]
                  }
               },
               "rpool/USERDATA/user1_abcd@autozsys_20200101-1100": {
                  "ID": "rpool/USERDATA/user1_abcd@autozsys_20200101-1100",
                  "LastUsed": "2020-01-01T12:00:00+01:00",
                  "Datasets": {
                     "rpool/USERDATA/user1_abcd@autozsys_20200101-1100": [
                        {
                           "Name": "rpool/USERDATA/user1_abcd@autozsys_20200101-1100",
                           "IsSnapshot": true,
                           "Mountpoint": "/home/user1",
                           "CanMount": "on",
                           "LastUsed": 1577876400
                        }
                     ]
                  }
               },
               "rpool/USERDATA/user1_clone3": {
                  "ID": "rpool/USERDATA/user1_clone3",
                  "LastUsed": "2019-12-30T04:30:00+01:00",
                  "Datasets": {
                     "rpool/USERDATA/user1_clone3": [
                        {
                           "Name": "rpool/USERDATA/user1_clone3",
                           "Mountpoint": "/home/user1",
                           "CanMount": "noauto",
                           "LastUsed": 1577676600,
                           "Origin": "rpool/USERDATA/user1_abcd@autozsys_20191230-0100"
                        }
                     ]
                  }
               },
               "rpool/USERDATA/user1_clone5": {
                  "ID": "rpool/USERDATA/user1_clone5",
                  "LastUsed": "2019-12-30T06:30:00+01:00",
                  "Datasets": {
                     "rpool/USERDATA/user1_clone5": [
                        {
                           "Name": "rpool/USERDATA/user1_clone5",
                           "Mountpoint": "/home/user1",
                           "CanMount": "noauto",
                           "LastUsed": 1577683800,
                           "Origin": "rpool/USERDATA/user1_abcd@autozsys_20191230-0100"
                        }
                     ]
                  }
               }
            }
         },
         "History": {
            "rpool/ROOT/ubuntu_1234@autozsys_20191230-0100": {
               "ID": "rpool/ROOT/ubuntu_1234@autozsys_20191230-0100",
               "LastUsed": "2019-12-30T02:00:00+01:00",
               "Datasets": {
                  "rpool/ROOT/ubuntu_1234@autozsys_20191230-0100": [
                     {
                        "Name": "rpool/ROOT/ubuntu_1234@autozsys_20191230-0100",
                        "IsSnapshot": true,
                        "Mountpoint": "/",
                        "CanMount": "on",
                        "BootFS": true,
                        "LastUsed": 1577667600
                     }
                  ]
               },
               "Users": {
                  "user1": {
                     "ID": "rpool/USERDATA/user1_abcd@autozsys_20191230-0100",
                     "LastUsed": "2019-12-30T02:00:00+01:00",
                     "Datasets": {
                        "rpool/USERDATA/user1_abcd@autozsys_20191230-0100": [
                           {
                              "Name": "rpool/USERDATA/user1_abcd@autozsys_20191230-0100",
                              "IsSnapshot": true,
                              "Mountpoint": "/home/user1",
                              "CanMount": "on",
                              "LastUsed": 1577667600
                           }
                        ]
                     }
                  }
               }
            },
            "rpool/ROOT/ubuntu_1234@autozsys_20191231-0700": {
               "ID": "rpool/ROOT/ubuntu_1234@autozsys_20191231-0700",
               "LastUsed": "2019-12-31T08:00:00+01:00",
               "Datasets": {
                  "rpool/ROOT/ubuntu_1234@autozsys_20191231-0700": [
                     {
                        "Name": "rpool/ROOT/ubuntu_1234@autozsys_20191231-0700",
                        "IsSnapshot": true,
                        "Mountpoint": "/",
                        "CanMount": "on",
                        "BootFS": true,
                        "LastUsed": 1577775600
                     }
                  ]
               },
               "Users": {
                  "user1": {
                     "ID": "rpool/USERDATA/user1_abcd@autozsys_20191231-0700",
                     "LastUsed": "2019-12-31T08:00:00+01:00",
                     "Datasets": {
                        "rpool/USERDATA/user1_abcd@autozsys_20191231-0700": [
                           {
                              "Name": "rpool/USERDATA/user1_abcd@autozsys_20191231-0700",
                              "IsSnapshot": true,
                              "Mountpoint": "/home/user1",
                              "CanMount": "on",
                              "LastUsed": 1577775600
                           }
                        ]
                     }
                  }
               }
            },
            "rpool/ROOT/ubuntu_1234@autozsys_20191231-0900": {
               "ID": "rpool/ROOT/ubuntu_1234@autozsys_20191231-0900",
               "LastUsed": "2019-12-31T10:00:00+01:00",
               "Datasets": {
                  "rpool/ROOT/ubuntu_1234@autozsys_20191231-0900": [
                     {
                        "Name": "rpool/ROOT/ubuntu_1234@autozsys_20191231-0900",
                        "IsSnapshot": true,
                        "Mountpoint": "/",
                        "CanMount": "on",
                        "BootFS": true,
                        "LastUsed": 1577782800
                     }
                  ]
               },
               "Users": {
                  "user1": {
                     "ID": "rpool/USERDATA/user1_abcd@autozsys_20191231-0900",
                     "LastUsed": "2019-12-31T10:00:00+01:00",
                     "Datasets": {
                        "rpool/USERDATA/user1_abcd@autozsys_20191231-0900": [
                           {
                              "Name": "rpool/USERDATA/user1_abcd@autozsys_20191231-0900",
                              "IsSnapshot": true,
                              "Mountpoint": "/home/user1",
                              "CanMount": "on",
                              "LastUsed": 1577782800
                           }
                        ]
                     }
                  }
               }
            },
            "rpool/ROOT/ubuntu_1234@autozsys_20191231-1000": {
               "ID": "rpool/ROOT/ubuntu_1234@autozsys_20191231-1000",
               "LastUsed": "2019-12-31T11:00:00+01:00",
               "Datasets": {
                  "rpool/ROOT/ubuntu_1234@autozsys_20191231-1000": [
                     {
                        "Name": "rpool/ROOT/ubuntu_1234@autozsys_20191231-1000",
                        "IsSnapshot": true,
                        "Mountpoint": "/",
                        "CanMount": "on",
                        "BootFS": true,
                        "LastUsed": 1577786400
                     }
                  ]
               },
               "Users": {
                  "user1": {
                     "ID": "rpool/USERDATA/user1_abcd@autozsys_20191231-1000",
                     "LastUsed": "2019-12-31T11:00:00+01:00",
                     "Datasets": {
                        "rpool/USERDATA/user1_abcd@autozsys_20191231-1000": [
                           {
                              "Name": "rpool/USERDATA/user1_abcd@autozsys_20191231-1000",
                              "IsSnapshot": true,
                              "Mountpoint": "/home/user1",
                              "CanMount": "on",
                              "LastUsed": 1577786400
                           }
                        ]
                     }
                  }
               }
            },
            "rpool/ROOT/ubuntu_1234@autozsys_20191231-1300": {
               "ID": "rpool/ROOT/ubuntu_1234@autozsys_20191231-1300",
               "LastUsed": "2019-12-31T14:00:00+01:00",
               "Datasets": {
                  "rpool/ROOT/ubuntu_1234@autozsys_20191231-1300": [
                     {
                        "Name": "rpool/ROOT/ubuntu_1234@autozsys_20191231-1300",
                        "IsSnapshot": true,
                        "Mountpoint": "/",
                        "CanMount": "on",
                        "BootFS": true,
                        "LastUsed": 1577797200
                     }
                  ]
               },
               "Users": {
                  "user1": {
                     "ID": "rpool/USERDATA/user1_abcd@autozsys_20191231-1300",
                     "LastUsed": "2019-12-31T14:00:00+01:00",
                     "Datasets": {
                        "rpool/USERDATA/user1_abcd@autozsys_20191231-1300": [
                           {
                              "Name": "rpool/USERDATA/user1_abcd@autozsys_20191231-1300",
                              "IsSnapshot": true,
                              "Mountpoint": "/home/user1",
                              "CanMount": "on",
                              "LastUsed": 1577797200
                           }
                        ]
                     }
                  }
               }
            },
            "rpool/ROOT/ubuntu_1234@autozsys_20191231-1500": {
               "ID": "rpool/ROOT/ubuntu_1234@autozsys_20191231-1500",
               "LastUsed": "2019-12-31T16:00:00+01:00",
               "Datasets": {
                  "rpool/ROOT/ubuntu_1234@autozsys_20191231-1500": [
                     {
                        "Name": "rpool/ROOT/ubuntu_1234@autozsys_20191231-1500",
                        "IsSnapshot": true,
                        "Mountpoint": "/",
                        "CanMount": "on",
                        "BootFS": true,
                        "LastUsed": 1577804400
                     }
                  ]
               },
               "Users": {
                  "user1": {
                     "ID": "rpool/USERDATA/user1_abcd@autozsys_20191231-1500",
                     "LastUsed": "2019-12-31T16:00:00+01:00",
                     "Datasets": {
                        "rpool/USERDATA/user1_abcd@autozsys_20191231-1500": [
                           {
                              "Name": "rpool/USERDATA/user1_abcd@autozsys_20191231-1500",
                              "IsSnapshot": true,
                              "Mountpoint": "/home/user1",
                              "CanMount": "on",
                              "LastUsed": 1577804400
                           }
                        ]
                     }
                  }
               }
            },
            "rpool/ROOT/ubuntu_1234@autozsys_20191231-2000": {
               "ID": "rpool/ROOT/ubuntu_1234@autozsys_20191231-2000",
               "LastUsed": "2019-12-31T21:00:00+01:00",
               "Datasets": {
                  "rpool/ROOT/ubuntu_1234@autozsys_20191231-2000": [
                     {
                        "Name": "rpool/ROOT/ubuntu_1234@autozsys_20191231-2000",
                        "IsSnapshot": true,
                        "Mountpoint": "/",
                        "CanMount": "on",
                        "BootFS": true,
                        "LastUsed": 1577822400
                     }
                  ]
               },
               "Users": {
                  "user1": {
                     "ID": "rpool/USERDATA/user1_abcd@autozsys_20191231-2000",
                     "LastUsed": "2019-12-31T21:00:00+01:00",
                     "Datasets": {
                        "rpool/USERDATA/user1_abcd@autozsys_20191231-2000": [
                           {
                              "Name": "rpool/USERDATA/user1_abcd@autozsys_20191231-2000",
                              "IsSnapshot": true,
                              "Mountpoint": "/home/user1",
                              "CanMount": "on",
                              "LastUsed": 1577822400
                           }
                        ]
                     }
                  }
               }
            },
            "rpool/ROOT/ubuntu_1234@autozsys_20200101-0800": {
               "ID": "rpool/ROOT/ubuntu_1234@autozsys_20200101-0800",
               "LastUsed": "2020-01-01T09:00:00+01:00",
               "Datasets": {
                  "rpool/ROOT/ubuntu_1234@autozsys_20200101-0800": [
                     {
                        "Name": "rpool/ROOT/ubuntu_1234@autozsys_20200101-0800",
                        "IsSnapshot": true,
                        "Mountpoint": "/",
                        "CanMount": "on",
                        "BootFS": true,
                        "LastUsed": 1577865600
                     }
                  ]
               },
               "Users": {
                  "user1": {
                     "ID": "rpool/USERDATA/user1_abcd@autozsys_20200101-0800",
                     "LastUsed": "2020-01-01T09:00:00+01:00",
                     "Datasets": {
                        "rpool/USERDATA/user1_abcd@autozsys_20200101-0800": [
                           {
                              "Name": "rpool/USERDATA/user1_abcd@autozsys_20200101-0800",
                              "IsSnapshot": true,
                              "Mountpoint": "/home/user1",
                              "CanMount": "on",
                              "LastUsed": 1577865600
                           }
                        ]
                     }
                  }
               }
            },
            "rpool/ROOT/ubuntu_1234@autozsys_20200101-0900": {
               "ID": "rpool/ROOT/ubuntu_1234@autozsys_20200101-0900",
               "LastUsed": "2020-01-01T10:00:00+01:00",
               "Datasets": {
                  "rpool/ROOT/ubuntu_1234@autozsys_20200101-0900": [
                     {
                        "Name": "rpool/ROOT/ubuntu_1234@autozsys_20200101-0900",
                        "IsSnapshot": true,
                        "Mountpoint": "/",
                        "CanMount": "on",
                        "BootFS": true,
                        "LastUsed": 1577869200
                     }
                  ]
               },
               "Users": {
                  "user1": {
                     "ID": "rpool/USERDATA/user1_abcd@autozsys_20200101-0900",
                     "LastUsed": "2020-01-01T10:00:00+01:00",
                     "Datasets": {
                        "rpool/USERDATA/user1_abcd@autozsys_20200101-0900": [
                           {
                              "Name": "rpool/USERDATA/user1_abcd@autozsys_20200101-0900",
                              "IsSnapshot": true,
                              "Mountpoint": "/home/user1",
                              "CanMount": "on",
                              "LastUsed": 1577869200
                           }
                        ]
                     }
                  }
               }
            },
            "rpool/ROOT/ubuntu_1234@autozsys_20200101-1000": {
               "ID": "rpool/ROOT/ubuntu_1234@autozsys_20200101-1000",
               "LastUsed": "2020-01-01T11:00:00+01:00",
               "Datasets": {
                  "rpool/ROOT/ubuntu_1234@autozsys_20200101-1000": [
                     {
                        "Name": "rpool/ROOT/ubuntu_1234@autozsys_20200101-1000",
                        "IsSnapshot": true,
                        "Mountpoint": "/",
                        "CanMount": "on",
                        "BootFS": true,
                        "LastUsed": 1577872800
                     }
                  ]
               },
               "Users": {
                  "user1": {
                     "ID": "rpool/USERDATA/user1_abcd@autozsys_20200101-1000",
                     "LastUsed": "2020-01-01T11:00:00+01:00",
                     "Datasets": {
                        "rpool/USERDATA/user1_abcd@autozsys_20200101-1000": [
                           {
                              "Name": "rpool/USERDATA/user1_abcd@autozsys_20200101-1000",
                              "IsSnapshot": true,
                              "Mountpoint": "/home/user1",
                              "CanMount": "on",
                              "LastUsed": 1577872800
                           }
                        ]
                     }
                  }
               }
            },
            "rpool/ROOT/ubuntu_1234@autozsys_20200101-1100": {
               "ID": "rpool/ROOT/ubuntu_1234@autozsys_20200101-1100",
               "LastUsed": "2020-01-01T12:00:00+01:00",
               "Datasets": {
                  "rpool/ROOT/ubuntu_1234@autozsys_20200101-1100": [
                     {
                        "Name": "rpool/ROOT/ubuntu_1234@autozsys_20200101-1100",
                        "IsSnapshot": true,
                        "Mountpoint": "/",
                        "CanMount": "on",
                        "BootFS": true,
                        "LastUsed": 1577876400
                     }
                  ]
               },
               "Users": {
                  "user1": {
                     "ID": "rpool/USERDATA/user1_abcd@autozsys_20200101-1100",
                     "LastUsed": "2020-01-01T12:00:00+01:00",
                     "Datasets": {
                        "rpool/USERDATA/user1_abcd@autozsys_20200101-1100": [
                           {
                              "Name": "rpool/USERDATA/user1_abcd@autozsys_20200101-1100",
                              "IsSnapshot": true,
                              "Mountpoint": "/home/user1",
                              "CanMount": "on",
                              "LastUsed": 1577876400
                           }
                        ]
                     }
                  }
               }
            }
         }
      }
   },
   "AllSystemDatasets": [
      {
         "Name": "rpool/ROOT/ubuntu_1234",
         "Mountpoint": "/",
         "CanMount": "on",
         "BootFS": true,
         "LastUsed": 1555555555
      },
      {
         "Name": "rpool/ROOT/ubuntu_1234@autozsys_20191230-0100",
         "IsSnapshot": true,
         "Mountpoint": "/",
         "CanMount": "on",
         "BootFS": true,
         "LastUsed": 1577667600
      },
      {
         "Name": "rpool/ROOT/ubuntu_1234@autozsys_20191231-0700",
         "IsSnapshot": true,
         "Mountpoint": "/",
         "CanMount": "on",
         "BootFS": true,
         "LastUsed": 1577775600
      },
      {
         "Name": "rpool/ROOT/ubuntu_1234@autozsys_20191231-0900",
         "IsSnapshot": true,
         "Mountpoint": "/",
         "CanMount": "on",
         "BootFS": true,
         "LastUsed": 1577782800
      },
      {
         "Name": "rpool/ROOT/ubuntu_1234@autozsys_20191231-1000",
         "IsSnapshot": true,
         "Mountpoint": "/",
         "CanMount": "on",
         "BootFS": true,
         "LastUsed": 1577786400
      },
      {
         "Name": "rpool/ROOT/ubuntu_1234@autozsys_20191231-1300",
         "IsSnapshot": true,
         "Mountpoint": "/",
         "CanMount": "on",
         "BootFS": true,
         "LastUsed": 1577797200
      },
      {
         "Name": "rpool/ROOT/ubuntu_1234@autozsys_20191231-1500",
         "IsSnapshot": true,
         "Mountpoint": "/",
         "CanMount": "on",
         "BootFS": true,
         "LastUsed": 1577804400
      },
      {
         "Name": "rpool/ROOT/ubuntu_1234@autozsys_20191231-2000",
         "IsSnapshot": true,
         "Mountpoint": "/",
         "CanMount": "on",
         "BootFS": true,
         "LastUsed": 1577822400
      },
      {
         "Name": "rpool/ROOT/ubuntu_1234@autozsys_20200101-0800",
         "IsSnapshot": true,
         "Mountpoint": "/",
         "CanMount": "on",
         "BootFS": true,
         "LastUsed": 1577865600
      },
      {
         "Name": "rpool/ROOT/ubuntu_1234@autozsys_20200101-0900",
         "IsSnapshot": true,
         "Mountpoint": "/",
         "CanMount": "on",
         "BootFS": true,
         "LastUsed": 1577869200
      },
      {
         "Name": "rpool/ROOT/ubuntu_1234@autozsys_20200101-1000",
         "IsSnapshot": true,
         "Mountpoint": "/",
         "CanMount": "on",
         "BootFS": true,
         "LastUsed": 1577872800
      },
      {
         "Name": "rpool/ROOT/ubuntu_1234@autozsys_20200101-1100",
         "IsSnapshot": true,
         "Mountpoint": "/",
         "CanMount": "on",
         "BootFS": true,
         "LastUsed": 1577876400
      }
   ],
   "AllUsersDatasets": [
      {
         "Name": "rpool/USERDATA/user1_abcd",
         "Mountpoint": "/home/user1",
         "CanMount": "on",
         "LastUsed": 1544444444,
         "BootfsDatasets": "rpool/ROOT/ubuntu_1234"
      },
      {
         "Name": "rpool/USERDATA/user1_abcd@autozsys_20191230-0100",
         "IsSnapshot": true,
         "Mountpoint": "/home/user1",
         "CanMount": "on",
         "LastUsed": 1577667600
      },
      {
         "Name": "rpool/USERDATA/user1_abcd@autozsys_20191231-0700",
         "IsSnapshot": true,
         "Mountpoint": "/home/user1",
         "CanMount": "on",
         "LastUsed": 1577775600
      },
      {
         "Name": "rpool/USERDATA/user1_abcd@autozsys_20191231-0900",
         "IsSnapshot": true,
         "Mountpoint": "/home/user1",
         "CanMount": "on",
         "LastUsed": 1577782800
      },
      {
         "Name": "rpool/USERDATA/user1_abcd@autozsys_20191231-1000",
         "IsSnapshot": true,
         "Mountpoint": "/home/user1",
         "CanMount": "on",
         "LastUsed": 1577786400
      },
      {
         "Name": "rpool/USERDATA/user1_abcd@autozsys_20191231-1300",
         "IsSnapshot": true,
         "Mountpoint": "/home/user1",
         "CanMount": "on",
         "LastUsed": 1577797200
      },
      {
         "Name": "rpool/USERDATA/user1_abcd@autozsys_20191231-1500",
         "IsSnapshot": true,
         "Mountpoint": "/home/user1",
         "CanMount": "on",
         "LastUsed": 1577804400
      },
      {
         "Name": "rpool/USERDATA/user1_abcd@autozsys_20191231-2000",
         "IsSnapshot": true,
         "Mountpoint": "/home/user1",
         "CanMount": "on",
         "LastUsed": 1577822400
      },
      {
         "Name": "rpool/USERDATA/user1_abcd@autozsys_20200101-0800",
         "IsSnapshot": true,
         "Mountpoint": "/home/user1",
         "CanMount": "on",
         "LastUsed": 1577865600
      },
      {
         "Name": "rpool/USERDATA/user1_abcd@autozsys_20200101-0900",
         "IsSnapshot": true,
         "Mountpoint": "/home/user1",
         "CanMount": "on",
         "LastUsed": 1577869200
      },
      {
         "Name": "rpool/USERDATA/user1_abcd@autozsys_20200101-1000",
         "IsSnapshot": true,
         "Mountpoint": "/home/user1",
         "CanMount": "on",
         "LastUsed": 1577872800
      },
      {
         "Name": "rpool/USERDATA/user1_abcd@autozsys_20200101-1100",
         "IsSnapshot": true,
         "Mountpoint": "/home/user1",
         "CanMount": "on",
         "LastUsed": 1577876400
      },
      {
         "Name": "rpool/USERDATA/user1_clone3",
         "Mountpoint": "/home/user1",
         "CanMount": "noauto",
         "LastUsed": 1577676600,
         "Origin": "rpool/USERDATA/user1_abcd@autozsys_20191230-0100"
      },
      {
         "Name": "rpool/USERDATA/user1_clone5",
         "Mountpoint": "/home/user1",
         "CanMount": "noauto",
         "LastUsed": 1577683800,
         "Origin": "rpool/USERDATA/user1_abcd@autozsys_20191230-0100"
      }
   ],
   "UnmanagedDatasets": [
      {
         "Name": "rpool",
         "Mountpoint": "/",
         "CanMount": "off"
      },
      {
         "Name": "rpool/ROOT",
         "Mountpoint": "/ROOT",
         "CanMount": "off"
      },
      {
         "Name": "rpool/USERDATA",
         "Mountpoint": "/USERDATA",
         "CanMount": "off"
      }
   ]
}