{
   "All": {
      "rpool/ROOT/ubuntu_1234": {
         "IsZsys": true,
         "ID": "rpool/ROOT/ubuntu_1234",
         "LastUsed": "2019-04-18T04:45:55+02:00",
         "Datasets": {
            "rpool/ROOT/ubuntu_1234": [
               {
                  "Name": "rpool/ROOT/ubuntu_1234",
                  "Mountpoint": "/",
                  "CanMount": "on",
                  "BootFS": true,
                  "LastUsed": 1555555555
               }
            ]
         },
         "Users": {
            "user1": {
               "ID": "rpool/USERDATA/user1_abcd",
               "LastUsed": "2018-12-10T13:20:44+01:00",
               "Datasets": {
                  "rpool/USERDATA/user1_abcd": [
                     {
                        "Name": "rpool/USERDATA/user1_abcd",
                        "Mountpoint": "/home/user1",
                        "CanMount": "on",
                        "LastUsed": 1544444444,
                        "BootfsDatasets": "rpool/ROOT/ubuntu_1234"
                     }
                  ]
               }
            },
            "user2": {
               "ID": "rpool/USERDATA/user2_bcde",
               "LastUsed": "2018-08-03T23:55:33+02:00",
               "Datasets": {
                  "rpool/USERDATA/user2_bcde": [
                     {
                        "Name": "rpool/USERDATA/user2_bcde",
                        "Mountpoint": "/home/user2",
                        "CanMount": "on",
                        "LastUsed": 1533333333,
                        "BootfsDatasets": "rpool/ROOT/ubuntu_1234"
                     }
                  ]
               }
            }
         },
         "AllUsersStates": {
            "user1": {
               "rpool/USERDATA/user1_abcd": {
                  "ID": "rpool/USERDATA/user1_abcd",
                  "LastUsed": "2018-12-10T13:20:44+01:00",
                  "Datasets": {
                     "rpool/USERDATA/user1_abcd": [
                        {
                           "Name": "rpool/USERDATA/user1_abcd",
                           "Mountpoint": "/home/user1",
                           "CanMount": "on",
                           "LastUsed": 1544444444,
                           "BootfsDatasets": "rpool/ROOT/ubuntu_1234"
                        }
                     ]
                  }
               },
               "rpool/USERDATA/user1_abcd@manual_20191230-1530": {
                  "ID": "rpool/USERDATA/user1_abcd@manual_20191230-1530",
                  "LastUsed": "2019-12-30T16:30:00+01:00",
                  "Datasets": {
                     "rpool/USERDATA/user1_abcd@manual_20191230-1530": [
                        {
                           "Name": "rpool/USERDATA/user1_abcd@manual_20191230-1530",
                           "IsSnapshot": true,
                           "Mountpoint": "/home/user1",
                           "CanMount": "on",
                           "LastUsed": 1577719800
                        }
                     ]
                  }
               },
               "rpool/USERDATA/user1_abcd@manual_20191230-1700": {
                  "ID": "rpool/USERDATA/user1_abcd@manual_20191230-1700",
                  "LastUsed": "2019-12-30T18:00:00+01:00",
                  "Datasets": {
                     "rpool/USERDATA/user1_abcd@manual_20191230-1700": [
                        {
                           "Name": "rpool/USERDATA/user1_abcd@manual_20191230-1700",
                           "IsSnapshot": true,
                           "Mountpoint": "/home/user1",
                           "CanMount": "on",
                           "LastUsed": 1577725200
                        }
                     ]
                  }
               },
               "rpool/USERDATA/user1_abcd@manual_20191230-1800": {
                  "ID": "rpool/USERDATA/user1_abcd@manual_20191230-1800",
                  "LastUsed": "2019-12-30T19:00:00+01:00",
                  "Datasets": {
                     "rpool/USERDATA/user1_abcd@manual_20191230-1800": [
                        {
                           "Name": "rpool/USERDATA/user1_abcd@manual_20191230-1800",
                           "IsSnapshot": true,
                           "Mountpoint": "/home/user1",
                           "CanMount": "on",
                           "LastUsed": 1577728800
                        }
                     ]
                  }
               },
               "rpool/USERDATA/user1_abcd@manual_20191230-1900": {
                  "ID": "rpool/USERDATA/user1_abcd@manual_20191230-1900",
                  "LastUsed": "2019-12-30T20:00:00+01:00",
                  "Datasets": {
                     "rpool/USERDATA/user1_abcd@manual_20191230-1900": [
                        {
                           "Name": "rpool/USERDATA/user1_abcd@manual_20191230-1900",
                           "IsSnapshot": true,
                           "Mountpoint": "/home/user1",
                           "CanMount": "on",
                           "LastUsed": 1577732400
                        }
                     ]
                  }
               },
               "rpool/USERDATA/user1_abcd@manual_20191230-2000": {
                  "ID": "rpool/USERDATA/user1_abcd@manual_20191230-2000",
                  "LastUsed": "2019-12-30T21:00:00+01:00",
                  "Datasets": {
                     "rpool/USERDATA/user1_abcd@manual_20191230-2000": [
                        {
                           "Name": "rpool/USERDATA/user1_abcd@manual_20191230-2000",
                           "IsSnapshot": true,
                           "Mountpoint": "/home/user1",
                           "CanMount": "on",
                           "LastUsed": 1577736000
                        }
                     ]
                  }
               },
               "rpool/USERDATA/user1_abcd@manual_20191230-2030": {
                  "ID": "rpool/USERDATA/user1_abcd@manual_20191230-2030",
                  "LastUsed": "2019-12-30T21:30:00+01:00",
                  "Datasets": {
                     "rpool/USERDATA/user1_abcd@manual_20191230-2030": [
                        {
                           "Name": "rpool/USERDATA/user1_abcd@manual_20191230-2030",
                           "IsSnapshot": true,
                           "Mountpoint": "/home/user1",
                           "CanMount": "on",
                           "LastUsed": 1577737800
                        }
                     ]
                  }
               },
               "rpool/USERDATA/user1_abcd@manual_20191230-2200": {
                  "ID": "rpool/USERDATA/user1_abcd@manual_20191230-2200",
                  "LastUsed": "2019-12-30T23:00:00+01:00",
                  "Datasets": {
                     "rpool/USERDATA/user1_abcd@manual_20191230-2200": [
                        {
                           "Name": "rpool/USERDATA/user1_abcd@manual_20191230-2200",
                           "IsSnapshot": true,
                           "Mountpoint": "/home/user1",
                           "CanMount": "on",
                           "LastUsed": 1577743200
                        }
                     ]
                  }
               },
               "rpool/USERDATA/user1_abcd@manual_20191231-0700": {
                  "ID": "rpool/USERDATA/user1_abcd@manual_20191231-0700",
                  "LastUsed": "2019-12-31T08:00:00+01:00",
                  "Datasets": {
                     "rpool/USERDATA/user1_abcd@manual_20191231-0700": [
                        {
                           "Name": "rpool/USERDATA/user1_abcd@manual_20191231-0700",
                           "IsSnapshot": true,
                           "Mountpoint": "/home/user1",
                           "CanMount": "on",
                           "LastUsed": 1577775600
                        }
                     ]
                  }
               },
               "rpool/USERDATA/user1_abcd@manual_20191231-0900": {
                  "ID": "rpool/USERDATA/user1_abcd@manual_20191231-0900",
                  "LastUsed": "2019-12-31T10:00:00+01:00",
                  "Datasets": {
                     "rpool/USERDATA/user1_abcd@manual_20191231-0900": [
                        {
                           "Name": "rpool/USERDATA/user1_abcd@manual_20191231-0900",
                           "IsSnapshot": true,
                           "Mountpoint": "/home/user1",
                           "CanMount": "on",
                           "LastUsed": 1577782800
                        }
                     ]
                  }
               },
               "rpool/USERDATA/user1_abcd@manual_20191231-1000": {
                  "ID": "rpool/USERDATA/user1_abcd@manual_20191231-1000",
                  "LastUsed": "2019-12-31T11:00:00+01:00",
                  "Datasets": {
                     "rpool/USERDATA/user1_abcd@manual_20191231-1000": [
                        {
                           "Name": "rpool/USERDATA/user1_abcd@manual_20191231-1000",
                           "IsSnapshot": true,
                           "Mountpoint": "/home/user1",
                           "CanMount": "on",
                           "LastUsed": 1577786400
                        }
                     ]
                  }
               },
               "rpool/USERDATA/user1_abcd@manual_20191231-1300": {
                  "ID": "rpool/USERDATA/user1_abcd@manual_20191231-1300",
                  "LastUsed": "2019-12-31T14:00:00+01:00",
                  "Datasets": {
                     "rpool/USERDATA/user1_abcd@manual_20191231-1300": [
                        {
                           "Name": "rpool/USERDATA/user1_abcd@manual_20191231-1300",
                           "IsSnapshot": true,
                           "Mountpoint": "/home/user1",
                           "CanMount": "on",
                           "LastUsed": 1577797200
                        }
                     ]
                  }
               },
               "rpool/USERDATA/user1_abcd@manual_20191231-1500": {
                  "ID": "rpool/USERDATA/user1_abcd@manual_20191231-1500",
                  "LastUsed": "2019-12-31T16:00:00+01:00",
                  "Datasets": {
                     "rpool/USERDATA/user1_abcd@manual_20191231-1500": [
                        {
                           "Name": "rpool/USERDATA/user1_abcd@manual_20191231-1500",
                           "IsSnapshot": true,
                           "Mountpoint": "/home/user1",
                           "CanMount": "on",
                           "LastUsed": 1577804400
                        }
                     ]
                  }
               },
               "rpool/USERDATA/user1_abcd@manual_20191231-2000": {
                  "ID": "rpool/USERDATA/user1_abcd@manual_20191231-2000",
                  "LastUsed": "2019-12-31T21:00:00+01:00",
                  "Datasets": {
                     "rpool/USERDATA/user1_abcd@manual_20191231-2000": [
                        {
                           "Name": "rpool/USERDATA/user1_abcd@manual_20191231-2000",
                           "IsSnapshot": true,
                           "Mountpoint": "/home/user1",
                           "CanMount": "on",
                           "LastUsed": 1577822400
                        }
                     ]
                  }
               },
               "rpool/USERDATA/user1_abcd@manual_20200101-0800": {
                  "ID": "rpool/USERDATA/user1_abcd@manual_20200101-0800",
                  "LastUsed": "2020-01-01T09:00:00+01:00",
                  "Datasets": {
                     "rpool/USERDATA/user1_abcd@manual_20200101-0800": [
                        {
                           "Name": "rpool/USERDATA/user1_abcd@manual_20200101-0800",
                           "IsSnapshot": true,
                           "Mountpoint": "/home/user1",
                           "CanMount": "on",
                           "LastUsed": 1577865600
                        }
                     ]
                  }
               },
               "rpool/USERDATA/user1_abcd@manual_20200101-0900": {
                  "ID": "rpool/USERDATA/user1_abcd@manual_20200101-0900",
                  "LastUsed": "2020-01-01T10:00:00+01:00",
                  "Datasets": {
                     "rpool/USERDATA/user1_abcd@manual_20200101-0900": [
                        {
                           "Name": "rpool/USERDATA/user1_abcd@manual_20200101-0900",
                           "IsSnapshot": true,
                           "Mountpoint": "/home/user1",
                           "CanMount": "on",
                           "LastUsed": 1577869200
                        }
                     ]
                  }
               },
               "rpool/USERDATA/user1_abcd@manual_20200101-1000": {
                  "ID": "rpool/USERDATA/user1_abcd@manual_20200101-1000",
                  "LastUsed": "2020-01-01T11:00:00+01:00",
                  "Datasets": {
                     "rpool/USERDATA/user1_abcd@manual_20200101-1000": [
                        {
                           "Name": "rpool/USERDATA/user1_abcd@manual_20200101-1000",
                           "IsSnapshot": true,
                           "Mountpoint": "/home/user1",
                           "CanMount": "on",
                           "LastUsed": 1577872800
                        }
                     ]
                  }
               },
               "rpool/USERDATA/user1_abcd@manual_20200101-1100": {
                  "ID": "rpool/USERDATA/user1_abcd@manual_20200101-1100",
                  "LastUsed": "2020-01-01T12:00:00+01:00",
                  "Datasets": {
                     "rpool/USERDATA/user1_abcd@manual_20200101-1100": [
                        {
                           "Name": "rpool/USERDATA/user1_abcd@manual_20200101-1100",
                           "IsSnapshot": true,
                           "Mountpoint": "/home/user1",
                           "CanMount": "on",
                           "LastUsed": 1577876400
                        }
                     ]
                  }
               }
            },
            "user2": {
               "rpool/USERDATA/user2_bcde": {
                  "ID": "rpool/USERDATA/user2_bcde",
                  "LastUsed": "2018-08-03T23:55:33+02:00",
                  "Datasets": {
                     "rpool/USERDATA/user2_bcde": [
                        {
                           "Name": "rpool/USERDATA/user2_bcde",
                           "Mountpoint": "/home/user2",
                           "CanMount": "on",
                           "LastUsed": 1533333333,
                           "BootfsDatasets": "rpool/ROOT/ubuntu_1234"
                        }
                     ]
                  }
               },
               "rpool/USERDATA/user2_bcde@manual_20191230-1700": {
                  "ID": "rpool/USERDATA/user2_bcde@manual_20191230-1700",
                  "LastUsed": "2019-12-30T18:00:00+01:00",
                  "Datasets": {
                     "rpool/USERDATA/user2_bcde@manual_20191230-1700": [
                        {
                           "Name": "rpool/USERDATA/user2_bcde@manual_20191230-1700",
                           "IsSnapshot": true,
                           "Mountpoint": "/home/user2",
                           "CanMount": "on",
                           "LastUsed": 1577725200
                        }
                     ]
                  }
               },
               "rpool/USERDATA/user2_bcde@manual_20191230-1800": {
                  "ID": "rpool/USERDATA/user2_bcde@manual_20191230-1800",
                  "LastUsed": "2019-12-30T19:00:00+01:00",
                  "Datasets": {
                     "rpool/USERDATA/user2_bcde@manual_20191230-1800": [
                        {
                           "Name": "rpool/USERDATA/user2_bcde@manual_20191230-1800",
                           "IsSnapshot": true,
                           "Mountpoint": "/home/user2",
                           "CanMount": "on",
                           "LastUsed": 1577728800
                        }
                     ]
                  }
               },
               "rpool/USERDATA/user2_bcde@manual_20191230-1930": {
                  "ID": "rpool/USERDATA/user2_bcde@manual_20191230-1930",
                  "LastUsed": "2019-12-30T20:30:00+01:00",
                  "Datasets": {
                     "rpool/USERDATA/user2_bcde@manual_20191230-1930": [
                        {
                           "Name": "rpool/USERDATA/user2_bcde@manual_20191230-1930",
                           "IsSnapshot": true,
                           "Mountpoint": "/home/user2",
                           "CanMount": "on",
                           "LastUsed": 1577734200
                        }
                     ]
                  }
               },
               "rpool/USERDATA/user2_bcde@manual_20191230-2000": {
                  "ID": "rpool/USERDATA/user2_bcde@manual_20191230-2000",
                  "LastUsed": "2019-12-30T21:00:00+01:00",
                  "Datasets": {
                     "rpool/USERDATA/user2_bcde@manual_20191230-2000": [
                        {
                           "Name": "rpool/USERDATA/user2_bcde@manual_20191230-2000",
                           "IsSnapshot": true,
                           "Mountpoint": "/home/user2",
                           "CanMount": "on",
                           "LastUsed": 1577736000
                        }
                     ]
                  }
               },
               "rpool/USERDATA/user2_bcde@manual_20191230-2030": {
                  "ID": "rpool/USERDATA/user2_bcde@manual_20191230-2030",
                  "LastUsed": "2019-12-30T21:30:00+01:00",
                  "Datasets": {
                     "rpool/USERDATA/user2_bcde@manual_20191230-2030": [
                        {
                           "Name": "rpool/USERDATA/user2_bcde@manual_20191230-2030",
                           "IsSnapshot": true,
                           "Mountpoint": "/home/user2",
                           "CanMount": "on",
                           "LastUsed": 1577737800
                        }
                     ]
                  }
               },
               "rpool/USERDATA/user2_bcde@manual_20191230-2200": {
                  "ID": "rpool/USERDATA/user2_bcde@manual_20191230-2200",
                  "LastUsed": "2019-12-30T23:00:00+01:00",
                  "Datasets": {
                     "rpool/USERDATA/user2_bcde@manual_20191230-2200": [
                        {
                           "Name": "rpool/USERDATA/user2_bcde@manual_20191230-2200",
                           "IsSnapshot": true,
                           "Mountpoint": "/home/user2",
                           "CanMount": "on",
                           "LastUsed": 1577743200
                        }
                     ]
                  }
               },
               "rpool/USERDATA/user2_bcde@manual_20191231-0700": {
                  "ID": "rpool/USERDATA/user2_bcde@manual_20191231-0700",
                  "LastUsed": "2019-12-31T08:00:00+01:00",
                  "Datasets": {
                     "rpool/USERDATA/user2_bcde@manual_20191231-0700": [
                        {
                           "Name": "rpool/USERDATA/user2_bcde@manual_20191231-0700",
                           "IsSnapshot": true,
                           "Mountpoint": "/home/user2",
                           "CanMount": "on",
                           "LastUsed": 1577775600
                        }
                     ]
                  }
               },
               "rpool/USERDATA/user2_bcde@manual_20191231-0900": {
                  "ID": "rpool/USERDATA/user2_bcde@manual_20191231-0900",
                  "LastUsed": "2019-12-31T10:00:00+01:00",
                  "Datasets": {
                     "rpool/USERDATA/user2_bcde@manual_20191231-0900": [
                        {
                           "Name": "rpool/USERDATA/user2_bcde@manual_20191231-0900",
                           "IsSnapshot": true,
                           "Mountpoint": "/home/user2",
                           "CanMount": "on",
                           "LastUsed": 1577782800
                        }
                     ]
                  }
               },
               "rpool/USERDATA/user2_bcde@manual_20191231-1000": {
                  "ID": "rpool/USERDATA/user2_bcde@manual_20191231-1000",
                  "LastUsed": "2019-12-31T11:00:00+01:00",
                  "Datasets": {
                     "rpool/USERDATA/user2_bcde@manual_20191231-1000": [
                        {
                           "Name": "rpool/USERDATA/user2_bcde@manual_20191231-1000",
                           "IsSnapshot": true,
                           "Mountpoint": "/home/user2",
                           "CanMount": "on",
                           "LastUsed": 1577786400
                        }
                     ]
                  }
               },
               "rpool/USERDATA/user2_bcde@manual_20191231-1300": {
                  "ID": "rpool/USERDATA/user2_bcde@manual_20191231-1300",
                  "LastUsed": "2019-12-31T14:00:00+01:00",
                  "Datasets": {
                     "rpool/USERDATA/user2_bcde@manual_20191231-1300": [
                        {
                           "Name": "rpool/USERDATA/user2_bcde@manual_20191231-1300",
                           "IsSnapshot": true,
                           "Mountpoint": "/home/user2",
                           "CanMount": "on",
                           "LastUsed": 1577797200
                        }
                     ]
                  }
               },
               "rpool/USERDATA/user2_bcde@manual_20191231-1500": {
                  "ID": "rpool/USERDATA/user2_bcde@manual_20191231-1500",
                  "LastUsed": "2019-12-31T16:00:00+01:00",
                  "Datasets": {
                     "rpool/USERDATA/user2_bcde@manual_20191231-1500": [
                        {
                           "Name": "rpool/USERDATA/user2_bcde@manual_20191231-1500",
                           "IsSnapshot": true,
                           "Mountpoint": "/home/user2",
                           "CanMount": "on",
                           "LastUsed": 1577804400
                        }
                     ]
                  }
               },
               "rpool/USERDATA/user2_bcde@manual_20191231-2000": {
                  "ID": "rpool/USERDATA/user2_bcde@manual_20191231-2000",
                  "LastUsed": "2019-12-31T21:00:00+01:00",
                  "Datasets": {
                     "rpool/USERDATA/user2_bcde@manual_20191231-2000": [
                        {
                           "Name": "rpool/USERDATA/user2_bcde@manual_20191231-2000",
                           "IsSnapshot": true,
                           "Mountpoint": "/home/user2",
                           "CanMount": "on",
                           "LastUsed": 1577822400
                        }
                     ]
                  }
               },
               "rpool/USERDATA/user2_bcde@manual_20200101-0800": {
                  "ID": "rpool/USERDATA/user2_bcde@manual_20200101-0800",
                  "LastUsed": "2020-01-01T09:00:00+01:00",
                  "Datasets": {
                     "rpool/USERDATA/user2_bcde@manual_20200101-0800": [
                        {
                           "Name": "rpool/USERDATA/user2_bcde@manual_20200101-0800",
                           "IsSnapshot": true,
                           "Mountpoint": "/home/user2",
                           "CanMount": "on",
                           "LastUsed": 1577865600
                        }
                     ]
                  }
               },
               "rpool/USERDATA/user2_bcde@manual_20200101-0900": {
                  "ID": "rpool/USERDATA/user2_bcde@manual_20200101-0900",
                  "LastUsed": "2020-01-01T10:00:00+01:00",
                  "Datasets": {
                     "rpool/USERDATA/user2_bcde@manual_20200101-0900": [
                        {
                           "Name": "rpool/USERDATA/user2_bcde@manual_20200101-0900",
                           "IsSnapshot": true,
                           "Mountpoint": "/home/user2",
                           "CanMount": "on",
                           "LastUsed": 1577869200
                        }
                     ]
                  }
               },
               "rpool/USERDATA/user2_bcde@manual_20200101-1000": {
                  "ID": "rpool/USERDATA/user2_bcde@manual_20200101-1000",
                  "LastUsed": "2020-01-01T11:00:00+01:00",
                  "Datasets": {
                     "rpool/USERDATA/user2_bcde@manual_20200101-1000": [
                        {
                           "Name": "rpool/USERDATA/user2_bcde@manual_20200101-1000",
                           "IsSnapshot": true,
                           "Mountpoint": "/home/user2",
                           "CanMount": "on",
                           "LastUsed": 1577872800
                        }
                     ]
                  }
               },
               "rpool/USERDATA/user2_bcde@manual_20200101-1100": {
                  "ID": "rpool/USERDATA/user2_bcde@manual_20200101-1100",
                  "LastUsed": "2020-01-01T12:00:00+01:00",
                  "Datasets": {
                     "rpool/USERDATA/user2_bcde@manual_20200101-1100": [
                        {
                           "Name": "rpool/USERDATA/user2_bcde@manual_20200101-1100",
                           "IsSnapshot": true,
                           "Mountpoint": "/home/user2",
                           "CanMount": "on",
                           "LastUsed": 1577876400
                        }
                     ]
                  }
               }
            }
         },
         "History": {
            "rpool/ROOT/ubuntu_1234@manual_20191230-1700": {
               "ID": "rpool/ROOT/ubuntu_1234@manual_20191230-1700",
               "LastUsed": "2019-12-30T18:00:00+01:00",
               "Datasets": {
                  "rpool/ROOT/ubuntu_1234@manual_20191230-1700": [
                     {
                        "Name": "rpool/ROOT/ubuntu_1234@manual_20191230-1700",
                        "IsSnapshot": true,
                        "Mountpoint": "/",
                        "CanMount": "on",
                        "BootFS": true,
                        "LastUsed": 1577725200
                     }
                  ]
               },
               "Users": {
                  "user1": {
                     "ID": "rpool/USERDATA/user1_abcd@manual_20191230-1700",
                     "LastUsed": "2019-12-30T18:00:00+01:00",
                     "Datasets": {
                        "rpool/USERDATA/user1_abcd@manual_20191230-1700": [
                           {
                              "Name": "rpool/USERDATA/user1_abcd@manual_20191230-1700",
                              "IsSnapshot": true,
                              "Mountpoint": "/home/user1",
                              "CanMount": "on",
                              "LastUsed": 1577725200
                           }
                        ]
                     }
                  },
                  "user2": {
                     "ID": "rpool/USERDATA/user2_bcde@manual_20191230-1700",
                     "LastUsed": "2019-12-30T18:00:00+01:00",
                     "Datasets": {
                        "rpool/USERDATA/user2_bcde@manual_20191230-1700": [
                           {
                              "Name": "rpool/USERDATA/user2_bcde@manual_20191230-1700",
                              "IsSnapshot": true,
                              "Mountpoint": "/home/user2",
                              "CanMount": "on",
                              "LastUsed": 1577725200
                           }
                        ]
                     }
                  }
               }
            },
            "rpool/ROOT/ubuntu_1234@manual_20191230-1800": {
               "ID": "rpool/ROOT/ubuntu_1234@manual_20191230-1800",
               "LastUsed": "2019-12-30T19:00:00+01:00",
               "Datasets": {
                  "rpool/ROOT/ubuntu_1234@manual_20191230-1800": [
                     {
                        "Name": "rpool/ROOT/ubuntu_1234@manual_20191230-1800",
                        "IsSnapshot": true,
                        "Mountpoint": "/",
                        "CanMount": "on",
                        "BootFS": true,
                        "LastUsed": 1577728800
                     }
                  ]
               },
               "Users": {
                  "user1": {
                     "ID": "rpool/USERDATA/user1_abcd@manual_20191230-1800",
                     "LastUsed": "2019-12-30T19:00:00+01:00",
                     "Datasets": {
                        "rpool/USERDATA/user1_abcd@manual_20191230-1800": [
                           {
                              "Name": "rpool/USERDATA/user1_abcd@manual_20191230-1800",
                              "IsSnapshot": true,
                              "Mountpoint": "/home/user1",
                              "CanMount": "on",
                              "LastUsed": 1577728800
                           }
                        ]
                     }
                  },
                  "user2": {
                     "ID": "rpool/USERDATA/user2_bcde@manual_20191230-1800",
                     "LastUsed": "2019-12-30T19:00:00+01:00",
                     "Datasets": {
                        "rpool/USERDATA/user2_bcde@manual_20191230-1800": [
                           {
                              "Name": "rpool/USERDATA/user2_bcde@manual_20191230-1800",
                              "IsSnapshot": true,
                              "Mountpoint": "/home/user2",
                              "CanMount": "on",
                              "LastUsed": 1577728800
                           }
                        ]
                     }
                  }
               }
            },
            "rpool/ROOT/ubuntu_1234@manual_20191230-1900": {
               "ID": "rpool/ROOT/ubuntu_1234@manual_20191230-1900",
               "LastUsed": "2019-12-30T20:00:00+01:00",
               "Datasets": {
                  "rpool/ROOT/ubuntu_1234@manual_20191230-1900": [
                     {
                        "Name": "rpool/ROOT/ubuntu_1234@manual_20191230-1900",
                        "IsSnapshot": true,
                        "Mountpoint": "/",
                        "CanMount": "on",
                        "BootFS": true,
                        "LastUsed": 1577732400
                     }
                  ]
               },
               "Users": {
                  "user1": {
                     "ID": "rpool/USERDATA/user1_abcd@manual_20191230-1900",
                     "LastUsed": "2019-12-30T20:00:00+01:00",
                     "Datasets": {
                        "rpool/USERDATA/user1_abcd@manual_20191230-1900": [
                           {
                              "Name": "rpool/USERDATA/user1_abcd@manual_20191230-1900",
                              "IsSnapshot": true,
                              "Mountpoint": "/home/user1",
                              "CanMount": "on",
                              "LastUsed": 1577732400
                           }
                        ]
                     }
                  }
               }
            },
            "rpool/ROOT/ubuntu_1234@manual_20191230-2000": {
               "ID": "rpool/ROOT/ubuntu_1234@manual_20191230-2000",
               "LastUsed": "2019-12-30T21:00:00+01:00",
               "Datasets": {
                  "rpool/ROOT/ubuntu_1234@manual_20191230-2000": [
                     {
                        "Name": "rpool/ROOT/ubuntu_1234@manual_20191230-2000",
                        "IsSnapshot": true,
                        "Mountpoint": "/",
                        "CanMount": "on",
                        "BootFS": true,
                        "LastUsed": 1577736000
                     }
                  ]
               },
               "Users": {
                  "user1": {
                     "ID": "rpool/USERDATA/user1_abcd@manual_20191230-2000",
                     "LastUsed": "2019-12-30T21:00:00+01:00",
                     "Datasets": {
                        "rpool/USERDATA/user1_abcd@manual_20191230-2000": [
                           {
                              "Name": "rpool/USERDATA/user1_abcd@manual_20191230-2000",
                              "IsSnapshot": true,
                              "Mountpoint": "/home/user1",
                              "CanMount": "on",
                              "LastUsed": 1577736000
                           }
                        ]
                     }
                  },
                  "user2": {
                     "ID": "rpool/USERDATA/user2_bcde@manual_20191230-2000",
                     "LastUsed": "2019-12-30T21:00:00+01:00",
                     "Datasets": {
                        "rpool/USERDATA/user2_bcde@manual_20191230-2000": [
                           {
                              "Name": "rpool/USERDATA/user2_bcde@manual_20191230-2000",
                              "IsSnapshot": true,
                              "Mountpoint": "/home/user2",
                              "CanMount": "on",
                              "LastUsed": 1577736000
                           }
                        ]
                     }
                  }
               }
            },
            "rpool/ROOT/ubuntu_1234@manual_20191230-2200": {
               "ID": "rpool/ROOT/ubuntu_1234@manual_20191230-2200",
               "LastUsed": "2019-12-30T23:00:00+01:00",
               "Datasets": {
                  "rpool/ROOT/ubuntu_1234@manual_20191230-2200": [
                     {
                        "Name": "rpool/ROOT/ubuntu_1234@manual_20191230-2200",
                        "IsSnapshot": true,
                        "Mountpoint": "/",
                        "CanMount": "on",
                        "BootFS": true,
                        "LastUsed": 1577743200
                     }
                  ]
               },
               "Users": {
                  "user1": {
                     "ID": "rpool/USERDATA/user1_abcd@manual_20191230-2200",
                     "LastUsed": "2019-12-30T23:00:00+01:00",
                     "Datasets": {
                        "rpool/USERDATA/user1_abcd@manual_20191230-2200": [
                           {
                              "Name": "rpool/USERDATA/user1_abcd@manual_20191230-2200",
                              "IsSnapshot": true,
                              "Mountpoint": "/home/user1",
                              "CanMount": "on",
                              "LastUsed": 1577743200
                           }
                        ]
                     }
                  },
                  "user2": {
                     "ID": "rpool/USERDATA/user2_bcde@manual_20191230-2200",
                     "LastUsed": "2019-12-30T23:00:00+01:00",
                     "Datasets": {
                        "rpool/USERDATA/user2_bcde@manual_20191230-2200": [
                           {
                              "Name": "rpool/USERDATA/user2_bcde@manual_20191230-2200",
                              "IsSnapshot": true,
                              "Mountpoint": "/home/user2",
                              "CanMount": "on",
                              "LastUsed": 1577743200
                           }
                        ]
                     }
                  }
               }
            },
            "rpool/ROOT/ubuntu_1234@manual_20191231-0700": {
               "ID": "rpool/ROOT/ubuntu_1234@manual_20191231-0700",
               "LastUsed": "2019-12-31T08:00:00+01:00",
               "Datasets": {
                  "rpool/ROOT/ubuntu_1234@manual_20191231-0700": [
                     {
                        "Name": "rpool/ROOT/ubuntu_1234@manual_20191231-0700",
                        "IsSnapshot": true,
                        "Mountpoint": "/",
                        "CanMount": "on",
                        "BootFS": true,
                        "LastUsed": 1577775600
                     }
                  ]
               },
               "Users": {
                  "user1": {
                     "ID": "rpool/USERDATA/user1_abcd@manual_20191231-0700",
                     "LastUsed": "2019-12-31T08:00:00+01:00",
                     "Datasets": {
                        "rpool/USERDATA/user1_abcd@manual_20191231-0700": [
                           {
                              "Name": "rpool/USERDATA/user1_abcd@manual_20191231-0700",
                              "IsSnapshot": true,
                              "Mountpoint": "/home/user1",
                              "CanMount": "on",
                              "LastUsed": 1577775600
                           }
                        ]
                     }
                  },
                  "user2": {
                     "ID": "rpool/USERDATA/user2_bcde@manual_20191231-0700",
                     "LastUsed": "2019-12-31T08:00:00+01:00",
                     "Datasets": {
                        "rpool/USERDATA/user2_bcde@manual_20191231-0700": [
                           {
                              "Name": "rpool/USERDATA/user2_bcde@manual_20191231-0700",
                              "IsSnapshot": true,
                              "Mountpoint": "/home/user2",
                              "CanMount": "on",
                              "LastUsed": 1577775600
                           }
                        ]
                     }
                  }
               }
            },
            "rpool/ROOT/ubuntu_1234@manual_20191231-0900": {
               "ID": "rpool/ROOT/ubuntu_1234@manual_20191231-0900",
               "LastUsed": "2019-12-31T10:00:00+01:00",
               "Datasets": {
                  "rpool/ROOT/ubuntu_1234@manual_20191231-0900": [
                     {
                        "Name": "rpool/ROOT/ubuntu_1234@manual_20191231-0900",
                        "IsSnapshot": true,
                        "Mountpoint": "/",
                        "CanMount": "on",
                        "BootFS": true,
                        "LastUsed": 1577782800
                     }
                  ]
               },
               "Users": {
                  "user1": {
                     "ID": "rpool/USERDATA/user1_abcd@manual_20191231-0900",
                     "LastUsed": "2019-12-31T10:00:00+01:00",
                     "Datasets": {
                        "rpool/USERDATA/user1_abcd@manual_20191231-0900": [
                           {
                              "Name": "rpool/USERDATA/user1_abcd@manual_20191231-0900",
                              "IsSnapshot": true,
                              "Mountpoint": "/home/user1",
                              "CanMount": "on",
                              "LastUsed": 1577782800
                           }
                        ]
                     }
                  },
                  "user2": {
                     "ID": "rpool/USERDATA/user2_bcde@manual_20191231-0900",
                     "LastUsed": "2019-12-31T10:00:00+01:00",
                     "Datasets": {
                        "rpool/USERDATA/user2_bcde@manual_20191231-0900": [
                           {
                              "Name": "rpool/USERDATA/user2_bcde@manual_20191231-0900",
                              "IsSnapshot": true,
                              "Mountpoint": "/home/user2",
                              "CanMount": "on",
                              "LastUsed": 1577782800
                           }
                        ]
                     }
                  }
               }
            },
            "rpool/ROOT/ubuntu_1234@manual_20191231-1000": {
               "ID": "rpool/ROOT/ubuntu_1234@manual_20191231-1000",
               "LastUsed": "2019-12-31T11:00:00+01:00",
               "Datasets": {
                  "rpool/ROOT/ubuntu_1234@manual_20191231-1000": [
                     {
                        "Name": "rpool/ROOT/ubuntu_1234@manual_20191231-1000",
                        "IsSnapshot": true,
                        "Mountpoint": "/",
                        "CanMount": "on",
                        "BootFS": true,
                        "LastUsed": 1577786400
                     }
                  ]
               },
               "Users": {
                  "user1": {
                     "ID": "rpool/USERDATA/user1_abcd@manual_20191231-1000",
                     "LastUsed": "2019-12-31T11:00:00+01:00",
                     "Datasets": {
                        "rpool/USERDATA/user1_abcd@manual_20191231-1000": [
                           {
                              "Name": "rpool/USERDATA/user1_abcd@manual_20191231-1000",
                              "IsSnapshot": true,
                              "Mountpoint": "/home/user1",
                              "CanMount": "on",
                              "LastUsed": 1577786400
                           }
                        ]
                     }
                  },
                  "user2": {
                     "ID": "rpool/USERDATA/user2_bcde@manual_20191231-1000",
                     "LastUsed": "2019-12-31T11:00:00+01:00",
                     "Datasets": {
                        "rpool/USERDATA/user2_bcde@manual_20191231-1000": [
                           {
                              "Name": "rpool/USERDATA/user2_bcde@manual_20191231-1000",
                              "IsSnapshot": true,
                              "Mountpoint": "/home/user2",
                              "CanMount": "on",
                              "LastUsed": 1577786400
                           }
                        ]
                     }
                  }
               }
            },
            "rpool/ROOT/ubuntu_1234@manual_20191231-1300": {
               "ID": "rpool/ROOT/ubuntu_1234@manual_20191231-1300",
               "LastUsed": "2019-12-31T14:00:00+01:00",
               "Datasets": {
                  "rpool/ROOT/ubuntu_1234@manual_20191231-1300": [
                     {
                        "Name": "rpool/ROOT/ubuntu_1234@manual_20191231-1300",
                        "IsSnapshot": true,
                        "Mountpoint": "/",
                        "CanMount": "on",
                        "BootFS": true,
                        "LastUsed": 1577797200
                     }
                  ]
               },
               "Users": {
                  "user1": {
                     "ID": "rpool/USERDATA/user1_abcd@manual_20191231-1300",
                     "LastUsed": "2019-12-31T14:00:00+01:00",
                     "Datasets": {
                        "rpool/USERDATA/user1_abcd@manual_20191231-1300": [
                           {
                              "Name": "rpool/USERDATA/user1_abcd@manual_20191231-1300",
                              "IsSnapshot": true,
                              "Mountpoint": "/home/user1",
                              "CanMount": "on",
                              "LastUsed": 1577797200
                           }
                        ]
                     }
                  },
                  "user2": {
                     "ID": "rpool/USERDATA/user2_bcde@manual_20191231-1300",
                     "LastUsed": "2019-12-31T14:00:00+01:00",
                     "Datasets": {
                        "rpool/USERDATA/user2_bcde@manual_20191231-1300": [
                           {
                              "Name": "rpool/USERDATA/user2_bcde@manual_20191231-1300",
                              "IsSnapshot": true,
                              "Mountpoint": "/home/user2",
                              "CanMount": "on",
                              "LastUsed": 1577797200
                           }
                        ]
                     }
                  }
               }
            },
            "rpool/ROOT/ubuntu_1234@manual_20191231-1500": {
               "ID": "rpool/ROOT/ubuntu_1234@manual_20191231-1500",
               "LastUsed": "2019-12-31T16:00:00+01:00",
               "Datasets": {
                  "rpool/ROOT/ubuntu_1234@manual_20191231-1500": [
                     {
                        "Name": "rpool/ROOT/ubuntu_1234@manual_20191231-1500",
                        "IsSnapshot": true,
                        "Mountpoint": "/",
                        "CanMount": "on",
                        "BootFS": true,
                        "LastUsed": 1577804400
                     }
                  ]
               },
               "Users": {
                  "user1": {
                     "ID": "rpool/USERDATA/user1_abcd@manual_20191231-1500",
                     "LastUsed": "2019-12-31T16:00:00+01:00",
                     "Datasets": {
                        "rpool/USERDATA/user1_abcd@manual_20191231-1500": [
                           {
                              "Name": "rpool/USERDATA/user1_abcd@manual_20191231-1500",
                              "IsSnapshot": true,
                              "Mountpoint": "/home/user1",
                              "CanMount": "on",
                              "LastUsed": 1577804400
                           }
                        ]
                     }
                  },
                  "user2": {
                     "ID": "rpool/USERDATA/user2_bcde@manual_20191231-1500",
                     "LastUsed": "2019-12-31T16:00:00+01:00",
                     "Datasets": {
                        "rpool/USERDATA/user2_bcde@manual_20191231-1500": [
                           {
                              "Name": "rpool/USERDATA/user2_bcde@manual_20191231-1500",
                              "IsSnapshot": true,
                              "Mountpoint": "/home/user2",
                              "CanMount": "on",
                              "LastUsed": 1577804400
                           }
                        ]
                     }
                  }
               }
            },
            "rpool/ROOT/ubuntu_1234@manual_20191231-2000": {
               "ID": "rpool/ROOT/ubuntu_1234@manual_20191231-2000",
               "LastUsed": "2019-12-31T21:00:00+01:00",
               "Datasets": {
                  "rpool/ROOT/ubuntu_1234@manual_20191231-2000": [
                     {
                        "Name": "rpool/ROOT/ubuntu_1234@manual_20191231-2000",
                        "IsSnapshot": true,
                        "Mountpoint": "/",
                        "CanMount": "on",
                        "BootFS": true,
                        "LastUsed": 1577822400
                     }
                  ]
               },
               "Users": {
                  "user1": {
                     "ID": "rpool/USERDATA/user1_abcd@manual_20191231-2000",
                     "LastUsed": "2019-12-31T21:00:00+01:00",
                     "Datasets": {
                        "rpool/USERDATA/user1_abcd@manual_20191231-2000": [
                           {
                              "Name": "rpool/USERDATA/user1_abcd@manual_20191231-2000",
                              "IsSnapshot": true,
                              "Mountpoint": "/home/user1",
                              "CanMount": "on",
                              "LastUsed": 1577822400
                           }
                        ]
                     }
                  },
                  "user2": {
                     "ID": "rpool/USERDATA/user2_bcde@manual_20191231-2000",
                     "LastUsed": "2019-12-31T21:00:00+01:00",
                     "Datasets": {
                        "rpool/USERDATA/user2_bcde@manual_20191231-2000": [
                           {
                              "Name": "rpool/USERDATA/user2_bcde@manual_20191231-2000",
                              "IsSnapshot": true,
                              "Mountpoint": "/home/user2",
                              "CanMount": "on",
                              "LastUsed": 1577822400
                           }
                        ]
                     }
                  }
               }
            },
            "rpool/ROOT/ubuntu_1234@manual_20200101-0800": {
               "ID": "rpool/ROOT/ubuntu_1234@manual_20200101-0800",
               "LastUsed": "2020-01-01T09:00:00+01:00",
               "Datasets": {
                  "rpool/ROOT/ubuntu_1234@manual_20200101-0800": [
                     {
                        "Name": "rpool/ROOT/ubuntu_1234@manual_20200101-0800",
                        "IsSnapshot": true,
                        "Mountpoint": "/",
                        "CanMount": "on",
                        "BootFS": true,
                        "LastUsed": 1577865600
                     }
                  ]
               },
               "Users": {
                  "user1": {
                     "ID": "rpool/USERDATA/user1_abcd@manual_20200101-0800",
                     "LastUsed": "2020-01-01T09:00:00+01:00",
                     "Datasets": {
                        "rpool/USERDATA/user1_abcd@manual_20200101-0800": [
                           {
                              "Name": "rpool/USERDATA/user1_abcd@manual_20200101-0800",
                              "IsSnapshot": true,
                              "Mountpoint": "/home/user1",
                              "CanMount": "on",
                              "LastUsed": 1577865600
                           }
                        ]
                     }
                  },
                  "user2": {
                     "ID": "rpool/USERDATA/user2_bcde@manual_20200101-0800",
                     "LastUsed": "2020-01-01T09:00:00+01:00",
                     "Datasets": {
                        "rpool/USERDATA/user2_bcde@manual_20200101-0800": [
                           {
                              "Name": "rpool/USERDATA/user2_bcde@manual_20200101-0800",
                              "IsSnapshot": true,
                              "Mountpoint": "/home/user2",
                              "CanMount": "on",
                              "LastUsed": 1577865600
                           }
                        ]
                     }
                  }
               }
            },
            "rpool/ROOT/ubuntu_1234@manual_20200101-0900": {
               "ID": "rpool/ROOT/ubuntu_1234@manual_20200101-0900",
               "LastUsed": "2020-01-01T10:00:00+01:00",
               "Datasets": {
                  "rpool/ROOT/ubuntu_1234@manual_20200101-0900": [
                     {
                        "Name": "rpool/ROOT/ubuntu_1234@manual_20200101-0900",
                        "IsSnapshot": true,
                        "Mountpoint": "/",
                        "CanMount": "on",
                        "BootFS": true,
                        "LastUsed": 1577869200
                     }
                  ]
               },
               "Users": {
                  "user1": {
                     "ID": "rpool/USERDATA/user1_abcd@manual_20200101-0900",
                     "LastUsed": "2020-01-01T10:00:00+01:00",
                     "Datasets": {
                        "rpool/USERDATA/user1_abcd@manual_20200101-0900": [
                           {
                              "Name": "rpool/USERDATA/user1_abcd@manual_20200101-0900",
                              "IsSnapshot": true,
                              "Mountpoint": "/home/user1",
                              "CanMount": "on",
                              "LastUsed": 1577869200
                           }
                        ]
                     }
                  },
                  "user2": {
                     "ID": "rpool/USERDATA/user2_bcde@manual_20200101-0900",
                     "LastUsed": "2020-01-01T10:00:00+01:00",
                     "Datasets": {
                        "rpool/USERDATA/user2_bcde@manual_20200101-0900": [
                           {
                              "Name": "rpool/USERDATA/user2_bcde@manual_20200101-0900",
                              "IsSnapshot": true,
                              "Mountpoint": "/home/user2",
                              "CanMount": "on",
                              "LastUsed": 1577869200
                           }
                        ]
                     }
                  }
               }
            },
            "rpool/ROOT/ubuntu_1234@manual_20200101-1000": {
               "ID": "rpool/ROOT/ubuntu_1234@manual_20200101-1000",
               "LastUsed": "2020-01-01T11:00:00+01:00",
               "Datasets": {
                  "rpool/ROOT/ubuntu_1234@manual_20200101-1000": [
                     {
                        "Name": "rpool/ROOT/ubuntu_1234@manual_20200101-1000",
                        "IsSnapshot": true,
                        "Mountpoint": "/",
                        "CanMount": "on",
                        "BootFS": true,
                        "LastUsed": 1577872800
                     }
                  ]
               },
               "Users": {
                  "user1": {
                     "ID": "rpool/USERDATA/user1_abcd@manual_20200101-1000",
                     "LastUsed": "2020-01-01T11:00:00+01:00",
                     "Datasets": {
                        "rpool/USERDATA/user1_abcd@manual_20200101-1000": [
                           {
                              "Name": "rpool/USERDATA/user1_abcd@manual_20200101-1000",
                              "IsSnapshot": true,
                              "Mountpoint": "/home/user1",
                              "CanMount": "on",
                              "LastUsed": 1577872800
                           }
                        ]
                     }
                  },
                  "user2": {
                     "ID": "rpool/USERDATA/user2_bcde@manual_20200101-1000",
                     "LastUsed": "2020-01-01T11:00:00+01:00",
                     "Datasets": {
                        "rpool/USERDATA/user2_bcde@manual_20200101-1000": [
                           {
                              "Name": "rpool/USERDATA/user2_bcde@manual_20200101-1000",
                              "IsSnapshot": true,
                              "Mountpoint": "/home/user2",
                              "CanMount": "on",
                              "LastUsed": 1577872800
                           }
                        ]
                     }
                  }
               }
            },
            "rpool/ROOT/ubuntu_1234@manual_20200101-1100": {
               "ID": "rpool/ROOT/ubuntu_1234@manual_20200101-1100",
               "LastUsed": "2020-01-01T12:00:00+01:00",
               "Datasets": {
                  "rpool/ROOT/ubuntu_1234@manual_20200101-1100": [
                     {
                        "Name": "rpool/ROOT/ubuntu_1234@manual_20200101-1100",
                        "IsSnapshot": true,
                        "Mountpoint": "/",
                        "CanMount": "on",
                        "BootFS": true,
                        "LastUsed": 1577876400
                     }
                  ]
               },
               "Users": {
                  "user1": {
                     "ID": "rpool/USERDATA/user1_abcd@manual_20200101-1100",
                     "LastUsed": "2020-01-01T12:00:00+01:00",
                     "Datasets": {
                        "rpool/USERDATA/user1_abcd@manual_20200101-1100": [
                           {
                              "Name": "rpool/USERDATA/user1_abcd@manual_20200101-1100",
                              "IsSnapshot": true,
                              "Mountpoint": "/home/user1",
                              "CanMount": "on",
                              "LastUsed": 1577876400
                           }
                        ]
                     }
                  },
                  "user2": {
                     "ID": "rpool/USERDATA/user2_bcde@manual_20200101-1100",
                     "LastUsed": "2020-01-01T12:00:00+01:00",
                     "Datasets": {
                        "rpool/USERDATA/user2_bcde@manual_20200101-1100": [
                           {
                              "Name": "rpool/USERDATA/user2_bcde@manual_20200101-1100",
                              "IsSnapshot": true,
                              "Mountpoint": "/home/user2",
                              "CanMount": "on",
                              "LastUsed": 1577876400
                           }
                        ]
                     }
                  }
               }
            }
         }
      }
   },
   "AllSystemDatasets": [
      {
         "Name": "rpool/ROOT/ubuntu_1234",
         "Mountpoint": "/",
         "CanMount": "on",
         "BootFS": true,
         "LastUsed": 1555555555
      },
      {
         "Name": "rpool/ROOT/ubuntu_1234@manual_20191230-1700",
         "IsSnapshot": true,
         "Mountpoint": "/",
         "CanMount": "on",
         "BootFS": true,
         "LastUsed": 1577725200
      },
      {
         "Name": "rpool/ROOT/ubuntu_1234@manual_20191230-1800",
         "IsSnapshot": true,
         "Mountpoint": "/",
         "CanMount": "on",
         "BootFS": true,
         "LastUsed": 1577728800
      },
      {
         "Name": "rpool/ROOT/ubuntu_1234@manual_20191230-1900",
         "IsSnapshot": true,
         "Mountpoint": "/",
         "CanMount": "on",
         "BootFS": true,
         "LastUsed": 1577732400
      },
      {
         "Name": "rpool/ROOT/ubuntu_1234@manual_20191230-2000",
         "IsSnapshot": true,
         "Mountpoint": "/",
         "CanMount": "on",
         "BootFS": true,
         "LastUsed": 1577736000
      },
      {
         "Name": "rpool/ROOT/ubuntu_1234@manual_20191230-2200",
         "IsSnapshot": true,
         "Mountpoint": "/",
         "CanMount": "on",
         "BootFS": true,
         "LastUsed": 1577743200
      },
      {
         "Name": "rpool/ROOT/ubuntu_1234@manual_20191231-0700",
         "IsSnapshot": true,
         "Mountpoint": "/",
         "CanMount": "on",
         "BootFS": true,
         "LastUsed": 1577775600
      },
      {
         "Name": "rpool/ROOT/ubuntu_1234@manual_20191231-0900",
         "IsSnapshot": true,
         "Mountpoint": "/",
         "CanMount": "on",
         "BootFS": true,
         "LastUsed": 1577782800
      },
      {
         "Name": "rpool/ROOT/ubuntu_1234@manual_20191231-1000",
         "IsSnapshot": true,
         "Mountpoint": "/",
         "CanMount": "on",
         "BootFS": true,
         "LastUsed": 1577786400
      },
      {
         "Name": "rpool/ROOT/ubuntu_1234@manual_20191231-1300",
         "IsSnapshot": true,
         "Mountpoint": "/",
         "CanMount": "on",
         "BootFS": true,
         "LastUsed": 1577797200
      },
      {
         "Name": "rpool/ROOT/ubuntu_1234@manual_20191231-1500",
         "IsSnapshot": true,
         "Mountpoint": "/",
         "CanMount": "on",
         "BootFS": true,
         "LastUsed": 1577804400
      },
      {
         "Name": "rpool/ROOT/ubuntu_1234@manual_20191231-2000",
         "IsSnapshot": true,
         "Mountpoint": "/",
         "CanMount": "on",
         "BootFS": true,
         "LastUsed": 1577822400
      },
      {
         "Name": "rpool/ROOT/ubuntu_1234@manual_20200101-0800",
         "IsSnapshot": true,
         "Mountpoint": "/",
         "CanMount": "on",
         "BootFS": true,
         "LastUsed": 1577865600
      },
      {
         "Name": "rpool/ROOT/ubuntu_1234@manual_20200101-0900",
         "IsSnapshot": true,
         "Mountpoint": "/",
         "CanMount": "on",
         "BootFS": true,
         "LastUsed": 1577869200
      },
      {
         "Name": "rpool/ROOT/ubuntu_1234@manual_20200101-1000",
         "IsSnapshot": true,
         "Mountpoint": "/",
         "CanMount": "on",
         "BootFS": true,
         "LastUsed": 1577872800
      },
      {
         "Name": "rpool/ROOT/ubuntu_1234@manual_20200101-1100",
         "IsSnapshot": true,
         "Mountpoint": "/",
         "CanMount": "on",
         "BootFS": true,
         "LastUsed": 1577876400
      }
   ],
   "AllUsersDatasets": [
      {
         "Name": "rpool/USERDATA/user1_abcd",
         "Mountpoint": "/home/user1",
         "CanMount": "on",
         "LastUsed": 1544444444,
         "BootfsDatasets": "rpool/ROOT/ubuntu_1234"
      },
      {
         "Name": "rpool/USERDATA/user1_abcd@manual_20191230-1530",
         "IsSnapshot": true,
         "Mountpoint": "/home/user1",
         "CanMount": "on",
         "LastUsed": 1577719800
      },
      {
         "Name": "rpool/USERDATA/user1_abcd@manual_20191230-1700",
         "IsSnapshot": true,
         "Mountpoint": "/home/user1",
         "CanMount": "on",
         "LastUsed": 1577725200
      },
      {
         "Name": "rpool/USERDATA/user1_abcd@manual_20191230-1800",
         "IsSnapshot": true,
         "Mountpoint": "/home/user1",
         "CanMount": "on",
         "LastUsed": 1577728800
      },
      {
         "Name": "rpool/USERDATA/user1_abcd@manual_20191230-1900",
         "IsSnapshot": true,
         "Mountpoint": "/home/user1",
         "CanMount": "on",
         "LastUsed": 1577732400
      },
      {
         "Name": "rpool/USERDATA/user1_abcd@manual_20191230-2000",
         "IsSnapshot": true,
         "Mountpoint": "/home/user1",
         "CanMount": "on",
         "LastUsed": 1577736000
      },
      {
         "Name": "rpool/USERDATA/user1_abcd@manual_20191230-2030",
         "IsSnapshot": true,
         "Mountpoint": "/home/user1",
         "CanMount": "on",
         "LastUsed": 1577737800
      },
      {
         "Name": "rpool/USERDATA/user1_abcd@manual_20191230-2200",
         "IsSnapshot": true,
         "Mountpoint": "/home/user1",
         "CanMount": "on",
         "LastUsed": 1577743200
      },
      {
         "Name": "rpool/USERDATA/user1_abcd@manual_20191231-0700",
         "IsSnapshot": true,
         "Mountpoint": "/home/user1",
         "CanMount": "on",
         "LastUsed": 1577775600
      },
      {
         "Name": "rpool/USERDATA/user1_abcd@manual_20191231-0900",
         "IsSnapshot": true,
         "Mountpoint": "/home/user1",
         "CanMount": "on",
         "LastUsed": 1577782800
      },
      {
         "Name": "rpool/USERDATA/user1_abcd@manual_20191231-1000",
         "IsSnapshot": true,
         "Mountpoint": "/home/user1",
         "CanMount": "on",
         "LastUsed": 1577786400
      },
      {
         "Name": "rpool/USERDATA/user1_abcd@manual_20191231-1300",
         "IsSnapshot": true,
         "Mountpoint": "/home/user1",
         "CanMount": "on",
         "LastUsed": 1577797200
      },
      {
         "Name": "rpool/USERDATA/user1_abcd@manual_20191231-1500",
         "IsSnapshot": true,
         "Mountpoint": "/home/user1",
         "CanMount": "on",
         "LastUsed": 1577804400
      },
      {
         "Name": "rpool/USERDATA/user1_abcd@manual_20191231-2000",
         "IsSnapshot": true,
         "Mountpoint": "/home/user1",
         "CanMount": "on",
         "LastUsed": 1577822400
      },
      {
         "Name": "rpool/USERDATA/user1_abcd@manual_20200101-0800",
         "IsSnapshot": true,
         "Mountpoint": "/home/user1",
         "CanMount": "on",
         "LastUsed": 1577865600
      },
      {
         "Name": "rpool/USERDATA/user1_abcd@manual_20200101-0900",
         "IsSnapshot": true,
         "Mountpoint": "/home/user1",
         "CanMount": "on",
         "LastUsed": 1577869200
      },
      {
         "Name": "rpool/USERDATA/user1_abcd@manual_20200101-1000",
         "IsSnapshot": true,
         "Mountpoint": "/home/user1",
         "CanMount": "on",
         "LastUsed": 1577872800
      },
      {
         "Name": "rpool/USERDATA/user1_abcd@manual_20200101-1100",
         "IsSnapshot": true,
         "Mountpoint": "/home/user1",
         "CanMount": "on",
         "LastUsed": 1577876400
      },
      {
         "Name": "rpool/USERDATA/user2_bcde",
         "Mountpoint": "/home/user2",
         "CanMount": "on",
         "LastUsed": 1533333333,
         "BootfsDatasets": "rpool/ROOT/ubuntu_1234"
      },
      {
         "Name": "rpool/USERDATA/user2_bcde@manual_20191230-1700",
         "IsSnapshot": true,
         "Mountpoint": "/home/user2",
         "CanMount": "on",
         "LastUsed": 1577725200
      },
      {
         "Name": "rpool/USERDATA/user2_bcde@manual_20191230-1800",
         "IsSnapshot": true,
         "Mountpoint": "/home/user2",
         "CanMount": "on",
         "LastUsed": 1577728800
      },
      {
         "Name": "rpool/USERDATA/user2_bcde@manual_20191230-1930",
         "IsSnapshot": true,
         "Mountpoint": "/home/user2",
         "CanMount": "on",
         "LastUsed": 1577734200
      },
      {
         "Name": "rpool/USERDATA/user2_bcde@manual_20191230-2000",
         "IsSnapshot": true,
         "Mountpoint": "/home/user2",
         "CanMount": "on",
         "LastUsed": 1577736000
      },
      {
         "Name": "rpool/USERDATA/user2_bcde@manual_20191230-2030",
         "IsSnapshot": true,
         "Mountpoint": "/home/user2",
         "CanMount": "on",
         "LastUsed": 1577737800
      },
      {
         "Name": "rpool/USERDATA/user2_bcde@manual_20191230-2200",
         "IsSnapshot": true,
         "Mountpoint": "/home/user2",
         "CanMount": "on",
         "LastUsed": 1577743200
      },
      {
         "Name": "rpool/USERDATA/user2_bcde@manual_20191231-0700",
         "IsSnapshot": true,
         "Mountpoint": "/home/user2",
         "CanMount": "on",
         "LastUsed": 1577775600
      },
      {
         "Name": "rpool/USERDATA/user2_bcde@manual_20191231-0900",
         "IsSnapshot": true,
         "Mountpoint": "/home/user2",
         "CanMount": "on",
         "LastUsed": 1577782800
      },
      {
         "Name": "rpool/USERDATA/user2_bcde@manual_20191231-1000",
         "IsSnapshot": true,
         "Mountpoint": "/home/user2",
         "CanMount": "on",
         "LastUsed": 1577786400
      },
      {
         "Name": "rpool/USERDATA/user2_bcde@manual_20191231-1300",
         "IsSnapshot": true,
         "Mountpoint": "/home/user2",
         "CanMount": "on",
         "LastUsed": 1577797200
      },
      {
         "Name": "rpool/USERDATA/user2_bcde@manual_20191231-1500",
         "IsSnapshot": true,
         "Mountpoint": "/home/user2",
         "CanMount": "on",
         "LastUsed": 1577804400
      },
      {
         "Name": "rpool/USERDATA/user2_bcde@manual_20191231-2000",
         "IsSnapshot": true,
         "Mountpoint": "/home/user2",
         "CanMount": "on",
         "LastUsed": 1577822400
      },
      {
         "Name": "rpool/USERDATA/user2_bcde@manual_20200101-0800",
         "IsSnapshot": true,
         "Mountpoint": "/home/user2",
         "CanMount": "on",
         "LastUsed": 1577865600
      },
      {
         "Name": "rpool/USERDATA/user2_bcde@manual_20200101-0900",
         "IsSnapshot": true,
         "Mountpoint": "/home/user2",
         "CanMount": "on",
         "LastUsed": 1577869200
      },
      {
         "Name": "rpool/USERDATA/user2_bcde@manual_20200101-1000",
         "IsSnapshot": true,
         "Mountpoint": "/home/user2",
         "CanMount": "on",
         "LastUsed": 1577872800
      },
      {
         "Name": "rpool/USERDATA/user2_bcde@manual_20200101-1100",
         "IsSnapshot": true,
         "Mountpoint": "/home/user2",
         "CanMount": "on",
         "LastUsed": 1577876400
      }
   ],
   "UnmanagedDatasets": [
      {
         "Name": "rpool",
         "Mountpoint": "/",
         "CanMount": "off"
      },
      {
         "Name": "rpool/ROOT",
         "Mountpoint": "/ROOT",
         "CanMount": "off"
      },
      {
         "Name": "rpool/USERDATA",
         "Mountpoint": "/USERDATA",
         "CanMount": "off"
      }
   ]
}