[
   {
      "Name": "rpool",
      "Mountpoint": "/",
      "CanMount": "off",
      "Sources": {
         "Mountpoint": "local",
         "BootFS": "none",
         "LastUsed": "none",
         "SystemDataset": "none"
      }
   },
   {
      "Name": "rpool/ROOT",
      "Mountpoint": "/ROOT",
      "CanMount": "off",
      "Sources": {
         "Mountpoint": "inherited",
         "BootFS": "none",
         "LastUsed": "none",
         "SystemDataset": "none"
      }
   },
   {
      "Name": "rpool/ROOT/ubuntu",
      "Mountpoint": "/",
      "CanMount": "on",
      "BootFS": "yes",
      "LastUsed": 1555555555,
      "Sources": {
         "Mountpoint": "local",
         "BootFS": "local",
         "LastUsed": "local",
         "SystemDataset": "none"
      }
   },
   {
      "Name": "rpool/ROOT/ubuntu/opt",
      "Mountpoint": "/opt",
      "CanMount": "on",
      "BootFS": "yes",
      "LastUsed": 1555555555,
      "Sources": {
         "Mountpoint": "inherited",
         "BootFS": "rpool/ROOT/ubuntu",
         "LastUsed": "rpool/ROOT/ubuntu",
         "SystemDataset": "none"
      }
   },
   {
      "Name": "rpool/ROOT/ubuntu/var",
      "Mountpoint": "/var",
      "CanMount": "on",
      "BootFS": "yes",
      "LastUsed": 1555555555,
      "Sources": {
         "Mountpoint": "inherited",
         "BootFS": "rpool/ROOT/ubuntu",
         "LastUsed": "rpool/ROOT/ubuntu",
         "SystemDataset": "none"
      }
   },
   {
      "Name": "rpool/ROOT/ubuntu/var/lib",
      "Mountpoint": "/var/lib",
      "CanMount": "on",
      "BootFS": "yes",
      "LastUsed": 1555555555,
      "Sources": {
         "Mountpoint": "inherited",
         "BootFS": "rpool/ROOT/ubuntu",
         "LastUsed": "rpool/ROOT/ubuntu",
         "SystemDataset": "none"
      }
   },
   {
      "Name": "rpool/ROOT/ubuntu2",
      "Mountpoint": "/",
      "CanMount": "on",
      "LastUsed": 1544444444,
      "Sources": {
         "Mountpoint": "local",
         "BootFS": "none",
         "LastUsed": "local",
         "SystemDataset": "none"
      }
   }
]