{
   "All": {
      "rpool/ROOT/ubuntu_1234": {
         "ID": "rpool/ROOT/ubuntu_1234",
         "IsZsys": true,
         "LastUsed": "2019-04-18T04:45:55+02:00",
         "SystemDatasets": {
            "bpool/BOOT/ubuntu_1234": [
               {
                  "Name": "bpool/BOOT/ubuntu_1234",
                  "Mountpoint": "/boot",
                  "CanMount": "noauto"
               }
            ],
            "rpool/ROOT/ubuntu_1234": [
               {
                  "Name": "rpool/ROOT/ubuntu_1234",
                  "Mountpoint": "/",
                  "CanMount": "noauto",
                  "BootFS": true,
                  "LastUsed": 1555555555
               }
            ]
         }
      },
      "rpool/ROOT/ubuntu_5678": {
         "ID": "rpool/ROOT/ubuntu_5678",
         "IsZsys": true,
         "LastUsed": "2018-12-10T13:20:44+01:00",
         "SystemDatasets": {
            "bpool/BOOT/ubuntu_5678": [
               {
                  "Name": "bpool/BOOT/ubuntu_5678",
                  "Mountpoint": "/boot",
                  "CanMount": "on"
               }
            ],
            "rpool/ROOT/ubuntu_5678": [
               {
                  "Name": "rpool/ROOT/ubuntu_5678",
                  "Mountpoint": "/",
                  "CanMount": "on",
                  "BootFS": true,
                  "LastUsed": 1544444444
               }
            ]
         }
      }
   },
   "Cmdline": "aaaaa bbbbb root=ZFS=rpool/ROOT/ubuntu_5678 ccccc",
   "Current": {
      "ID": "rpool/ROOT/ubuntu_5678",
      "IsZsys": true,
      "LastUsed": "2018-12-10T13:20:44+01:00",
      "SystemDatasets": {
         "bpool/BOOT/ubuntu_5678": [
            {
               "Name": "bpool/BOOT/ubuntu_5678",
               "Mountpoint": "/boot",
               "CanMount": "on"
            }
         ],
         "rpool/ROOT/ubuntu_5678": [
            {
               "Name": "rpool/ROOT/ubuntu_5678",
               "Mountpoint": "/",
               "CanMount": "on",
               "BootFS": true,
               "LastUsed": 1544444444
            }
         ]
      }
   },
   "AllSystemDatasets": [
      {
         "Name": "bpool/BOOT/ubuntu_1234",
         "Mountpoint": "/boot",
         "CanMount": "noauto"
      },
      {
         "Name": "bpool/BOOT/ubuntu_5678",
         "Mountpoint": "/boot",
         "CanMount": "on"
      },
      {
         "Name": "rpool/ROOT/ubuntu_1234",
         "Mountpoint": "/",
         "CanMount": "noauto",
         "BootFS": true,
         "LastUsed": 1555555555
      },
      {
         "Name": "rpool/ROOT/ubuntu_5678",
         "Mountpoint": "/",
         "CanMount": "on",
         "BootFS": true,
         "LastUsed": 1544444444
      }
   ]
}